stm32f1xx_it.c:76:6:NMI_Handler	4	static
stm32f1xx_it.c:89:6:HardFault_Handler	4	static
stm32f1xx_it.c:104:6:MemManage_Handler	4	static
stm32f1xx_it.c:119:6:BusFault_Handler	4	static
stm32f1xx_it.c:134:6:UsageFault_Handler	4	static
stm32f1xx_it.c:149:6:DebugMon_Handler	4	static
stm32f1xx_it.c:162:6:SysTick_Handler	8	static
stm32f1xx_it.c:191:6:DMA1_Channel4_IRQHandler	8	static
stm32f1xx_it.c:205:6:DMA1_Channel5_IRQHandler	8	static
stm32f1xx_it.c:219:6:DMA1_Channel6_IRQHandler	8	static
stm32f1xx_it.c:233:6:DMA1_Channel7_IRQHandler	8	static
stm32f1xx_it.c:247:6:USART1_IRQHandler	8	static
stm32f1xx_it.c:261:6:EXTI15_10_IRQHandler	8	static
