Archive member included to satisfy reference by file (symbol)

/Applications/STM32CubeIDE.app/Contents/Eclipse/plugins/com.st.stm32cube.ide.mcu.externaltools.gnu-tools-for-stm32.7-2018-q2-update.macos64_1.0.0.201904181610/tools/bin/../lib/gcc/arm-none-eabi/7.3.1/../../../../arm-none-eabi/lib/thumb/v7-m/libc_nano.a(lib_a-errno.o)
                              Core/Src/syscalls.o (__errno)
/Applications/STM32CubeIDE.app/Contents/Eclipse/plugins/com.st.stm32cube.ide.mcu.externaltools.gnu-tools-for-stm32.7-2018-q2-update.macos64_1.0.0.201904181610/tools/bin/../lib/gcc/arm-none-eabi/7.3.1/../../../../arm-none-eabi/lib/thumb/v7-m/libc_nano.a(lib_a-exit.o)
                              /Applications/STM32CubeIDE.app/Contents/Eclipse/plugins/com.st.stm32cube.ide.mcu.externaltools.gnu-tools-for-stm32.7-2018-q2-update.macos64_1.0.0.201904181610/tools/bin/../lib/gcc/arm-none-eabi/7.3.1/../../../../arm-none-eabi/lib/thumb/v7-m/crt0.o (exit)
/Applications/STM32CubeIDE.app/Contents/Eclipse/plugins/com.st.stm32cube.ide.mcu.externaltools.gnu-tools-for-stm32.7-2018-q2-update.macos64_1.0.0.201904181610/tools/bin/../lib/gcc/arm-none-eabi/7.3.1/../../../../arm-none-eabi/lib/thumb/v7-m/libc_nano.a(lib_a-impure.o)
                              /Applications/STM32CubeIDE.app/Contents/Eclipse/plugins/com.st.stm32cube.ide.mcu.externaltools.gnu-tools-for-stm32.7-2018-q2-update.macos64_1.0.0.201904181610/tools/bin/../lib/gcc/arm-none-eabi/7.3.1/../../../../arm-none-eabi/lib/thumb/v7-m/libc_nano.a(lib_a-exit.o) (_global_impure_ptr)
/Applications/STM32CubeIDE.app/Contents/Eclipse/plugins/com.st.stm32cube.ide.mcu.externaltools.gnu-tools-for-stm32.7-2018-q2-update.macos64_1.0.0.201904181610/tools/bin/../lib/gcc/arm-none-eabi/7.3.1/../../../../arm-none-eabi/lib/thumb/v7-m/libc_nano.a(lib_a-init.o)
                              /Applications/STM32CubeIDE.app/Contents/Eclipse/plugins/com.st.stm32cube.ide.mcu.externaltools.gnu-tools-for-stm32.7-2018-q2-update.macos64_1.0.0.201904181610/tools/bin/../lib/gcc/arm-none-eabi/7.3.1/../../../../arm-none-eabi/lib/thumb/v7-m/crt0.o (__libc_init_array)
/Applications/STM32CubeIDE.app/Contents/Eclipse/plugins/com.st.stm32cube.ide.mcu.externaltools.gnu-tools-for-stm32.7-2018-q2-update.macos64_1.0.0.201904181610/tools/bin/../lib/gcc/arm-none-eabi/7.3.1/../../../../arm-none-eabi/lib/thumb/v7-m/libc_nano.a(lib_a-memcpy-stub.o)
                              Middlewares/Third_Party/FreeRTOS/Source/queue.o (memcpy)
/Applications/STM32CubeIDE.app/Contents/Eclipse/plugins/com.st.stm32cube.ide.mcu.externaltools.gnu-tools-for-stm32.7-2018-q2-update.macos64_1.0.0.201904181610/tools/bin/../lib/gcc/arm-none-eabi/7.3.1/../../../../arm-none-eabi/lib/thumb/v7-m/libc_nano.a(lib_a-memset.o)
                              /Applications/STM32CubeIDE.app/Contents/Eclipse/plugins/com.st.stm32cube.ide.mcu.externaltools.gnu-tools-for-stm32.7-2018-q2-update.macos64_1.0.0.201904181610/tools/bin/../lib/gcc/arm-none-eabi/7.3.1/../../../../arm-none-eabi/lib/thumb/v7-m/crt0.o (memset)
/Applications/STM32CubeIDE.app/Contents/Eclipse/plugins/com.st.stm32cube.ide.mcu.externaltools.gnu-tools-for-stm32.7-2018-q2-update.macos64_1.0.0.201904181610/tools/bin/../lib/gcc/arm-none-eabi/7.3.1/../../../../arm-none-eabi/lib/thumb/v7-m/libm.a(lib_a-sf_cos.o)
                              Core/Src/mpu9250.o (cosf)
/Applications/STM32CubeIDE.app/Contents/Eclipse/plugins/com.st.stm32cube.ide.mcu.externaltools.gnu-tools-for-stm32.7-2018-q2-update.macos64_1.0.0.201904181610/tools/bin/../lib/gcc/arm-none-eabi/7.3.1/../../../../arm-none-eabi/lib/thumb/v7-m/libm.a(lib_a-sf_sin.o)
                              Core/Src/mpu9250.o (sinf)
/Applications/STM32CubeIDE.app/Contents/Eclipse/plugins/com.st.stm32cube.ide.mcu.externaltools.gnu-tools-for-stm32.7-2018-q2-update.macos64_1.0.0.201904181610/tools/bin/../lib/gcc/arm-none-eabi/7.3.1/../../../../arm-none-eabi/lib/thumb/v7-m/libm.a(lib_a-w_sqrt.o)
                              Core/Src/MadgwickAHRS.o (sqrt)
/Applications/STM32CubeIDE.app/Contents/Eclipse/plugins/com.st.stm32cube.ide.mcu.externaltools.gnu-tools-for-stm32.7-2018-q2-update.macos64_1.0.0.201904181610/tools/bin/../lib/gcc/arm-none-eabi/7.3.1/../../../../arm-none-eabi/lib/thumb/v7-m/libm.a(lib_a-wf_asin.o)
                              Core/Src/mpu9250.o (asinf)
/Applications/STM32CubeIDE.app/Contents/Eclipse/plugins/com.st.stm32cube.ide.mcu.externaltools.gnu-tools-for-stm32.7-2018-q2-update.macos64_1.0.0.201904181610/tools/bin/../lib/gcc/arm-none-eabi/7.3.1/../../../../arm-none-eabi/lib/thumb/v7-m/libm.a(lib_a-wf_atan2.o)
                              Core/Src/mpu9250.o (atan2f)
/Applications/STM32CubeIDE.app/Contents/Eclipse/plugins/com.st.stm32cube.ide.mcu.externaltools.gnu-tools-for-stm32.7-2018-q2-update.macos64_1.0.0.201904181610/tools/bin/../lib/gcc/arm-none-eabi/7.3.1/../../../../arm-none-eabi/lib/thumb/v7-m/libm.a(lib_a-wf_pow.o)
                              Core/Src/mpu9250.o (powf)
[...]
Memory Configuration

Name             Origin             Length             Attributes
RAM              0x0000000020000000 0x0000000000005000 xrw
FLASH            0x0000000008000000 0x0000000000020000 xr
*default*        0x0000000000000000 0xffffffffffffffff

Linker script and memory map

LOAD /Applications/STM32CubeIDE.app/Contents/Eclipse/plugins/com.st.stm32cube.ide.mcu.externaltools.gnu-tools-for-stm32.7-2018-q2-update.macos64_1.0.0.201904181610/tools/bin/../lib/gcc/arm-none-eabi/7.3.1/thumb/v7-m/crti.o
LOAD /Applications/STM32CubeIDE.app/Contents/Eclipse/plugins/com.st.stm32cube.ide.mcu.externaltools.gnu-tools-for-stm32.7-2018-q2-update.macos64_1.0.0.201904181610/tools/bin/../lib/gcc/arm-none-eabi/7.3.1/thumb/v7-m/crtbegin.o
LOAD /Applications/STM32CubeIDE.app/Contents/Eclipse/plugins/com.st.stm32cube.ide.mcu.externaltools.gnu-tools-for-stm32.7-2018-q2-update.macos64_1.0.0.201904181610/tools/bin/../lib/gcc/arm-none-eabi/7.3.1/../../../../arm-none-eabi/lib/thumb/v7-m/crt0.o
LOAD Core/Src/MadgwickAHRS.o
LOAD Core/Src/MahonyAHRS.o
LOAD Core/Src/crc.o
LOAD Core/Src/dma.o
LOAD Core/Src/freertos.o
LOAD Core/Src/gpio.o
LOAD Core/Src/hc05.o
LOAD Core/Src/i2c.o
LOAD Core/Src/kalman.o
LOAD Core/Src/main.o
LOAD Core/Src/mpu9250.o
LOAD Core/Src/stm32f1xx_hal_msp.o
LOAD Core/Src/stm32f1xx_it.o
LOAD Core/Src/sys.o
LOAD Core/Src/syscalls.o
LOAD Core/Src/sysmem.o
LOAD Core/Src/system_stm32f1xx.o
LOAD Core/Src/usart.o
LOAD Core/Startup/startup_stm32f103rbtx.o
LOAD Drivers/STM32F1xx_HAL_Driver/Src/stm32f1xx_hal.o
LOAD Drivers/STM32F1xx_HAL_Driver/Src/stm32f1xx_hal_cortex.o
LOAD Drivers/STM32F1xx_HAL_Driver/Src/stm32f1xx_hal_dma.o
LOAD Drivers/STM32F1xx_HAL_Driver/Src/stm32f1xx_hal_exti.o
LOAD Drivers/STM32F1xx_HAL_Driver/Src/stm32f1xx_hal_flash.o
LOAD Drivers/STM32F1xx_HAL_Driver/Src/stm32f1xx_hal_flash_ex.o
LOAD Drivers/STM32F1xx_HAL_Driver/Src/stm32f1xx_hal_gpio.o
LOAD Drivers/STM32F1xx_HAL_Driver/Src/stm32f1xx_hal_gpio_ex.o
LOAD Drivers/STM32F1xx_HAL_Driver/Src/stm32f1xx_hal_i2c.o
LOAD Drivers/STM32F1xx_HAL_Driver/Src/stm32f1xx_hal_pwr.o
LOAD Drivers/STM32F1xx_HAL_Driver/Src/stm32f1xx_hal_rcc.o
LOAD Drivers/STM32F1xx_HAL_Driver/Src/stm32f1xx_hal_rcc_ex.o
LOAD Drivers/STM32F1xx_HAL_Driver/Src/stm32f1xx_hal_tim.o
LOAD Drivers/STM32F1xx_HAL_Driver/Src/stm32f1xx_hal_tim_ex.o
LOAD Drivers/STM32F1xx_HAL_Driver/Src/stm32f1xx_hal_uart.o
LOAD Middlewares/Third_Party/FreeRTOS/Source/CMSIS_RTOS/cmsis_os.o
LOAD Middlewares/Third_Party/FreeRTOS/Source/croutine.o
LOAD Middlewares/Third_Party/FreeRTOS/Source/event_groups.o
LOAD Middlewares/Third_Party/FreeRTOS/Source/list.o
LOAD Middlewares/Third_Party/FreeRTOS/Source/queue.o
LOAD Middlewares/Third_Party/FreeRTOS/Source/stream_buffer.o
LOAD Middlewares/Third_Party/FreeRTOS/Source/tasks.o
LOAD Middlewares/Third_Party/FreeRTOS/Source/timers.o
LOAD Middlewares/Third_Party/FreeRTOS/Source/portable/GCC/ARM_CM3/port.o
LOAD Middlewares/Third_Party/FreeRTOS/Source/portable/MemMang/heap_4.o
START GROUP
LOAD /Applications/STM32CubeIDE.app/Contents/Eclipse/plugins/com.st.stm32cube.ide.mcu.externaltools.gnu-tools-for-stm32.7-2018-q2-update.macos64_1.0.0.201904181610/tools/bin/../lib/gcc/arm-none-eabi/7.3.1/../../../../arm-none-eabi/lib/thumb/v7-m/libc_nano.a
LOAD /Applications/STM32CubeIDE.app/Contents/Eclipse/plugins/com.st.stm32cube.ide.mcu.externaltools.gnu-tools-for-stm32.7-2018-q2-update.macos64_1.0.0.201904181610/tools/bin/../lib/gcc/arm-none-eabi/7.3.1/../../../../arm-none-eabi/lib/thumb/v7-m/libm.a
END GROUP
START GROUP
LOAD /Applications/STM32CubeIDE.app/Contents/Eclipse/plugins/com.st.stm32cube.ide.mcu.externaltools.gnu-tools-for-stm32.7-2018-q2-update.macos64_1.0.0.201904181610/tools/bin/../lib/gcc/arm-none-eabi/7.3.1/thumb/v7-m/libgcc.a
LOAD /Applications/STM32CubeIDE.app/Contents/Eclipse/plugins/com.st.stm32cube.ide.mcu.externaltools.gnu-tools-for-stm32.7-2018-q2-update.macos64_1.0.0.201904181610/tools/bin/../lib/gcc/arm-none-eabi/7.3.1/../../../../arm-none-eabi/lib/thumb/v7-m/libc_nano.a
END GROUP
START GROUP
LOAD /Applications/STM32CubeIDE.app/Contents/Eclipse/plugins/com.st.stm32cube.ide.mcu.externaltools.gnu-tools-for-stm32.7-2018-q2-update.macos64_1.0.0.201904181610/tools/bin/../lib/gcc/arm-none-eabi/7.3.1/thumb/v7-m/libgcc.a
LOAD /Applications/STM32CubeIDE.app/Contents/Eclipse/plugins/com.st.stm32cube.ide.mcu.externaltools.gnu-tools-for-stm32.7-2018-q2-update.macos64_1.0.0.201904181610/tools/bin/../lib/gcc/arm-none-eabi/7.3.1/../../../../arm-none-eabi/lib/thumb/v7-m/libc_nano.a
LOAD /Applications/STM32CubeIDE.app/Contents/Eclipse/plugins/com.st.stm32cube.ide.mcu.externaltools.gnu-tools-for-stm32.7-2018-q2-update.macos64_1.0.0.201904181610/tools/bin/../lib/gcc/arm-none-eabi/7.3.1/../../../../arm-none-eabi/lib/thumb/v7-m/libnosys.a
END GROUP
START GROUP
LOAD /Applications/STM32CubeIDE.app/Contents/Eclipse/plugins/com.st.stm32cube.ide.mcu.externaltools.gnu-tools-for-stm32.7-2018-q2-update.macos64_1.0.0.201904181610/tools/bin/../lib/gcc/arm-none-eabi/7.3.1/thumb/v7-m/libgcc.a
LOAD /Applications/STM32CubeIDE.app/Contents/Eclipse/plugins/com.st.stm32cube.ide.mcu.externaltools.gnu-tools-for-stm32.7-2018-q2-update.macos64_1.0.0.201904181610/tools/bin/../lib/gcc/arm-none-eabi/7.3.1/../../../../arm-none-eabi/lib/thumb/v7-m/libc_nano.a
LOAD /Applications/STM32CubeIDE.app/Contents/Eclipse/plugins/com.st.stm32cube.ide.mcu.externaltools.gnu-tools-for-stm32.7-2018-q2-update.macos64_1.0.0.201904181610/tools/bin/../lib/gcc/arm-none-eabi/7.3.1/../../../../arm-none-eabi/lib/thumb/v7-m/libnosys.a
END GROUP
LOAD /Applications/STM32CubeIDE.app/Contents/Eclipse/plugins/com.st.stm32cube.ide.mcu.externaltools.gnu-tools-for-stm32.7-2018-q2-update.macos64_1.0.0.201904181610/tools/bin/../lib/gcc/arm-none-eabi/7.3.1/thumb/v7-m/crtend.o
LOAD /Applications/STM32CubeIDE.app/Contents/Eclipse/plugins/com.st.stm32cube.ide.mcu.externaltools.gnu-tools-for-stm32.7-2018-q2-update.macos64_1.0.0.201904181610/tools/bin/../lib/gcc/arm-none-eabi/7.3.1/thumb/v7-m/crtn.o
                0x0000000020005000                _estack = (ORIGIN (RAM) + LENGTH (RAM))
                0x0000000000000200                _Min_Heap_Size = 0x200
                0x0000000000000400                _Min_Stack_Size = 0x400

.isr_vector     0x0000000008000000      0x10c
                0x0000000008000000                . = ALIGN (0x4)
 *(.isr_vector)
 .isr_vector    0x0000000008000000      0x10c Core/Startup/startup_stm32f103rbtx.o
                0x0000000008000000                g_pfnVectors
                0x000000000800010c                . = ALIGN (0x4)

.text           0x0000000008000110     0xc430
                0x0000000008000110                . = ALIGN (0x4)
 *(.text)
 .text          0x0000000008000110       0x40 /Applications/STM32CubeIDE.app/Contents/Eclipse/plugins/com.st.stm32cube.ide.mcu.externaltools.gnu-tools-for-stm32.7-2018-q2-update.macos64_1.0.0.201904181610/tools/bin/../lib/gcc/arm-none-eabi/7.3.1/thumb/v7-m/crtbegin.o
 .text          0x0000000008000150      0x378 /Applications/STM32CubeIDE.app/Contents/Eclipse/plugins/com.st.stm32cube.ide.mcu.externaltools.gnu-tools-for-stm32.7-2018-q2-update.macos64_1.0.0.201904181610/tools/bin/../lib/gcc/arm-none-eabi/7.3.1/thumb/v7-m/libgcc.a(_arm_addsubdf3.o)
                0x0000000008000150                __aeabi_drsub
                0x0000000008000158                __subdf3
                0x0000000008000158                __aeabi_dsub
                0x000000000800015c                __aeabi_dadd
                0x000000000800015c                __adddf3
                0x00000000080003d4                __aeabi_ui2d
                0x00000000080003d4                __floatunsidf
                0x00000000080003f4                __floatsidf
                0x00000000080003f4                __aeabi_i2d
                0x0000000008000418                __extendsfdf2
                0x0000000008000418                __aeabi_f2d
                0x000000000800045c                __aeabi_ul2d
                0x000000000800045c                __floatundidf
                0x000000000800046c                __aeabi_l2d
                0x000000000800046c                __floatdidf
 .text          0x00000000080004c8      0x424 /Applications/STM32CubeIDE.app/Contents/Eclipse/plugins/com.st.stm32cube.ide.mcu.externaltools.gnu-tools-for-stm32.7-2018-q2-update.macos64_1.0.0.201904181610/tools/bin/../lib/gcc/arm-none-eabi/7.3.1/thumb/v7-m/libgcc.a(_arm_muldivdf3.o)
                0x00000000080004c8                __aeabi_dmul
                0x00000000080004c8                __muldf3
                0x000000000800071c                __aeabi_ddiv
                0x000000000800071c                __divdf3
 .text          0x00000000080008ec      0x110 /Applications/STM32CubeIDE.app/Contents/Eclipse/plugins/com.st.stm32cube.ide.mcu.externaltools.gnu-tools-for-stm32.7-2018-q2-update.macos64_1.0.0.201904181610/tools/bin/../lib/gcc/arm-none-eabi/7.3.1/thumb/v7-m/libgcc.a(_arm_cmpdf2.o)
                0x00000000080008ec                __gedf2
                0x00000000080008ec                __gtdf2
                0x00000000080008f4                __ledf2
                0x00000000080008f4                __ltdf2
                0x00000000080008fc                __cmpdf2
                0x00000000080008fc                __eqdf2
                0x00000000080008fc                __nedf2
                0x0000000008000978                __aeabi_cdrcmple
                0x0000000008000988                __aeabi_cdcmple
                0x0000000008000988                __aeabi_cdcmpeq
                0x0000000008000998                __aeabi_dcmpeq
                0x00000000080009ac                __aeabi_dcmplt
                0x00000000080009c0                __aeabi_dcmple
                0x00000000080009d4                __aeabi_dcmpge
                0x00000000080009e8                __aeabi_dcmpgt
 .text          0x00000000080009fc       0x2c /Applications/STM32CubeIDE.app/Contents/Eclipse/plugins/com.st.stm32cube.ide.mcu.externaltools.gnu-tools-for-stm32.7-2018-q2-update.macos64_1.0.0.201904181610/tools/bin/../lib/gcc/arm-none-eabi/7.3.1/thumb/v7-m/libgcc.a(_arm_unorddf2.o)
                0x00000000080009fc                __aeabi_dcmpun
                0x00000000080009fc                __unorddf2
 .text          0x0000000008000a28       0xa0 /Applications/STM32CubeIDE.app/Contents/Eclipse/plugins/com.st.stm32cube.ide.mcu.externaltools.gnu-tools-for-stm32.7-2018-q2-update.macos64_1.0.0.201904181610/tools/bin/../lib/gcc/arm-none-eabi/7.3.1/thumb/v7-m/libgcc.a(_arm_truncdfsf2.o)
                0x0000000008000a28                __aeabi_d2f
                0x0000000008000a28                __truncdfsf2
 .text          0x0000000008000ac8      0x21c /Applications/STM32CubeIDE.app/Contents/Eclipse/plugins/com.st.stm32cube.ide.mcu.externaltools.gnu-tools-for-stm32.7-2018-q2-update.macos64_1.0.0.201904181610/tools/bin/../lib/gcc/arm-none-eabi/7.3.1/thumb/v7-m/libgcc.a(_arm_addsubsf3.o)
                0x0000000008000ac8                __aeabi_frsub
                0x0000000008000ad0                __aeabi_fsub
                0x0000000008000ad0                __subsf3
                0x0000000008000ad4                __aeabi_fadd
                0x0000000008000ad4                __addsf3
                0x0000000008000c34                __aeabi_ui2f
                0x0000000008000c34                __floatunsisf
                0x0000000008000c3c                __floatsisf
                0x0000000008000c3c                __aeabi_i2f
                0x0000000008000c58                __aeabi_ul2f
                0x0000000008000c58                __floatundisf
                0x0000000008000c68                __aeabi_l2f
                0x0000000008000c68                __floatdisf
 .text          0x0000000008000ce4      0x2a0 /Applications/STM32CubeIDE.app/Contents/Eclipse/plugins/com.st.stm32cube.ide.mcu.externaltools.gnu-tools-for-stm32.7-2018-q2-update.macos64_1.0.0.201904181610/tools/bin/../lib/gcc/arm-none-eabi/7.3.1/thumb/v7-m/libgcc.a(_arm_muldivsf3.o)
                0x0000000008000ce4                __mulsf3
                0x0000000008000ce4                __aeabi_fmul
                0x0000000008000e4c                __divsf3
                0x0000000008000e4c                __aeabi_fdiv
 .text          0x0000000008000f84       0xec /Applications/STM32CubeIDE.app/Contents/Eclipse/plugins/com.st.stm32cube.ide.mcu.externaltools.gnu-tools-for-stm32.7-2018-q2-update.macos64_1.0.0.201904181610/tools/bin/../lib/gcc/arm-none-eabi/7.3.1/thumb/v7-m/libgcc.a(_arm_cmpsf2.o)
                0x0000000008000f84                __gesf2
                0x0000000008000f84                __gtsf2
                0x0000000008000f8c                __ltsf2
                0x0000000008000f8c                __lesf2
                0x0000000008000f94                __nesf2
                0x0000000008000f94                __eqsf2
                0x0000000008000f94                __cmpsf2
                0x0000000008000ff4                __aeabi_cfrcmple
                0x0000000008000ffc                __aeabi_cfcmpeq
                0x0000000008000ffc                __aeabi_cfcmple
                0x000000000800100c                __aeabi_fcmpeq
                0x0000000008001020                __aeabi_fcmplt
                0x0000000008001034                __aeabi_fcmple
                0x0000000008001048                __aeabi_fcmpge
                0x000000000800105c                __aeabi_fcmpgt
 .text          0x0000000008001070       0x2c /Applications/STM32CubeIDE.app/Contents/Eclipse/plugins/com.st.stm32cube.ide.mcu.externaltools.gnu-tools-for-stm32.7-2018-q2-update.macos64_1.0.0.201904181610/tools/bin/../lib/gcc/arm-none-eabi/7.3.1/thumb/v7-m/libgcc.a(_arm_unordsf2.o)
                0x0000000008001070                __aeabi_fcmpun
                0x0000000008001070                __unordsf2
 .text          0x000000000800109c       0x4c /Applications/STM32CubeIDE.app/Contents/Eclipse/plugins/com.st.stm32cube.ide.mcu.externaltools.gnu-tools-for-stm32.7-2018-q2-update.macos64_1.0.0.201904181610/tools/bin/../lib/gcc/arm-none-eabi/7.3.1/thumb/v7-m/libgcc.a(_arm_fixsfsi.o)
                0x000000000800109c                __fixsfsi
                0x000000000800109c                __aeabi_f2iz
 *(.text*)
 .text.MadgwickAHRSupdate
                0x00000000080010e8     0x1380 Core/Src/MadgwickAHRS.o
                0x00000000080010e8                MadgwickAHRSupdate
 .text.MadgwickAHRSupdateIMU
                0x0000000008002468      0x7b8 Core/Src/MadgwickAHRS.o
                0x0000000008002468                MadgwickAHRSupdateIMU
 .text.invSqrt  0x0000000008002c20       0x78 Core/Src/MadgwickAHRS.o
                0x0000000008002c20                invSqrt
 .text.CRC8_SingleByte
                0x0000000008002c98       0x54 Core/Src/crc.o
                0x0000000008002c98                CRC8_SingleByte
 .text.CRC8_DataArray
                0x0000000008002cec       0x44 Core/Src/crc.o
                0x0000000008002cec                CRC8_DataArray
 .text.MX_DMA_Init
                0x0000000008002d30       0x6c Core/Src/dma.o
                0x0000000008002d30                MX_DMA_Init
 .text.vApplicationGetIdleTaskMemory
                0x0000000008002d9c       0x30 Core/Src/freertos.o
                0x0000000008002d9c                vApplicationGetIdleTaskMemory
 .text.MX_FREERTOS_Init
                0x0000000008002dcc       0x68 Core/Src/freertos.o
                0x0000000008002dcc                MX_FREERTOS_Init
 .text.Start_USART_Task
                0x0000000008002e34       0x94 Core/Src/freertos.o
                0x0000000008002e34                Start_USART_Task
 .text.Start_IMU_Task
                0x0000000008002ec8      0x468 Core/Src/freertos.o
                0x0000000008002ec8                Start_IMU_Task
 .text.HAL_UART_RxCpltCallback
                0x0000000008003330       0x64 Core/Src/freertos.o
                0x0000000008003330                HAL_UART_RxCpltCallback
 .text.MX_GPIO_Init
                0x0000000008003394       0xdc Core/Src/gpio.o
                0x0000000008003394                MX_GPIO_Init
 .text.HC05_Divide_int16
                0x0000000008003470       0x3a Core/Src/hc05.o
                0x0000000008003470                HC05_Divide_int16
 .text.HC05_Merge_bytes
                0x00000000080034aa       0x46 Core/Src/hc05.o
                0x00000000080034aa                HC05_Merge_bytes
 .text.HC05_Fill_Data_frame_to_PC
                0x00000000080034f0      0x2f0 Core/Src/hc05.o
                0x00000000080034f0                HC05_Fill_Data_frame_to_PC
 .text.HC05_Parse_Data_frame
                0x00000000080037e0       0xb6 Core/Src/hc05.o
                0x00000000080037e0                HC05_Parse_Data_frame
 *fill*         0x0000000008003896        0x2 
 .text.MX_I2C1_Init
                0x0000000008003898       0x5c Core/Src/i2c.o
                0x0000000008003898                MX_I2C1_Init
 .text.HAL_I2C_MspInit
                0x00000000080038f4      0x124 Core/Src/i2c.o
                0x00000000080038f4                HAL_I2C_MspInit
 .text.Kalman_filter_init
                0x0000000008003a18       0xfe Core/Src/kalman.o
                0x0000000008003a18                Kalman_filter_init
 *fill*         0x0000000008003b16        0x2 
 .text.Kalman_filter_calculate
                0x0000000008003b18      0x4c8 Core/Src/kalman.o
                0x0000000008003b18                Kalman_filter_calculate
 .text.main     0x0000000008003fe0       0x26 Core/Src/main.o
                0x0000000008003fe0                main
 .text.SystemClock_Config
                0x0000000008004006       0x82 Core/Src/main.o
                0x0000000008004006                SystemClock_Config
 .text.Error_Handler
                0x0000000008004088        0xc Core/Src/main.o
                0x0000000008004088                Error_Handler
 .text.MPU9250_Accelerometer_Configuration
                0x0000000008004094       0xa4 Core/Src/mpu9250.o
                0x0000000008004094                MPU9250_Accelerometer_Configuration
 .text.MPU9250_Gyroscope_Configuration
                0x0000000008004138       0xca Core/Src/mpu9250.o
                0x0000000008004138                MPU9250_Gyroscope_Configuration
 *fill*         0x0000000008004202        0x2 
 .text.MPU9250_Magnetometer_Configuration
                0x0000000008004204      0x2bc Core/Src/mpu9250.o
                0x0000000008004204                MPU9250_Magnetometer_Configuration
 .text.MPU9250_Init
                0x00000000080044c0       0xfa Core/Src/mpu9250.o
                0x00000000080044c0                MPU9250_Init
 .text.MPU9250_Read_Accelerometer
                0x00000000080045ba      0x150 Core/Src/mpu9250.o
                0x00000000080045ba                MPU9250_Read_Accelerometer
 .text.MPU9250_Read_Gyroscope
                0x000000000800470a      0x150 Core/Src/mpu9250.o
                0x000000000800470a                MPU9250_Read_Gyroscope
 .text.MPU9250_Read_Magnetometer
                0x000000000800485a      0x1cc Core/Src/mpu9250.o
                0x000000000800485a                MPU9250_Read_Magnetometer
 *fill*         0x0000000008004a26        0x2 
 .text.MPU9250_Calibration_Acce
                0x0000000008004a28       0xe4 Core/Src/mpu9250.o
                0x0000000008004a28                MPU9250_Calibration_Acce
 .text.MPU9250_Calibration_Gyro
                0x0000000008004b0c       0xc4 Core/Src/mpu9250.o
                0x0000000008004b0c                MPU9250_Calibration_Gyro
 .text.MPU9250_Calibration_Mag
                0x0000000008004bd0      0x250 Core/Src/mpu9250.o
                0x0000000008004bd0                MPU9250_Calibration_Mag
 .text.MPU9250_Calculate_RPY
                0x0000000008004e20      0xb48 Core/Src/mpu9250.o
                0x0000000008004e20                MPU9250_Calculate_RPY
 .text.Complementary_filter
                0x0000000008005968      0x160 Core/Src/mpu9250.o
                0x0000000008005968                Complementary_filter
 .text.Kalman_filter
                0x0000000008005ac8      0x130 Core/Src/mpu9250.o
                0x0000000008005ac8                Kalman_filter
 .text.Madgwick_filter
                0x0000000008005bf8      0x298 Core/Src/mpu9250.o
                0x0000000008005bf8                Madgwick_filter
 .text.HAL_MspInit
                0x0000000008005e90       0x70 Core/Src/stm32f1xx_hal_msp.o
                0x0000000008005e90                HAL_MspInit
 .text.NMI_Handler
                0x0000000008005f00        0xc Core/Src/stm32f1xx_it.o
                0x0000000008005f00                NMI_Handler
 .text.HardFault_Handler
                0x0000000008005f0c        0x6 Core/Src/stm32f1xx_it.o
                0x0000000008005f0c                HardFault_Handler
 .text.MemManage_Handler
                0x0000000008005f12        0x6 Core/Src/stm32f1xx_it.o
                0x0000000008005f12                MemManage_Handler
 .text.BusFault_Handler
                0x0000000008005f18        0x6 Core/Src/stm32f1xx_it.o
                0x0000000008005f18                BusFault_Handler
 .text.UsageFault_Handler
                0x0000000008005f1e        0x6 Core/Src/stm32f1xx_it.o
                0x0000000008005f1e                UsageFault_Handler
 .text.DebugMon_Handler
                0x0000000008005f24        0xc Core/Src/stm32f1xx_it.o
                0x0000000008005f24                DebugMon_Handler
 .text.SysTick_Handler
                0x0000000008005f30       0x1a Core/Src/stm32f1xx_it.o
                0x0000000008005f30                SysTick_Handler
 *fill*         0x0000000008005f4a        0x2 
 .text.DMA1_Channel4_IRQHandler
                0x0000000008005f4c       0x14 Core/Src/stm32f1xx_it.o
                0x0000000008005f4c                DMA1_Channel4_IRQHandler
 .text.DMA1_Channel5_IRQHandler
                0x0000000008005f60       0x14 Core/Src/stm32f1xx_it.o
                0x0000000008005f60                DMA1_Channel5_IRQHandler
 .text.DMA1_Channel6_IRQHandler
                0x0000000008005f74       0x14 Core/Src/stm32f1xx_it.o
                0x0000000008005f74                DMA1_Channel6_IRQHandler
 .text.DMA1_Channel7_IRQHandler
                0x0000000008005f88       0x14 Core/Src/stm32f1xx_it.o
                0x0000000008005f88                DMA1_Channel7_IRQHandler
 .text.USART1_IRQHandler
                0x0000000008005f9c       0x14 Core/Src/stm32f1xx_it.o
                0x0000000008005f9c                USART1_IRQHandler
 .text.EXTI15_10_IRQHandler
                0x0000000008005fb0       0x10 Core/Src/stm32f1xx_it.o
                0x0000000008005fb0                EXTI15_10_IRQHandler
 .text.SystemInit
                0x0000000008005fc0       0x68 Core/Src/system_stm32f1xx.o
                0x0000000008005fc0                SystemInit
 .text.MX_USART1_UART_Init
                0x0000000008006028       0x54 Core/Src/usart.o
                0x0000000008006028                MX_USART1_UART_Init
 .text.HAL_UART_MspInit
                0x000000000800607c      0x154 Core/Src/usart.o
                0x000000000800607c                HAL_UART_MspInit
 .text.Reset_Handler
                0x00000000080061d0       0x48 Core/Startup/startup_stm32f103rbtx.o
                0x00000000080061d0                Reset_Handler
 .text.Default_Handler
                0x0000000008006218        0x2 Core/Startup/startup_stm32f103rbtx.o
                0x0000000008006218                USBWakeUp_IRQHandler
                0x0000000008006218                EXTI2_IRQHandler
                0x0000000008006218                TIM1_CC_IRQHandler
                0x0000000008006218                PVD_IRQHandler
                0x0000000008006218                EXTI3_IRQHandler
                0x0000000008006218                EXTI0_IRQHandler
                0x0000000008006218                I2C2_EV_IRQHandler
                0x0000000008006218                ADC1_2_IRQHandler
                0x0000000008006218                SPI1_IRQHandler
                0x0000000008006218                TAMPER_IRQHandler
                0x0000000008006218                USART3_IRQHandler
                0x0000000008006218                RTC_IRQHandler
                0x0000000008006218                CAN1_RX1_IRQHandler
                0x0000000008006218                TIM4_IRQHandler
                0x0000000008006218                I2C1_EV_IRQHandler
                0x0000000008006218                TIM3_IRQHandler
                0x0000000008006218                RCC_IRQHandler
                0x0000000008006218                TIM1_TRG_COM_IRQHandler
                0x0000000008006218                DMA1_Channel1_IRQHandler
                0x0000000008006218                Default_Handler
                0x0000000008006218                EXTI9_5_IRQHandler
                0x0000000008006218                SPI2_IRQHandler
                0x0000000008006218                EXTI4_IRQHandler
                0x0000000008006218                USB_LP_CAN1_RX0_IRQHandler
                0x0000000008006218                USB_HP_CAN1_TX_IRQHandler
                0x0000000008006218                DMA1_Channel3_IRQHandler
                0x0000000008006218                TIM1_UP_IRQHandler
                0x0000000008006218                WWDG_IRQHandler
                0x0000000008006218                TIM2_IRQHandler
                0x0000000008006218                TIM1_BRK_IRQHandler
                0x0000000008006218                EXTI1_IRQHandler
                0x0000000008006218                USART2_IRQHandler
                0x0000000008006218                I2C2_ER_IRQHandler
                0x0000000008006218                DMA1_Channel2_IRQHandler
                0x0000000008006218                CAN1_SCE_IRQHandler
                0x0000000008006218                FLASH_IRQHandler
                0x0000000008006218                I2C1_ER_IRQHandler
                0x0000000008006218                RTC_Alarm_IRQHandler
 *fill*         0x000000000800621a        0x2 
 .text.HAL_Init
                0x000000000800621c       0x2c Drivers/STM32F1xx_HAL_Driver/Src/stm32f1xx_hal.o
                0x000000000800621c                HAL_Init
 .text.HAL_InitTick
                0x0000000008006248       0x60 Drivers/STM32F1xx_HAL_Driver/Src/stm32f1xx_hal.o
                0x0000000008006248                HAL_InitTick
 .text.HAL_IncTick
                0x00000000080062a8       0x24 Drivers/STM32F1xx_HAL_Driver/Src/stm32f1xx_hal.o
                0x00000000080062a8                HAL_IncTick
 .text.HAL_GetTick
                0x00000000080062cc       0x14 Drivers/STM32F1xx_HAL_Driver/Src/stm32f1xx_hal.o
                0x00000000080062cc                HAL_GetTick
 .text.HAL_Delay
                0x00000000080062e0       0x44 Drivers/STM32F1xx_HAL_Driver/Src/stm32f1xx_hal.o
                0x00000000080062e0                HAL_Delay
 .text.__NVIC_SetPriorityGrouping
                0x0000000008006324       0x48 Drivers/STM32F1xx_HAL_Driver/Src/stm32f1xx_hal_cortex.o
 .text.__NVIC_GetPriorityGrouping
                0x000000000800636c       0x1c Drivers/STM32F1xx_HAL_Driver/Src/stm32f1xx_hal_cortex.o
 .text.__NVIC_EnableIRQ
                0x0000000008006388       0x38 Drivers/STM32F1xx_HAL_Driver/Src/stm32f1xx_hal_cortex.o
 .text.__NVIC_SetPriority
                0x00000000080063c0       0x54 Drivers/STM32F1xx_HAL_Driver/Src/stm32f1xx_hal_cortex.o
 .text.NVIC_EncodePriority
                0x0000000008006414       0x64 Drivers/STM32F1xx_HAL_Driver/Src/stm32f1xx_hal_cortex.o
 .text.SysTick_Config
                0x0000000008006478       0x44 Drivers/STM32F1xx_HAL_Driver/Src/stm32f1xx_hal_cortex.o
 .text.HAL_NVIC_SetPriorityGrouping
                0x00000000080064bc       0x16 Drivers/STM32F1xx_HAL_Driver/Src/stm32f1xx_hal_cortex.o
                0x00000000080064bc                HAL_NVIC_SetPriorityGrouping
 .text.HAL_NVIC_SetPriority
                0x00000000080064d2       0x38 Drivers/STM32F1xx_HAL_Driver/Src/stm32f1xx_hal_cortex.o
                0x00000000080064d2                HAL_NVIC_SetPriority
 .text.HAL_NVIC_EnableIRQ
                0x000000000800650a       0x1c Drivers/STM32F1xx_HAL_Driver/Src/stm32f1xx_hal_cortex.o
                0x000000000800650a                HAL_NVIC_EnableIRQ
 .text.HAL_SYSTICK_Config
                0x0000000008006526       0x18 Drivers/STM32F1xx_HAL_Driver/Src/stm32f1xx_hal_cortex.o
                0x0000000008006526                HAL_SYSTICK_Config
 *fill*         0x000000000800653e        0x2 
 .text.HAL_DMA_Init
                0x0000000008006540       0xb4 Drivers/STM32F1xx_HAL_Driver/Src/stm32f1xx_hal_dma.o
                0x0000000008006540                HAL_DMA_Init
 .text.HAL_DMA_Start_IT
                0x00000000080065f4       0xbe Drivers/STM32F1xx_HAL_Driver/Src/stm32f1xx_hal_dma.o
                0x00000000080065f4                HAL_DMA_Start_IT
 *fill*         0x00000000080066b2        0x2 
 .text.HAL_DMA_Abort_IT
                0x00000000080066b4       0xec Drivers/STM32F1xx_HAL_Driver/Src/stm32f1xx_hal_dma.o
                0x00000000080066b4                HAL_DMA_Abort_IT
 .text.HAL_DMA_IRQHandler
                0x00000000080067a0      0x20c Drivers/STM32F1xx_HAL_Driver/Src/stm32f1xx_hal_dma.o
                0x00000000080067a0                HAL_DMA_IRQHandler
 .text.DMA_SetConfig
                0x00000000080069ac       0x5a Drivers/STM32F1xx_HAL_Driver/Src/stm32f1xx_hal_dma.o
 *fill*         0x0000000008006a06        0x2 
 .text.HAL_GPIO_Init
                0x0000000008006a08      0x2b4 Drivers/STM32F1xx_HAL_Driver/Src/stm32f1xx_hal_gpio.o
                0x0000000008006a08                HAL_GPIO_Init
 .text.HAL_GPIO_ReadPin
                0x0000000008006cbc       0x2e Drivers/STM32F1xx_HAL_Driver/Src/stm32f1xx_hal_gpio.o
                0x0000000008006cbc                HAL_GPIO_ReadPin
 .text.HAL_GPIO_WritePin
                0x0000000008006cea       0x30 Drivers/STM32F1xx_HAL_Driver/Src/stm32f1xx_hal_gpio.o
                0x0000000008006cea                HAL_GPIO_WritePin
 .text.HAL_GPIO_TogglePin
                0x0000000008006d1a       0x30 Drivers/STM32F1xx_HAL_Driver/Src/stm32f1xx_hal_gpio.o
                0x0000000008006d1a                HAL_GPIO_TogglePin
 *fill*         0x0000000008006d4a        0x2 
 .text.HAL_GPIO_EXTI_IRQHandler
                0x0000000008006d4c       0x30 Drivers/STM32F1xx_HAL_Driver/Src/stm32f1xx_hal_gpio.o
                0x0000000008006d4c                HAL_GPIO_EXTI_IRQHandler
 .text.HAL_GPIO_EXTI_Callback
                0x0000000008006d7c       0x14 Drivers/STM32F1xx_HAL_Driver/Src/stm32f1xx_hal_gpio.o
                0x0000000008006d7c                HAL_GPIO_EXTI_Callback
 .text.HAL_I2C_Init
                0x0000000008006d90      0x250 Drivers/STM32F1xx_HAL_Driver/Src/stm32f1xx_hal_i2c.o
                0x0000000008006d90                HAL_I2C_Init
 .text.HAL_I2C_Mem_Write
                0x0000000008006fe0      0x1f4 Drivers/STM32F1xx_HAL_Driver/Src/stm32f1xx_hal_i2c.o
                0x0000000008006fe0                HAL_I2C_Mem_Write
 .text.HAL_I2C_Mem_Read
                0x00000000080071d4      0x46c Drivers/STM32F1xx_HAL_Driver/Src/stm32f1xx_hal_i2c.o
                0x00000000080071d4                HAL_I2C_Mem_Read
 .text.HAL_I2C_IsDeviceReady
                0x0000000008007640      0x244 Drivers/STM32F1xx_HAL_Driver/Src/stm32f1xx_hal_i2c.o
                0x0000000008007640                HAL_I2C_IsDeviceReady
 .text.I2C_RequestMemoryWrite
                0x0000000008007884      0x114 Drivers/STM32F1xx_HAL_Driver/Src/stm32f1xx_hal_i2c.o
 .text.I2C_RequestMemoryRead
                0x0000000008007998      0x1a0 Drivers/STM32F1xx_HAL_Driver/Src/stm32f1xx_hal_i2c.o
 .text.I2C_WaitOnFlagUntilTimeout
                0x0000000008007b38       0xae Drivers/STM32F1xx_HAL_Driver/Src/stm32f1xx_hal_i2c.o
 .text.I2C_WaitOnMasterAddressFlagUntilTimeout
                0x0000000008007be6       0xfe Drivers/STM32F1xx_HAL_Driver/Src/stm32f1xx_hal_i2c.o
 .text.I2C_WaitOnTXEFlagUntilTimeout
                0x0000000008007ce4       0x82 Drivers/STM32F1xx_HAL_Driver/Src/stm32f1xx_hal_i2c.o
 .text.I2C_WaitOnBTFFlagUntilTimeout
                0x0000000008007d66       0x82 Drivers/STM32F1xx_HAL_Driver/Src/stm32f1xx_hal_i2c.o
 .text.I2C_WaitOnRXNEFlagUntilTimeout
                0x0000000008007de8       0xac Drivers/STM32F1xx_HAL_Driver/Src/stm32f1xx_hal_i2c.o
 .text.I2C_IsAcknowledgeFailed
                0x0000000008007e94       0x5c Drivers/STM32F1xx_HAL_Driver/Src/stm32f1xx_hal_i2c.o
 .text.HAL_RCC_OscConfig
                0x0000000008007ef0      0x500 Drivers/STM32F1xx_HAL_Driver/Src/stm32f1xx_hal_rcc.o
                0x0000000008007ef0                HAL_RCC_OscConfig
 .text.HAL_RCC_ClockConfig
                0x00000000080083f0      0x1d4 Drivers/STM32F1xx_HAL_Driver/Src/stm32f1xx_hal_rcc.o
                0x00000000080083f0                HAL_RCC_ClockConfig
 .text.HAL_RCC_GetSysClockFreq
                0x00000000080085c4       0xc4 Drivers/STM32F1xx_HAL_Driver/Src/stm32f1xx_hal_rcc.o
                0x00000000080085c4                HAL_RCC_GetSysClockFreq
 .text.HAL_RCC_GetHCLKFreq
                0x0000000008008688       0x14 Drivers/STM32F1xx_HAL_Driver/Src/stm32f1xx_hal_rcc.o
                0x0000000008008688                HAL_RCC_GetHCLKFreq
 .text.HAL_RCC_GetPCLK1Freq
                0x000000000800869c       0x28 Drivers/STM32F1xx_HAL_Driver/Src/stm32f1xx_hal_rcc.o
                0x000000000800869c                HAL_RCC_GetPCLK1Freq
 .text.HAL_RCC_GetPCLK2Freq
                0x00000000080086c4       0x28 Drivers/STM32F1xx_HAL_Driver/Src/stm32f1xx_hal_rcc.o
                0x00000000080086c4                HAL_RCC_GetPCLK2Freq
 .text.RCC_Delay
                0x00000000080086ec       0x3c Drivers/STM32F1xx_HAL_Driver/Src/stm32f1xx_hal_rcc.o
 .text.HAL_UART_Init
                0x0000000008008728       0x9a Drivers/STM32F1xx_HAL_Driver/Src/stm32f1xx_hal_uart.o
                0x0000000008008728                HAL_UART_Init
 *fill*         0x00000000080087c2        0x2 
 .text.HAL_UART_Transmit_DMA
                0x00000000080087c4       0xd8 Drivers/STM32F1xx_HAL_Driver/Src/stm32f1xx_hal_uart.o
                0x00000000080087c4                HAL_UART_Transmit_DMA
 .text.HAL_UART_Receive_DMA
                0x000000000800889c      0x100 Drivers/STM32F1xx_HAL_Driver/Src/stm32f1xx_hal_uart.o
                0x000000000800889c                HAL_UART_Receive_DMA
 .text.HAL_UART_IRQHandler
                0x000000000800899c      0x1f8 Drivers/STM32F1xx_HAL_Driver/Src/stm32f1xx_hal_uart.o
                0x000000000800899c                HAL_UART_IRQHandler
 .text.HAL_UART_TxCpltCallback
                0x0000000008008b94       0x12 Drivers/STM32F1xx_HAL_Driver/Src/stm32f1xx_hal_uart.o
                0x0000000008008b94                HAL_UART_TxCpltCallback
 .text.HAL_UART_TxHalfCpltCallback
                0x0000000008008ba6       0x12 Drivers/STM32F1xx_HAL_Driver/Src/stm32f1xx_hal_uart.o
                0x0000000008008ba6                HAL_UART_TxHalfCpltCallback
 .text.HAL_UART_RxHalfCpltCallback
                0x0000000008008bb8       0x12 Drivers/STM32F1xx_HAL_Driver/Src/stm32f1xx_hal_uart.o
                0x0000000008008bb8                HAL_UART_RxHalfCpltCallback
 .text.HAL_UART_ErrorCallback
                0x0000000008008bca       0x12 Drivers/STM32F1xx_HAL_Driver/Src/stm32f1xx_hal_uart.o
                0x0000000008008bca                HAL_UART_ErrorCallback
 .text.UART_DMATransmitCplt
                0x0000000008008bdc       0x52 Drivers/STM32F1xx_HAL_Driver/Src/stm32f1xx_hal_uart.o
 .text.UART_DMATxHalfCplt
                0x0000000008008c2e       0x1c Drivers/STM32F1xx_HAL_Driver/Src/stm32f1xx_hal_uart.o
 .text.UART_DMAReceiveCplt
                0x0000000008008c4a       0x68 Drivers/STM32F1xx_HAL_Driver/Src/stm32f1xx_hal_uart.o
 .text.UART_DMARxHalfCplt
                0x0000000008008cb2       0x1c Drivers/STM32F1xx_HAL_Driver/Src/stm32f1xx_hal_uart.o
 .text.UART_DMAError
                0x0000000008008cce       0x94 Drivers/STM32F1xx_HAL_Driver/Src/stm32f1xx_hal_uart.o
 .text.UART_EndTxTransfer
                0x0000000008008d62       0x2a Drivers/STM32F1xx_HAL_Driver/Src/stm32f1xx_hal_uart.o
 .text.UART_EndRxTransfer
                0x0000000008008d8c       0x3a Drivers/STM32F1xx_HAL_Driver/Src/stm32f1xx_hal_uart.o
 .text.UART_DMAAbortOnError
                0x0000000008008dc6       0x28 Drivers/STM32F1xx_HAL_Driver/Src/stm32f1xx_hal_uart.o
 .text.UART_Transmit_IT
                0x0000000008008dee       0xaa Drivers/STM32F1xx_HAL_Driver/Src/stm32f1xx_hal_uart.o
 .text.UART_EndTransmit_IT
                0x0000000008008e98       0x30 Drivers/STM32F1xx_HAL_Driver/Src/stm32f1xx_hal_uart.o
 .text.UART_Receive_IT
                0x0000000008008ec8      0x102 Drivers/STM32F1xx_HAL_Driver/Src/stm32f1xx_hal_uart.o
 *fill*         0x0000000008008fca        0x2 
 .text.UART_SetConfig
                0x0000000008008fcc      0x1b4 Drivers/STM32F1xx_HAL_Driver/Src/stm32f1xx_hal_uart.o
 .text.makeFreeRtosPriority
                0x0000000008009180       0x2e Middlewares/Third_Party/FreeRTOS/Source/CMSIS_RTOS/cmsis_os.o
 .text.osKernelStart
                0x00000000080091ae        0xe Middlewares/Third_Party/FreeRTOS/Source/CMSIS_RTOS/cmsis_os.o
                0x00000000080091ae                osKernelStart
 .text.osThreadCreate
                0x00000000080091bc       0x98 Middlewares/Third_Party/FreeRTOS/Source/CMSIS_RTOS/cmsis_os.o
                0x00000000080091bc                osThreadCreate
 .text.osDelay  0x0000000008009254       0x28 Middlewares/Third_Party/FreeRTOS/Source/CMSIS_RTOS/cmsis_os.o
                0x0000000008009254                osDelay
 .text.vListInitialise
                0x000000000800927c       0x3e Middlewares/Third_Party/FreeRTOS/Source/list.o
                0x000000000800927c                vListInitialise
 .text.vListInitialiseItem
                0x00000000080092ba       0x18 Middlewares/Third_Party/FreeRTOS/Source/list.o
                0x00000000080092ba                vListInitialiseItem
 .text.vListInsertEnd
                0x00000000080092d2       0x46 Middlewares/Third_Party/FreeRTOS/Source/list.o
                0x00000000080092d2                vListInsertEnd
 .text.vListInsert
                0x0000000008009318       0x70 Middlewares/Third_Party/FreeRTOS/Source/list.o
                0x0000000008009318                vListInsert
 .text.uxListRemove
                0x0000000008009388       0x52 Middlewares/Third_Party/FreeRTOS/Source/list.o
                0x0000000008009388                uxListRemove
 .text.xTaskCreateStatic
                0x00000000080093da       0xb2 Middlewares/Third_Party/FreeRTOS/Source/tasks.o
                0x00000000080093da                xTaskCreateStatic
 .text.xTaskCreate
                0x000000000800948c       0x8a Middlewares/Third_Party/FreeRTOS/Source/tasks.o
                0x000000000800948c                xTaskCreate
 .text.prvInitialiseNewTask
                0x0000000008009516       0xfc Middlewares/Third_Party/FreeRTOS/Source/tasks.o
 *fill*         0x0000000008009612        0x2 
 .text.prvAddNewTaskToReadyList
                0x0000000008009614       0xd4 Middlewares/Third_Party/FreeRTOS/Source/tasks.o
 .text.vTaskDelay
                0x00000000080096e8       0x68 Middlewares/Third_Party/FreeRTOS/Source/tasks.o
                0x00000000080096e8                vTaskDelay
 .text.vTaskStartScheduler
                0x0000000008009750       0xbc Middlewares/Third_Party/FreeRTOS/Source/tasks.o
                0x0000000008009750                vTaskStartScheduler
 .text.vTaskSuspendAll
                0x000000000800980c       0x1c Middlewares/Third_Party/FreeRTOS/Source/tasks.o
                0x000000000800980c                vTaskSuspendAll
 .text.xTaskResumeAll
                0x0000000008009828      0x138 Middlewares/Third_Party/FreeRTOS/Source/tasks.o
                0x0000000008009828                xTaskResumeAll
 .text.xTaskIncrementTick
                0x0000000008009960      0x178 Middlewares/Third_Party/FreeRTOS/Source/tasks.o
                0x0000000008009960                xTaskIncrementTick
 .text.vTaskSwitchContext
                0x0000000008009ad8       0xb4 Middlewares/Third_Party/FreeRTOS/Source/tasks.o
                0x0000000008009ad8                vTaskSwitchContext
 .text.prvIdleTask
                0x0000000008009b8c       0x30 Middlewares/Third_Party/FreeRTOS/Source/tasks.o
 .text.prvInitialiseTaskLists
                0x0000000008009bbc       0x80 Middlewares/Third_Party/FreeRTOS/Source/tasks.o
 .text.prvCheckTasksWaitingTermination
                0x0000000008009c3c       0x58 Middlewares/Third_Party/FreeRTOS/Source/tasks.o
 .text.prvDeleteTCB
                0x0000000008009c94       0x5c Middlewares/Third_Party/FreeRTOS/Source/tasks.o
 .text.prvResetNextTaskUnblockTime
                0x0000000008009cf0       0x48 Middlewares/Third_Party/FreeRTOS/Source/tasks.o
 .text.xTaskGetSchedulerState
                0x0000000008009d38       0x3c Middlewares/Third_Party/FreeRTOS/Source/tasks.o
                0x0000000008009d38                xTaskGetSchedulerState
 .text.prvAddCurrentTaskToDelayedList
                0x0000000008009d74       0xcc Middlewares/Third_Party/FreeRTOS/Source/tasks.o
 .text.pxPortInitialiseStack
                0x0000000008009e40       0x58 Middlewares/Third_Party/FreeRTOS/Source/portable/GCC/ARM_CM3/port.o
                0x0000000008009e40                pxPortInitialiseStack
 .text.prvTaskExitError
                0x0000000008009e98       0x50 Middlewares/Third_Party/FreeRTOS/Source/portable/GCC/ARM_CM3/port.o
 *fill*         0x0000000008009ee8        0x8 
 .text.SVC_Handler
                0x0000000008009ef0       0x28 Middlewares/Third_Party/FreeRTOS/Source/portable/GCC/ARM_CM3/port.o
                0x0000000008009ef0                SVC_Handler
 .text.prvPortStartFirstTask
                0x0000000008009f18       0x20 Middlewares/Third_Party/FreeRTOS/Source/portable/GCC/ARM_CM3/port.o
 .text.xPortStartScheduler
                0x0000000008009f38       0xe0 Middlewares/Third_Party/FreeRTOS/Source/portable/GCC/ARM_CM3/port.o
                0x0000000008009f38                xPortStartScheduler
 .text.vPortEnterCritical
                0x000000000800a018       0x5c Middlewares/Third_Party/FreeRTOS/Source/portable/GCC/ARM_CM3/port.o
                0x000000000800a018                vPortEnterCritical
 .text.vPortExitCritical
                0x000000000800a074       0x4c Middlewares/Third_Party/FreeRTOS/Source/portable/GCC/ARM_CM3/port.o
                0x000000000800a074                vPortExitCritical
 .text.PendSV_Handler
                0x000000000800a0c0       0x48 Middlewares/Third_Party/FreeRTOS/Source/portable/GCC/ARM_CM3/port.o
                0x000000000800a0c0                PendSV_Handler
 .text.xPortSysTickHandler
                0x000000000800a108       0x40 Middlewares/Third_Party/FreeRTOS/Source/portable/GCC/ARM_CM3/port.o
                0x000000000800a108                xPortSysTickHandler
 .text.vPortSetupTimerInterrupt
                0x000000000800a148       0x44 Middlewares/Third_Party/FreeRTOS/Source/portable/GCC/ARM_CM3/port.o
                0x000000000800a148                vPortSetupTimerInterrupt
 .text.pvPortMalloc
                0x000000000800a18c      0x184 Middlewares/Third_Party/FreeRTOS/Source/portable/MemMang/heap_4.o
                0x000000000800a18c                pvPortMalloc
 .text.vPortFree
                0x000000000800a310       0xb0 Middlewares/Third_Party/FreeRTOS/Source/portable/MemMang/heap_4.o
                0x000000000800a310                vPortFree
 .text.prvHeapInit
                0x000000000800a3c0       0xc4 Middlewares/Third_Party/FreeRTOS/Source/portable/MemMang/heap_4.o
 .text.prvInsertBlockIntoFreeList
                0x000000000800a484       0xb0 Middlewares/Third_Party/FreeRTOS/Source/portable/MemMang/heap_4.o
 .text.__errno  0x000000000800a534        0xc /Applications/STM32CubeIDE.app/Contents/Eclipse/plugins/com.st.stm32cube.ide.mcu.externaltools.gnu-tools-for-stm32.7-2018-q2-update.macos64_1.0.0.201904181610/tools/bin/../lib/gcc/arm-none-eabi/7.3.1/../../../../arm-none-eabi/lib/thumb/v7-m/libc_nano.a(lib_a-errno.o)
                0x000000000800a534                __errno
 .text.__libc_init_array
                0x000000000800a540       0x48 /Applications/STM32CubeIDE.app/Contents/Eclipse/plugins/com.st.stm32cube.ide.mcu.externaltools.gnu-tools-for-stm32.7-2018-q2-update.macos64_1.0.0.201904181610/tools/bin/../lib/gcc/arm-none-eabi/7.3.1/../../../../arm-none-eabi/lib/thumb/v7-m/libc_nano.a(lib_a-init.o)
                0x000000000800a540                __libc_init_array
 .text.memset   0x000000000800a588       0x10 /Applications/STM32CubeIDE.app/Contents/Eclipse/plugins/com.st.stm32cube.ide.mcu.externaltools.gnu-tools-for-stm32.7-2018-q2-update.macos64_1.0.0.201904181610/tools/bin/../lib/gcc/arm-none-eabi/7.3.1/../../../../arm-none-eabi/lib/thumb/v7-m/libc_nano.a(lib_a-memset.o)
                0x000000000800a588                memset
 .text.cosf     0x000000000800a598       0x68 /Applications/STM32CubeIDE.app/Contents/Eclipse/plugins/com.st.stm32cube.ide.mcu.externaltools.gnu-tools-for-stm32.7-2018-q2-update.macos64_1.0.0.201904181610/tools/bin/../lib/gcc/arm-none-eabi/7.3.1/../../../../arm-none-eabi/lib/thumb/v7-m/libm.a(lib_a-sf_cos.o)
                0x000000000800a598                cosf
 .text.sinf     0x000000000800a600       0x6c /Applications/STM32CubeIDE.app/Contents/Eclipse/plugins/com.st.stm32cube.ide.mcu.externaltools.gnu-tools-for-stm32.7-2018-q2-update.macos64_1.0.0.201904181610/tools/bin/../lib/gcc/arm-none-eabi/7.3.1/../../../../arm-none-eabi/lib/thumb/v7-m/libm.a(lib_a-sf_sin.o)
                0x000000000800a600                sinf
 .text.sqrt     0x000000000800a66c       0xa8 /Applications/STM32CubeIDE.app/Contents/Eclipse/plugins/com.st.stm32cube.ide.mcu.externaltools.gnu-tools-for-stm32.7-2018-q2-update.macos64_1.0.0.201904181610/tools/bin/../lib/gcc/arm-none-eabi/7.3.1/../../../../arm-none-eabi/lib/thumb/v7-m/libm.a(lib_a-w_sqrt.o)
                0x000000000800a66c                sqrt
 .text.asinf    0x000000000800a714       0x9c /Applications/STM32CubeIDE.app/Contents/Eclipse/plugins/com.st.stm32cube.ide.mcu.externaltools.gnu-tools-for-stm32.7-2018-q2-update.macos64_1.0.0.201904181610/tools/bin/../lib/gcc/arm-none-eabi/7.3.1/../../../../arm-none-eabi/lib/thumb/v7-m/libm.a(lib_a-wf_asin.o)
                0x000000000800a714                asinf
 .text.atan2f   0x000000000800a7b0        0x4 /Applications/STM32CubeIDE.app/Contents/Eclipse/plugins/com.st.stm32cube.ide.mcu.externaltools.gnu-tools-for-stm32.7-2018-q2-update.macos64_1.0.0.201904181610/tools/bin/../lib/gcc/arm-none-eabi/7.3.1/../../../../arm-none-eabi/lib/thumb/v7-m/libm.a(lib_a-wf_atan2.o)
                0x000000000800a7b0                atan2f
 .text.powf     0x000000000800a7b4      0x2c0 /Applications/STM32CubeIDE.app/Contents/Eclipse/plugins/com.st.stm32cube.ide.mcu.externaltools.gnu-tools-for-stm32.7-2018-q2-update.macos64_1.0.0.201904181610/tools/bin/../lib/gcc/arm-none-eabi/7.3.1/../../../../arm-none-eabi/lib/thumb/v7-m/libm.a(lib_a-wf_pow.o)
                0x000000000800a7b4                powf
 .text.sqrtf    0x000000000800aa74       0x94 /Applications/STM32CubeIDE.app/Contents/Eclipse/plugins/com.st.stm32cube.ide.mcu.externaltools.gnu-tools-for-stm32.7-2018-q2-update.macos64_1.0.0.201904181610/tools/bin/../lib/gcc/arm-none-eabi/7.3.1/../../../../arm-none-eabi/lib/thumb/v7-m/libm.a(lib_a-wf_sqrt.o)
                0x000000000800aa74                sqrtf
 .text.__ieee754_sqrt
                0x000000000800ab08      0x158 /Applications/STM32CubeIDE.app/Contents/Eclipse/plugins/com.st.stm32cube.ide.mcu.externaltools.gnu-tools-for-stm32.7-2018-q2-update.macos64_1.0.0.201904181610/tools/bin/../lib/gcc/arm-none-eabi/7.3.1/../../../../arm-none-eabi/lib/thumb/v7-m/libm.a(lib_a-e_sqrt.o)
                0x000000000800ab08                __ieee754_sqrt
 .text.__ieee754_asinf
                0x000000000800ac60      0x284 /Applications/STM32CubeIDE.app/Contents/Eclipse/plugins/com.st.stm32cube.ide.mcu.externaltools.gnu-tools-for-stm32.7-2018-q2-update.macos64_1.0.0.201904181610/tools/bin/../lib/gcc/arm-none-eabi/7.3.1/../../../../arm-none-eabi/lib/thumb/v7-m/libm.a(lib_a-ef_asin.o)
                0x000000000800ac60                __ieee754_asinf
 .text.__ieee754_atan2f
                0x000000000800aee4      0x120 /Applications/STM32CubeIDE.app/Contents/Eclipse/plugins/com.st.stm32cube.ide.mcu.externaltools.gnu-tools-for-stm32.7-2018-q2-update.macos64_1.0.0.201904181610/tools/bin/../lib/gcc/arm-none-eabi/7.3.1/../../../../arm-none-eabi/lib/thumb/v7-m/libm.a(lib_a-ef_atan2.o)
                0x000000000800aee4                __ieee754_atan2f
 .text.__ieee754_powf
                0x000000000800b004      0x698 /Applications/STM32CubeIDE.app/Contents/Eclipse/plugins/com.st.stm32cube.ide.mcu.externaltools.gnu-tools-for-stm32.7-2018-q2-update.macos64_1.0.0.201904181610/tools/bin/../lib/gcc/arm-none-eabi/7.3.1/../../../../arm-none-eabi/lib/thumb/v7-m/libm.a(lib_a-ef_pow.o)
                0x000000000800b004                __ieee754_powf
 .text.__ieee754_rem_pio2f
                0x000000000800b69c      0x2b0 /Applications/STM32CubeIDE.app/Contents/Eclipse/plugins/com.st.stm32cube.ide.mcu.externaltools.gnu-tools-for-stm32.7-2018-q2-update.macos64_1.0.0.201904181610/tools/bin/../lib/gcc/arm-none-eabi/7.3.1/../../../../arm-none-eabi/lib/thumb/v7-m/libm.a(lib_a-ef_rem_pio2.o)
                0x000000000800b69c                __ieee754_rem_pio2f
 .text.__ieee754_sqrtf
                0x000000000800b94c       0xa6 /Applications/STM32CubeIDE.app/Contents/Eclipse/plugins/com.st.stm32cube.ide.mcu.externaltools.gnu-tools-for-stm32.7-2018-q2-update.macos64_1.0.0.201904181610/tools/bin/../lib/gcc/arm-none-eabi/7.3.1/../../../../arm-none-eabi/lib/thumb/v7-m/libm.a(lib_a-ef_sqrt.o)
                0x000000000800b94c                __ieee754_sqrtf
 *fill*         0x000000000800b9f2        0x2 
 .text.__kernel_cosf
                0x000000000800b9f4      0x100 /Applications/STM32CubeIDE.app/Contents/Eclipse/plugins/com.st.stm32cube.ide.mcu.externaltools.gnu-tools-for-stm32.7-2018-q2-update.macos64_1.0.0.201904181610/tools/bin/../lib/gcc/arm-none-eabi/7.3.1/../../../../arm-none-eabi/lib/thumb/v7-m/libm.a(lib_a-kf_cos.o)
                0x000000000800b9f4                __kernel_cosf
 .text.__kernel_rem_pio2f
                0x000000000800baf4      0x53c /Applications/STM32CubeIDE.app/Contents/Eclipse/plugins/com.st.stm32cube.ide.mcu.externaltools.gnu-tools-for-stm32.7-2018-q2-update.macos64_1.0.0.201904181610/tools/bin/../lib/gcc/arm-none-eabi/7.3.1/../../../../arm-none-eabi/lib/thumb/v7-m/libm.a(lib_a-kf_rem_pio2.o)
                0x000000000800baf4                __kernel_rem_pio2f
 .text.__kernel_sinf
                0x000000000800c030       0xec /Applications/STM32CubeIDE.app/Contents/Eclipse/plugins/com.st.stm32cube.ide.mcu.externaltools.gnu-tools-for-stm32.7-2018-q2-update.macos64_1.0.0.201904181610/tools/bin/../lib/gcc/arm-none-eabi/7.3.1/../../../../arm-none-eabi/lib/thumb/v7-m/libm.a(lib_a-kf_sin.o)
                0x000000000800c030                __kernel_sinf
 .text.matherr  0x000000000800c11c        0x4 /Applications/STM32CubeIDE.app/Contents/Eclipse/plugins/com.st.stm32cube.ide.mcu.externaltools.gnu-tools-for-stm32.7-2018-q2-update.macos64_1.0.0.201904181610/tools/bin/../lib/gcc/arm-none-eabi/7.3.1/../../../../arm-none-eabi/lib/thumb/v7-m/libm.a(lib_a-s_matherr.o)
                0x000000000800c11c                matherr
 .text.nan      0x000000000800c120        0xc /Applications/STM32CubeIDE.app/Contents/Eclipse/plugins/com.st.stm32cube.ide.mcu.externaltools.gnu-tools-for-stm32.7-2018-q2-update.macos64_1.0.0.201904181610/tools/bin/../lib/gcc/arm-none-eabi/7.3.1/../../../../arm-none-eabi/lib/thumb/v7-m/libm.a(lib_a-s_nan.o)
                0x000000000800c120                nan
 .text.atanf    0x000000000800c12c      0x218 /Applications/STM32CubeIDE.app/Contents/Eclipse/plugins/com.st.stm32cube.ide.mcu.externaltools.gnu-tools-for-stm32.7-2018-q2-update.macos64_1.0.0.201904181610/tools/bin/../lib/gcc/arm-none-eabi/7.3.1/../../../../arm-none-eabi/lib/thumb/v7-m/libm.a(lib_a-sf_atan.o)
                0x000000000800c12c                atanf
 .text.fabsf    0x000000000800c344        0x6 /Applications/STM32CubeIDE.app/Contents/Eclipse/plugins/com.st.stm32cube.ide.mcu.externaltools.gnu-tools-for-stm32.7-2018-q2-update.macos64_1.0.0.201904181610/tools/bin/../lib/gcc/arm-none-eabi/7.3.1/../../../../arm-none-eabi/lib/thumb/v7-m/libm.a(lib_a-sf_fabs.o)
                0x000000000800c344                fabsf
 .text.finitef  0x000000000800c34a       0x10 /Applications/STM32CubeIDE.app/Contents/Eclipse/plugins/com.st.stm32cube.ide.mcu.externaltools.gnu-tools-for-stm32.7-2018-q2-update.macos64_1.0.0.201904181610/tools/bin/../lib/gcc/arm-none-eabi/7.3.1/../../../../arm-none-eabi/lib/thumb/v7-m/libm.a(lib_a-sf_finite.o)
                0x000000000800c34a                finitef
 *fill*         0x000000000800c35a        0x2 
 .text.floorf   0x000000000800c35c       0x80 /Applications/STM32CubeIDE.app/Contents/Eclipse/plugins/com.st.stm32cube.ide.mcu.externaltools.gnu-tools-for-stm32.7-2018-q2-update.macos64_1.0.0.201904181610/tools/bin/../lib/gcc/arm-none-eabi/7.3.1/../../../../arm-none-eabi/lib/thumb/v7-m/libm.a(lib_a-sf_floor.o)
                0x000000000800c35c                floorf
 .text.nanf     0x000000000800c3dc        0x8 /Applications/STM32CubeIDE.app/Contents/Eclipse/plugins/com.st.stm32cube.ide.mcu.externaltools.gnu-tools-for-stm32.7-2018-q2-update.macos64_1.0.0.201904181610/tools/bin/../lib/gcc/arm-none-eabi/7.3.1/../../../../arm-none-eabi/lib/thumb/v7-m/libm.a(lib_a-sf_nan.o)
                0x000000000800c3dc                nanf
 .text.rintf    0x000000000800c3e4       0xa0 /Applications/STM32CubeIDE.app/Contents/Eclipse/plugins/com.st.stm32cube.ide.mcu.externaltools.gnu-tools-for-stm32.7-2018-q2-update.macos64_1.0.0.201904181610/tools/bin/../lib/gcc/arm-none-eabi/7.3.1/../../../../arm-none-eabi/lib/thumb/v7-m/libm.a(lib_a-sf_rint.o)
                0x000000000800c3e4                rintf
 .text.scalbnf  0x000000000800c484       0x98 /Applications/STM32CubeIDE.app/Contents/Eclipse/plugins/com.st.stm32cube.ide.mcu.externaltools.gnu-tools-for-stm32.7-2018-q2-update.macos64_1.0.0.201904181610/tools/bin/../lib/gcc/arm-none-eabi/7.3.1/../../../../arm-none-eabi/lib/thumb/v7-m/libm.a(lib_a-sf_scalbn.o)
                0x000000000800c484                scalbnf
 .text.copysignf
                0x000000000800c51c        0xc /Applications/STM32CubeIDE.app/Contents/Eclipse/plugins/com.st.stm32cube.ide.mcu.externaltools.gnu-tools-for-stm32.7-2018-q2-update.macos64_1.0.0.201904181610/tools/bin/../lib/gcc/arm-none-eabi/7.3.1/../../../../arm-none-eabi/lib/thumb/v7-m/libm.a(lib_a-sf_copysign.o)
                0x000000000800c51c                copysignf
 *(.glue_7)
 .glue_7        0x000000000800c528        0x0 linker stubs
 *(.glue_7t)
 .glue_7t       0x000000000800c528        0x0 linker stubs
 *(.eh_frame)
 .eh_frame      0x000000000800c528        0x0 /Applications/STM32CubeIDE.app/Contents/Eclipse/plugins/com.st.stm32cube.ide.mcu.externaltools.gnu-tools-for-stm32.7-2018-q2-update.macos64_1.0.0.201904181610/tools/bin/../lib/gcc/arm-none-eabi/7.3.1/thumb/v7-m/crtbegin.o
 *(.init)
 .init          0x000000000800c528        0x4 /Applications/STM32CubeIDE.app/Contents/Eclipse/plugins/com.st.stm32cube.ide.mcu.externaltools.gnu-tools-for-stm32.7-2018-q2-update.macos64_1.0.0.201904181610/tools/bin/../lib/gcc/arm-none-eabi/7.3.1/thumb/v7-m/crti.o
                0x000000000800c528                _init
 .init          0x000000000800c52c        0x8 /Applications/STM32CubeIDE.app/Contents/Eclipse/plugins/com.st.stm32cube.ide.mcu.externaltools.gnu-tools-for-stm32.7-2018-q2-update.macos64_1.0.0.201904181610/tools/bin/../lib/gcc/arm-none-eabi/7.3.1/thumb/v7-m/crtn.o
 *(.fini)
 .fini          0x000000000800c534        0x4 /Applications/STM32CubeIDE.app/Contents/Eclipse/plugins/com.st.stm32cube.ide.mcu.externaltools.gnu-tools-for-stm32.7-2018-q2-update.macos64_1.0.0.201904181610/tools/bin/../lib/gcc/arm-none-eabi/7.3.1/thumb/v7-m/crti.o
                0x000000000800c534                _fini
 .fini          0x000000000800c538        0x8 /Applications/STM32CubeIDE.app/Contents/Eclipse/plugins/com.st.stm32cube.ide.mcu.externaltools.gnu-tools-for-stm32.7-2018-q2-update.macos64_1.0.0.201904181610/tools/bin/../lib/gcc/arm-none-eabi/7.3.1/thumb/v7-m/crtn.o
                0x000000000800c540                . = ALIGN (0x4)
                0x000000000800c540                _etext = .

.vfp11_veneer   0x000000000800c540        0x0
 .vfp11_veneer  0x000000000800c540        0x0 linker stubs

.v4_bx          0x000000000800c540        0x0
 .v4_bx         0x000000000800c540        0x0 linker stubs

.iplt           0x000000000800c540        0x0
 .iplt          0x000000000800c540        0x0 /Applications/STM32CubeIDE.app/Contents/Eclipse/plugins/com.st.stm32cube.ide.mcu.externaltools.gnu-tools-for-stm32.7-2018-q2-update.macos64_1.0.0.201904181610/tools/bin/../lib/gcc/arm-none-eabi/7.3.1/thumb/v7-m/crtbegin.o

.rodata         0x000000000800c540      0x4ac
                0x000000000800c540                . = ALIGN (0x4)
 *(.rodata)
 .rodata        0x000000000800c540       0x50 Core/Src/freertos.o
 .rodata        0x000000000800c590       0x12 Drivers/STM32F1xx_HAL_Driver/Src/stm32f1xx_hal_rcc.o
 *fill*         0x000000000800c5a2        0x2 
 .rodata        0x000000000800c5a4        0x5 Middlewares/Third_Party/FreeRTOS/Source/tasks.o
 *(.rodata*)
 *fill*         0x000000000800c5a9        0x3 
 .rodata.AHBPrescTable
                0x000000000800c5ac       0x10 Core/Src/system_stm32f1xx.o
                0x000000000800c5ac                AHBPrescTable
 .rodata.APBPrescTable
                0x000000000800c5bc        0x8 Core/Src/system_stm32f1xx.o
                0x000000000800c5bc                APBPrescTable
 .rodata.sqrt.str1.1
                0x000000000800c5c4        0x5 /Applications/STM32CubeIDE.app/Contents/Eclipse/plugins/com.st.stm32cube.ide.mcu.externaltools.gnu-tools-for-stm32.7-2018-q2-update.macos64_1.0.0.201904181610/tools/bin/../lib/gcc/arm-none-eabi/7.3.1/../../../../arm-none-eabi/lib/thumb/v7-m/libm.a(lib_a-w_sqrt.o)
 .rodata.asinf.str1.1
                0x000000000800c5c9        0x6 /Applications/STM32CubeIDE.app/Contents/Eclipse/plugins/com.st.stm32cube.ide.mcu.externaltools.gnu-tools-for-stm32.7-2018-q2-update.macos64_1.0.0.201904181610/tools/bin/../lib/gcc/arm-none-eabi/7.3.1/../../../../arm-none-eabi/lib/thumb/v7-m/libm.a(lib_a-wf_asin.o)
                                          0x7 (size before relaxing)
 .rodata.powf.str1.1
                0x000000000800c5cf        0x5 /Applications/STM32CubeIDE.app/Contents/Eclipse/plugins/com.st.stm32cube.ide.mcu.externaltools.gnu-tools-for-stm32.7-2018-q2-update.macos64_1.0.0.201904181610/tools/bin/../lib/gcc/arm-none-eabi/7.3.1/../../../../arm-none-eabi/lib/thumb/v7-m/libm.a(lib_a-wf_pow.o)
 .rodata.sqrtf.str1.1
                0x000000000800c5d4        0x6 /Applications/STM32CubeIDE.app/Contents/Eclipse/plugins/com.st.stm32cube.ide.mcu.externaltools.gnu-tools-for-stm32.7-2018-q2-update.macos64_1.0.0.201904181610/tools/bin/../lib/gcc/arm-none-eabi/7.3.1/../../../../arm-none-eabi/lib/thumb/v7-m/libm.a(lib_a-wf_sqrt.o)
 .rodata.__ieee754_powf.str1.1
                0x000000000800c5da        0x1 /Applications/STM32CubeIDE.app/Contents/Eclipse/plugins/com.st.stm32cube.ide.mcu.externaltools.gnu-tools-for-stm32.7-2018-q2-update.macos64_1.0.0.201904181610/tools/bin/../lib/gcc/arm-none-eabi/7.3.1/../../../../arm-none-eabi/lib/thumb/v7-m/libm.a(lib_a-ef_pow.o)
 *fill*         0x000000000800c5da        0x2 
 .rodata.bp     0x000000000800c5dc        0x8 /Applications/STM32CubeIDE.app/Contents/Eclipse/plugins/com.st.stm32cube.ide.mcu.externaltools.gnu-tools-for-stm32.7-2018-q2-update.macos64_1.0.0.201904181610/tools/bin/../lib/gcc/arm-none-eabi/7.3.1/../../../../arm-none-eabi/lib/thumb/v7-m/libm.a(lib_a-ef_pow.o)
 .rodata.dp_h   0x000000000800c5e4        0x8 /Applications/STM32CubeIDE.app/Contents/Eclipse/plugins/com.st.stm32cube.ide.mcu.externaltools.gnu-tools-for-stm32.7-2018-q2-update.macos64_1.0.0.201904181610/tools/bin/../lib/gcc/arm-none-eabi/7.3.1/../../../../arm-none-eabi/lib/thumb/v7-m/libm.a(lib_a-ef_pow.o)
 .rodata.dp_l   0x000000000800c5ec        0x8 /Applications/STM32CubeIDE.app/Contents/Eclipse/plugins/com.st.stm32cube.ide.mcu.externaltools.gnu-tools-for-stm32.7-2018-q2-update.macos64_1.0.0.201904181610/tools/bin/../lib/gcc/arm-none-eabi/7.3.1/../../../../arm-none-eabi/lib/thumb/v7-m/libm.a(lib_a-ef_pow.o)
 .rodata.npio2_hw
                0x000000000800c5f4       0x80 /Applications/STM32CubeIDE.app/Contents/Eclipse/plugins/com.st.stm32cube.ide.mcu.externaltools.gnu-tools-for-stm32.7-2018-q2-update.macos64_1.0.0.201904181610/tools/bin/../lib/gcc/arm-none-eabi/7.3.1/../../../../arm-none-eabi/lib/thumb/v7-m/libm.a(lib_a-ef_rem_pio2.o)
 .rodata.two_over_pi
                0x000000000800c674      0x318 /Applications/STM32CubeIDE.app/Contents/Eclipse/plugins/com.st.stm32cube.ide.mcu.externaltools.gnu-tools-for-stm32.7-2018-q2-update.macos64_1.0.0.201904181610/tools/bin/../lib/gcc/arm-none-eabi/7.3.1/../../../../arm-none-eabi/lib/thumb/v7-m/libm.a(lib_a-ef_rem_pio2.o)
 .rodata.PIo2   0x000000000800c98c       0x2c /Applications/STM32CubeIDE.app/Contents/Eclipse/plugins/com.st.stm32cube.ide.mcu.externaltools.gnu-tools-for-stm32.7-2018-q2-update.macos64_1.0.0.201904181610/tools/bin/../lib/gcc/arm-none-eabi/7.3.1/../../../../arm-none-eabi/lib/thumb/v7-m/libm.a(lib_a-kf_rem_pio2.o)
 .rodata.init_jk
                0x000000000800c9b8        0xc /Applications/STM32CubeIDE.app/Contents/Eclipse/plugins/com.st.stm32cube.ide.mcu.externaltools.gnu-tools-for-stm32.7-2018-q2-update.macos64_1.0.0.201904181610/tools/bin/../lib/gcc/arm-none-eabi/7.3.1/../../../../arm-none-eabi/lib/thumb/v7-m/libm.a(lib_a-kf_rem_pio2.o)
 .rodata.atanhi
                0x000000000800c9c4       0x10 /Applications/STM32CubeIDE.app/Contents/Eclipse/plugins/com.st.stm32cube.ide.mcu.externaltools.gnu-tools-for-stm32.7-2018-q2-update.macos64_1.0.0.201904181610/tools/bin/../lib/gcc/arm-none-eabi/7.3.1/../../../../arm-none-eabi/lib/thumb/v7-m/libm.a(lib_a-sf_atan.o)
 .rodata.atanlo
                0x000000000800c9d4       0x10 /Applications/STM32CubeIDE.app/Contents/Eclipse/plugins/com.st.stm32cube.ide.mcu.externaltools.gnu-tools-for-stm32.7-2018-q2-update.macos64_1.0.0.201904181610/tools/bin/../lib/gcc/arm-none-eabi/7.3.1/../../../../arm-none-eabi/lib/thumb/v7-m/libm.a(lib_a-sf_atan.o)
 .rodata.TWO23  0x000000000800c9e4        0x8 /Applications/STM32CubeIDE.app/Contents/Eclipse/plugins/com.st.stm32cube.ide.mcu.externaltools.gnu-tools-for-stm32.7-2018-q2-update.macos64_1.0.0.201904181610/tools/bin/../lib/gcc/arm-none-eabi/7.3.1/../../../../arm-none-eabi/lib/thumb/v7-m/libm.a(lib_a-sf_rint.o)
                0x000000000800c9ec                . = ALIGN (0x4)

.rel.dyn        0x000000000800c9ec        0x0
 .rel.iplt      0x000000000800c9ec        0x0 /Applications/STM32CubeIDE.app/Contents/Eclipse/plugins/com.st.stm32cube.ide.mcu.externaltools.gnu-tools-for-stm32.7-2018-q2-update.macos64_1.0.0.201904181610/tools/bin/../lib/gcc/arm-none-eabi/7.3.1/thumb/v7-m/crtbegin.o

.ARM.extab      0x000000000800c9ec        0x0
                0x000000000800c9ec                . = ALIGN (0x4)
 *(.ARM.extab* .gnu.linkonce.armextab.*)
                0x000000000800c9ec                . = ALIGN (0x4)

.ARM            0x000000000800c9ec        0x0
                0x000000000800c9ec                . = ALIGN (0x4)
                0x000000000800c9ec                __exidx_start = .
 *(.ARM.exidx*)
                0x000000000800c9ec                __exidx_end = .
                0x000000000800c9ec                . = ALIGN (0x4)

.preinit_array  0x000000000800c9ec        0x0
                0x000000000800c9ec                . = ALIGN (0x4)
                0x000000000800c9ec                PROVIDE (__preinit_array_start = .)
 *(.preinit_array*)
                0x000000000800c9ec                PROVIDE (__preinit_array_end = .)
                0x000000000800c9ec                . = ALIGN (0x4)

.init_array     0x000000000800c9ec        0x4
                0x000000000800c9ec                . = ALIGN (0x4)
                0x000000000800c9ec                PROVIDE (__init_array_start = .)
 *(SORT_BY_NAME(.init_array.*))
 *(.init_array*)
 .init_array    0x000000000800c9ec        0x4 /Applications/STM32CubeIDE.app/Contents/Eclipse/plugins/com.st.stm32cube.ide.mcu.externaltools.gnu-tools-for-stm32.7-2018-q2-update.macos64_1.0.0.201904181610/tools/bin/../lib/gcc/arm-none-eabi/7.3.1/thumb/v7-m/crtbegin.o
                0x000000000800c9f0                PROVIDE (__init_array_end = .)
                0x000000000800c9f0                . = ALIGN (0x4)

.fini_array     0x000000000800c9f0        0x4
                0x000000000800c9f0                . = ALIGN (0x4)
                [!provide]                        PROVIDE (__fini_array_start = .)
 *(SORT_BY_NAME(.fini_array.*))
 *(.fini_array*)
 .fini_array    0x000000000800c9f0        0x4 /Applications/STM32CubeIDE.app/Contents/Eclipse/plugins/com.st.stm32cube.ide.mcu.externaltools.gnu-tools-for-stm32.7-2018-q2-update.macos64_1.0.0.201904181610/tools/bin/../lib/gcc/arm-none-eabi/7.3.1/thumb/v7-m/crtbegin.o
                [!provide]                        PROVIDE (__fini_array_end = .)
                0x000000000800c9f4                . = ALIGN (0x4)
                0x000000000800c9f4                _sidata = LOADADDR (.data)

.data           0x0000000020000000       0xb4 load address 0x000000000800c9f4
                0x0000000020000000                . = ALIGN (0x4)
                0x0000000020000000                _sdata = .
 *(.data)
 *(.data*)
 .data.q0       0x0000000020000000        0x4 Core/Src/MadgwickAHRS.o
                0x0000000020000000                q0
 .data.Filter_weight_RP_global
                0x0000000020000004        0x4 Core/Src/freertos.o
                0x0000000020000004                Filter_weight_RP_global
 .data.Filter_weight_Y_global
                0x0000000020000008        0x4 Core/Src/freertos.o
                0x0000000020000008                Filter_weight_Y_global
 .data.Kalman_filter_process_variance_RP
                0x000000002000000c        0x4 Core/Src/freertos.o
                0x000000002000000c                Kalman_filter_process_variance_RP
 .data.Kalman_filter_measure_variance_RP
                0x0000000020000010        0x4 Core/Src/freertos.o
                0x0000000020000010                Kalman_filter_measure_variance_RP
 .data.Kalman_filter_process_variance_Y
                0x0000000020000014        0x4 Core/Src/freertos.o
                0x0000000020000014                Kalman_filter_process_variance_Y
 .data.Kalman_filter_measure_variance_Y
                0x0000000020000018        0x4 Core/Src/freertos.o
                0x0000000020000018                Kalman_filter_measure_variance_Y
 .data.Madgwick_filter_beta
                0x000000002000001c        0x4 Core/Src/freertos.o
                0x000000002000001c                Madgwick_filter_beta
 .data.HC05_handle
                0x0000000020000020        0x4 Core/Src/freertos.o
                0x0000000020000020                HC05_handle
 .data.r11      0x0000000020000024        0x4 Core/Src/mpu9250.o
                0x0000000020000024                r11
 .data.r22      0x0000000020000028        0x4 Core/Src/mpu9250.o
                0x0000000020000028                r22
 .data.r33      0x000000002000002c        0x4 Core/Src/mpu9250.o
                0x000000002000002c                r33
 .data.r11p     0x0000000020000030        0x4 Core/Src/mpu9250.o
                0x0000000020000030                r11p
 .data.r22p     0x0000000020000034        0x4 Core/Src/mpu9250.o
                0x0000000020000034                r22p
 .data.r33p     0x0000000020000038        0x4 Core/Src/mpu9250.o
                0x0000000020000038                r33p
 .data.SystemCoreClock
                0x000000002000003c        0x4 Core/Src/system_stm32f1xx.o
                0x000000002000003c                SystemCoreClock
 .data.uwTickPrio
                0x0000000020000040        0x4 Drivers/STM32F1xx_HAL_Driver/Src/stm32f1xx_hal.o
                0x0000000020000040                uwTickPrio
 .data.uwTickFreq
                0x0000000020000044        0x1 Drivers/STM32F1xx_HAL_Driver/Src/stm32f1xx_hal.o
                0x0000000020000044                uwTickFreq
 *fill*         0x0000000020000045        0x3 
 .data.uxCriticalNesting
                0x0000000020000048        0x4 Middlewares/Third_Party/FreeRTOS/Source/portable/GCC/ARM_CM3/port.o
 .data._impure_ptr
                0x000000002000004c        0x4 /Applications/STM32CubeIDE.app/Contents/Eclipse/plugins/com.st.stm32cube.ide.mcu.externaltools.gnu-tools-for-stm32.7-2018-q2-update.macos64_1.0.0.201904181610/tools/bin/../lib/gcc/arm-none-eabi/7.3.1/../../../../arm-none-eabi/lib/thumb/v7-m/libc_nano.a(lib_a-impure.o)
                0x000000002000004c                _impure_ptr
 .data.impure_data
                0x0000000020000050       0x60 /Applications/STM32CubeIDE.app/Contents/Eclipse/plugins/com.st.stm32cube.ide.mcu.externaltools.gnu-tools-for-stm32.7-2018-q2-update.macos64_1.0.0.201904181610/tools/bin/../lib/gcc/arm-none-eabi/7.3.1/../../../../arm-none-eabi/lib/thumb/v7-m/libc_nano.a(lib_a-impure.o)
 .data.__fdlib_version
                0x00000000200000b0        0x1 /Applications/STM32CubeIDE.app/Contents/Eclipse/plugins/com.st.stm32cube.ide.mcu.externaltools.gnu-tools-for-stm32.7-2018-q2-update.macos64_1.0.0.201904181610/tools/bin/../lib/gcc/arm-none-eabi/7.3.1/../../../../arm-none-eabi/lib/thumb/v7-m/libm.a(lib_a-s_lib_ver.o)
                0x00000000200000b0                __fdlib_version
                0x00000000200000b4                . = ALIGN (0x4)
 *fill*         0x00000000200000b1        0x3 
                0x00000000200000b4                _edata = .

.igot.plt       0x00000000200000b4        0x0 load address 0x000000000800caa8
 .igot.plt      0x00000000200000b4        0x0 /Applications/STM32CubeIDE.app/Contents/Eclipse/plugins/com.st.stm32cube.ide.mcu.externaltools.gnu-tools-for-stm32.7-2018-q2-update.macos64_1.0.0.201904181610/tools/bin/../lib/gcc/arm-none-eabi/7.3.1/thumb/v7-m/crtbegin.o
                0x00000000200000b4                . = ALIGN (0x4)

.bss            0x00000000200000b4     0x3564 load address 0x000000000800caa8
                0x00000000200000b4                _sbss = .
                0x00000000200000b4                __bss_start__ = _sbss
 *(.bss)
 .bss           0x00000000200000b4       0x1c /Applications/STM32CubeIDE.app/Contents/Eclipse/plugins/com.st.stm32cube.ide.mcu.externaltools.gnu-tools-for-stm32.7-2018-q2-update.macos64_1.0.0.201904181610/tools/bin/../lib/gcc/arm-none-eabi/7.3.1/thumb/v7-m/crtbegin.o
 *(.bss*)
 .bss.q1        0x00000000200000d0        0x4 Core/Src/MadgwickAHRS.o
                0x00000000200000d0                q1
 .bss.q2        0x00000000200000d4        0x4 Core/Src/MadgwickAHRS.o
                0x00000000200000d4                q2
 .bss.q3        0x00000000200000d8        0x4 Core/Src/MadgwickAHRS.o
                0x00000000200000d8                q3
 .bss.a_x_g_global
                0x00000000200000dc        0x4 Core/Src/freertos.o
                0x00000000200000dc                a_x_g_global
 .bss.a_y_g_global
                0x00000000200000e0        0x4 Core/Src/freertos.o
                0x00000000200000e0                a_y_g_global
 .bss.a_z_g_global
                0x00000000200000e4        0x4 Core/Src/freertos.o
                0x00000000200000e4                a_z_g_global
 .bss.g_x_dgs_global
                0x00000000200000e8        0x4 Core/Src/freertos.o
                0x00000000200000e8                g_x_dgs_global
 .bss.g_y_dgs_global
                0x00000000200000ec        0x4 Core/Src/freertos.o
                0x00000000200000ec                g_y_dgs_global
 .bss.g_z_dgs_global
                0x00000000200000f0        0x4 Core/Src/freertos.o
                0x00000000200000f0                g_z_dgs_global
 .bss.m_x_uT_global
                0x00000000200000f4        0x4 Core/Src/freertos.o
                0x00000000200000f4                m_x_uT_global
 .bss.m_y_uT_global
                0x00000000200000f8        0x4 Core/Src/freertos.o
                0x00000000200000f8                m_y_uT_global
 .bss.m_z_uT_global
                0x00000000200000fc        0x4 Core/Src/freertos.o
                0x00000000200000fc                m_z_uT_global
 .bss.a_roll_global
                0x0000000020000100        0x4 Core/Src/freertos.o
                0x0000000020000100                a_roll_global
 .bss.a_pitch_global
                0x0000000020000104        0x4 Core/Src/freertos.o
                0x0000000020000104                a_pitch_global
 .bss.g_roll_global
                0x0000000020000108        0x4 Core/Src/freertos.o
                0x0000000020000108                g_roll_global
 .bss.g_pitch_global
                0x000000002000010c        0x4 Core/Src/freertos.o
                0x000000002000010c                g_pitch_global
 .bss.g_yaw_global
                0x0000000020000110        0x4 Core/Src/freertos.o
                0x0000000020000110                g_yaw_global
 .bss.m_yaw_global
                0x0000000020000114        0x4 Core/Src/freertos.o
                0x0000000020000114                m_yaw_global
 .bss.a_x_offset_global
                0x0000000020000118        0x4 Core/Src/freertos.o
                0x0000000020000118                a_x_offset_global
 .bss.a_y_offset_global
                0x000000002000011c        0x4 Core/Src/freertos.o
                0x000000002000011c                a_y_offset_global
 .bss.a_z_offset_global
                0x0000000020000120        0x4 Core/Src/freertos.o
                0x0000000020000120                a_z_offset_global
 .bss.g_x_offset_global
                0x0000000020000124        0x4 Core/Src/freertos.o
                0x0000000020000124                g_x_offset_global
 .bss.g_y_offset_global
                0x0000000020000128        0x4 Core/Src/freertos.o
                0x0000000020000128                g_y_offset_global
 .bss.g_z_offset_global
                0x000000002000012c        0x4 Core/Src/freertos.o
                0x000000002000012c                g_z_offset_global
 .bss.m_x_offset_global
                0x0000000020000130        0x4 Core/Src/freertos.o
                0x0000000020000130                m_x_offset_global
 .bss.m_y_offset_global
                0x0000000020000134        0x4 Core/Src/freertos.o
                0x0000000020000134                m_y_offset_global
 .bss.m_z_offset_global
                0x0000000020000138        0x4 Core/Src/freertos.o
                0x0000000020000138                m_z_offset_global
 .bss.m_x_scale_global
                0x000000002000013c        0x4 Core/Src/freertos.o
                0x000000002000013c                m_x_scale_global
 .bss.Complementary_Roll_global
                0x0000000020000140        0x4 Core/Src/freertos.o
                0x0000000020000140                Complementary_Roll_global
 .bss.Complementary_Pitch_global
                0x0000000020000144        0x4 Core/Src/freertos.o
                0x0000000020000144                Complementary_Pitch_global
 .bss.Complementary_Yaw_global
                0x0000000020000148        0x4 Core/Src/freertos.o
                0x0000000020000148                Complementary_Yaw_global
 .bss.Kalman_Roll_global
                0x000000002000014c        0x4 Core/Src/freertos.o
                0x000000002000014c                Kalman_Roll_global
 .bss.Kalman_Pitch_global
                0x0000000020000150        0x4 Core/Src/freertos.o
                0x0000000020000150                Kalman_Pitch_global
 .bss.Kalman_Yaw_global
                0x0000000020000154        0x4 Core/Src/freertos.o
                0x0000000020000154                Kalman_Yaw_global
 .bss.Madgwick_Roll_global
                0x0000000020000158        0x4 Core/Src/freertos.o
                0x0000000020000158                Madgwick_Roll_global
 .bss.Madgwick_Pitch_global
                0x000000002000015c        0x4 Core/Src/freertos.o
                0x000000002000015c                Madgwick_Pitch_global
 .bss.Madgwick_Yaw_global
                0x0000000020000160        0x4 Core/Src/freertos.o
                0x0000000020000160                Madgwick_Yaw_global
 .bss.dt        0x0000000020000164        0x4 Core/Src/freertos.o
                0x0000000020000164                dt
 .bss.Which_filter_global
                0x0000000020000168        0x1 Core/Src/freertos.o
                0x0000000020000168                Which_filter_global
 *fill*         0x0000000020000169        0x3 
 .bss.xIdleTaskTCBBuffer
                0x000000002000016c       0x54 Core/Src/freertos.o
 .bss.xIdleStack
                0x00000000200001c0      0x200 Core/Src/freertos.o
 .bss.r12       0x00000000200003c0        0x4 Core/Src/mpu9250.o
                0x00000000200003c0                r12
 .bss.r13       0x00000000200003c4        0x4 Core/Src/mpu9250.o
                0x00000000200003c4                r13
 .bss.r21       0x00000000200003c8        0x4 Core/Src/mpu9250.o
                0x00000000200003c8                r21
 .bss.r23       0x00000000200003cc        0x4 Core/Src/mpu9250.o
                0x00000000200003cc                r23
 .bss.r31       0x00000000200003d0        0x4 Core/Src/mpu9250.o
                0x00000000200003d0                r31
 .bss.r32       0x00000000200003d4        0x4 Core/Src/mpu9250.o
                0x00000000200003d4                r32
 .bss.r12p      0x00000000200003d8        0x4 Core/Src/mpu9250.o
                0x00000000200003d8                r12p
 .bss.r13p      0x00000000200003dc        0x4 Core/Src/mpu9250.o
                0x00000000200003dc                r13p
 .bss.r21p      0x00000000200003e0        0x4 Core/Src/mpu9250.o
                0x00000000200003e0                r21p
 .bss.r23p      0x00000000200003e4        0x4 Core/Src/mpu9250.o
                0x00000000200003e4                r23p
 .bss.r31p      0x00000000200003e8        0x4 Core/Src/mpu9250.o
                0x00000000200003e8                r31p
 .bss.r32p      0x00000000200003ec        0x4 Core/Src/mpu9250.o
                0x00000000200003ec                r32p
 .bss.flag_global
                0x00000000200003f0        0x4 Core/Src/mpu9250.o
                0x00000000200003f0                flag_global
 .bss.pxCurrentTCB
                0x00000000200003f4        0x4 Middlewares/Third_Party/FreeRTOS/Source/tasks.o
                0x00000000200003f4                pxCurrentTCB
 .bss.pxReadyTasksLists
                0x00000000200003f8       0x8c Middlewares/Third_Party/FreeRTOS/Source/tasks.o
 .bss.xDelayedTaskList1
                0x0000000020000484       0x14 Middlewares/Third_Party/FreeRTOS/Source/tasks.o
 .bss.xDelayedTaskList2
                0x0000000020000498       0x14 Middlewares/Third_Party/FreeRTOS/Source/tasks.o
 .bss.pxDelayedTaskList
                0x00000000200004ac        0x4 Middlewares/Third_Party/FreeRTOS/Source/tasks.o
 .bss.pxOverflowDelayedTaskList
                0x00000000200004b0        0x4 Middlewares/Third_Party/FreeRTOS/Source/tasks.o
 .bss.xPendingReadyList
                0x00000000200004b4       0x14 Middlewares/Third_Party/FreeRTOS/Source/tasks.o
 .bss.xTasksWaitingTermination
                0x00000000200004c8       0x14 Middlewares/Third_Party/FreeRTOS/Source/tasks.o
 .bss.uxDeletedTasksWaitingCleanUp
                0x00000000200004dc        0x4 Middlewares/Third_Party/FreeRTOS/Source/tasks.o
 .bss.xSuspendedTaskList
                0x00000000200004e0       0x14 Middlewares/Third_Party/FreeRTOS/Source/tasks.o
 .bss.uxCurrentNumberOfTasks
                0x00000000200004f4        0x4 Middlewares/Third_Party/FreeRTOS/Source/tasks.o
 .bss.xTickCount
                0x00000000200004f8        0x4 Middlewares/Third_Party/FreeRTOS/Source/tasks.o
 .bss.uxTopReadyPriority
                0x00000000200004fc        0x4 Middlewares/Third_Party/FreeRTOS/Source/tasks.o
 .bss.xSchedulerRunning
                0x0000000020000500        0x4 Middlewares/Third_Party/FreeRTOS/Source/tasks.o
 .bss.uxPendedTicks
                0x0000000020000504        0x4 Middlewares/Third_Party/FreeRTOS/Source/tasks.o
 .bss.xYieldPending
                0x0000000020000508        0x4 Middlewares/Third_Party/FreeRTOS/Source/tasks.o
 .bss.xNumOfOverflows
                0x000000002000050c        0x4 Middlewares/Third_Party/FreeRTOS/Source/tasks.o
 .bss.uxTaskNumber
                0x0000000020000510        0x4 Middlewares/Third_Party/FreeRTOS/Source/tasks.o
 .bss.xNextTaskUnblockTime
                0x0000000020000514        0x4 Middlewares/Third_Party/FreeRTOS/Source/tasks.o
 .bss.xIdleTaskHandle
                0x0000000020000518        0x4 Middlewares/Third_Party/FreeRTOS/Source/tasks.o
 .bss.uxSchedulerSuspended
                0x000000002000051c        0x4 Middlewares/Third_Party/FreeRTOS/Source/tasks.o
 .bss.ucMaxSysCallPriority
                0x0000000020000520        0x1 Middlewares/Third_Party/FreeRTOS/Source/portable/GCC/ARM_CM3/port.o
 *fill*         0x0000000020000521        0x3 
 .bss.ulMaxPRIGROUPValue
                0x0000000020000524        0x4 Middlewares/Third_Party/FreeRTOS/Source/portable/GCC/ARM_CM3/port.o
 .bss.ucHeap    0x0000000020000528     0x2ee0 Middlewares/Third_Party/FreeRTOS/Source/portable/MemMang/heap_4.o
 .bss.xStart    0x0000000020003408        0x8 Middlewares/Third_Party/FreeRTOS/Source/portable/MemMang/heap_4.o
 .bss.pxEnd     0x0000000020003410        0x4 Middlewares/Third_Party/FreeRTOS/Source/portable/MemMang/heap_4.o
 .bss.xFreeBytesRemaining
                0x0000000020003414        0x4 Middlewares/Third_Party/FreeRTOS/Source/portable/MemMang/heap_4.o
 .bss.xMinimumEverFreeBytesRemaining
                0x0000000020003418        0x4 Middlewares/Third_Party/FreeRTOS/Source/portable/MemMang/heap_4.o
 .bss.xBlockAllocatedBit
                0x000000002000341c        0x4 Middlewares/Third_Party/FreeRTOS/Source/portable/MemMang/heap_4.o
 *(COMMON)
 COMMON         0x0000000020003420       0x4e Core/Src/freertos.o
                0x0000000020003420                DF_PC
                0x0000000020003430                IMU_TaskHandle
                0x0000000020003434                USART_TaskHandle
                0x0000000020003438                Data_from_PC
                0x0000000020003444                Data_to_PC
                0x000000002000345c                DT_PC
 *fill*         0x000000002000346e        0x2 
 COMMON         0x0000000020003470       0xdc Core/Src/i2c.o
                0x0000000020003470                hdma_i2c1_tx
                0x00000000200034b4                hi2c1
                0x0000000020003508                hdma_i2c1_rx
 COMMON         0x000000002000354c       0xc8 Core/Src/usart.o
                0x000000002000354c                hdma_usart1_tx
                0x0000000020003590                hdma_usart1_rx
                0x00000000200035d4                huart1
 COMMON         0x0000000020003614        0x4 Drivers/STM32F1xx_HAL_Driver/Src/stm32f1xx_hal.o
                0x0000000020003614                uwTick
                0x0000000020003618                . = ALIGN (0x4)
                0x0000000020003618                _ebss = .
                0x0000000020003618                __bss_end__ = _ebss

._user_heap_stack
                0x0000000020003618      0x600 load address 0x000000000800caa8
                0x0000000020003618                . = ALIGN (0x8)
                0x0000000020003618                PROVIDE (end = .)
                [!provide]                        PROVIDE (_end = .)
                0x0000000020003818                . = (. + _Min_Heap_Size)
 *fill*         0x0000000020003618      0x200 
                0x0000000020003c18                . = (. + _Min_Stack_Size)
 *fill*         0x0000000020003818      0x400 
                0x0000000020003c18                . = ALIGN (0x8)

/DISCARD/
 libc.a(*)
 libm.a(*)
 libgcc.a(*)

.ARM.attributes
                0x0000000000000000       0x29
 *(.ARM.attributes)
 .ARM.attributes
                0x0000000000000000       0x1d /Applications/STM32CubeIDE.app/Contents/Eclipse/plugins/com.st.stm32cube.ide.mcu.externaltools.gnu-tools-for-stm32.7-2018-q2-update.macos64_1.0.0.201904181610/tools/bin/../lib/gcc/arm-none-eabi/7.3.1/thumb/v7-m/crti.o
 .ARM.attributes
                0x000000000000001d       0x2d /Applications/STM32CubeIDE.app/Contents/Eclipse/plugins/com.st.stm32cube.ide.mcu.externaltools.gnu-tools-for-stm32.7-2018-q2-update.macos64_1.0.0.201904181610/tools/bin/../lib/gcc/arm-none-eabi/7.3.1/thumb/v7-m/crtbegin.o
 .ARM.attributes
                0x000000000000004a       0x33 Core/Src/MadgwickAHRS.o
 .ARM.attributes
                0x000000000000007d       0x33 Core/Src/crc.o
 .ARM.attributes
                0x00000000000000b0       0x33 Core/Src/dma.o
 .ARM.attributes
                0x00000000000000e3       0x33 Core/Src/freertos.o
 .ARM.attributes
                0x0000000000000116       0x33 Core/Src/gpio.o
 .ARM.attributes
                0x0000000000000149       0x33 Core/Src/hc05.o
 .ARM.attributes
                0x000000000000017c       0x33 Core/Src/i2c.o
 .ARM.attributes
                0x00000000000001af       0x33 Core/Src/kalman.o
 .ARM.attributes
                0x00000000000001e2       0x33 Core/Src/main.o
 .ARM.attributes
                0x0000000000000215       0x33 Core/Src/mpu9250.o
 .ARM.attributes
                0x0000000000000248       0x33 Core/Src/stm32f1xx_hal_msp.o
 .ARM.attributes
                0x000000000000027b       0x33 Core/Src/stm32f1xx_it.o
 .ARM.attributes
                0x00000000000002ae       0x33 Core/Src/system_stm32f1xx.o
 .ARM.attributes
                0x00000000000002e1       0x33 Core/Src/usart.o
 .ARM.attributes
                0x0000000000000314       0x21 Core/Startup/startup_stm32f103rbtx.o
 .ARM.attributes
                0x0000000000000335       0x33 Drivers/STM32F1xx_HAL_Driver/Src/stm32f1xx_hal.o
 .ARM.attributes
                0x0000000000000368       0x33 Drivers/STM32F1xx_HAL_Driver/Src/stm32f1xx_hal_cortex.o
 .ARM.attributes
                0x000000000000039b       0x33 Drivers/STM32F1xx_HAL_Driver/Src/stm32f1xx_hal_dma.o
 .ARM.attributes
                0x00000000000003ce       0x33 Drivers/STM32F1xx_HAL_Driver/Src/stm32f1xx_hal_gpio.o
 .ARM.attributes
                0x0000000000000401       0x33 Drivers/STM32F1xx_HAL_Driver/Src/stm32f1xx_hal_i2c.o
 .ARM.attributes
                0x0000000000000434       0x33 Drivers/STM32F1xx_HAL_Driver/Src/stm32f1xx_hal_rcc.o
 .ARM.attributes
                0x0000000000000467       0x33 Drivers/STM32F1xx_HAL_Driver/Src/stm32f1xx_hal_uart.o
 .ARM.attributes
                0x000000000000049a       0x33 Middlewares/Third_Party/FreeRTOS/Source/CMSIS_RTOS/cmsis_os.o
 .ARM.attributes
                0x00000000000004cd       0x33 Middlewares/Third_Party/FreeRTOS/Source/list.o
 .ARM.attributes
                0x0000000000000500       0x33 Middlewares/Third_Party/FreeRTOS/Source/tasks.o
 .ARM.attributes
                0x0000000000000533       0x33 Middlewares/Third_Party/FreeRTOS/Source/portable/GCC/ARM_CM3/port.o
 .ARM.attributes
                0x0000000000000566       0x33 Middlewares/Third_Party/FreeRTOS/Source/portable/MemMang/heap_4.o
 .ARM.attributes
                0x0000000000000599       0x2d /Applications/STM32CubeIDE.app/Contents/Eclipse/plugins/com.st.stm32cube.ide.mcu.externaltools.gnu-tools-for-stm32.7-2018-q2-update.macos64_1.0.0.201904181610/tools/bin/../lib/gcc/arm-none-eabi/7.3.1/../../../../arm-none-eabi/lib/thumb/v7-m/libc_nano.a(lib_a-errno.o)
 .ARM.attributes
                0x00000000000005c6       0x2d /Applications/STM32CubeIDE.app/Contents/Eclipse/plugins/com.st.stm32cube.ide.mcu.externaltools.gnu-tools-for-stm32.7-2018-q2-update.macos64_1.0.0.201904181610/tools/bin/../lib/gcc/arm-none-eabi/7.3.1/../../../../arm-none-eabi/lib/thumb/v7-m/libc_nano.a(lib_a-impure.o)
 .ARM.attributes
                0x00000000000005f3       0x2d /Applications/STM32CubeIDE.app/Contents/Eclipse/plugins/com.st.stm32cube.ide.mcu.externaltools.gnu-tools-for-stm32.7-2018-q2-update.macos64_1.0.0.201904181610/tools/bin/../lib/gcc/arm-none-eabi/7.3.1/../../../../arm-none-eabi/lib/thumb/v7-m/libc_nano.a(lib_a-init.o)
 .ARM.attributes
                0x0000000000000620       0x2d /Applications/STM32CubeIDE.app/Contents/Eclipse/plugins/com.st.stm32cube.ide.mcu.externaltools.gnu-tools-for-stm32.7-2018-q2-update.macos64_1.0.0.201904181610/tools/bin/../lib/gcc/arm-none-eabi/7.3.1/../../../../arm-none-eabi/lib/thumb/v7-m/libc_nano.a(lib_a-memset.o)
 .ARM.attributes
                0x000000000000064d       0x2d /Applications/STM32CubeIDE.app/Contents/Eclipse/plugins/com.st.stm32cube.ide.mcu.externaltools.gnu-tools-for-stm32.7-2018-q2-update.macos64_1.0.0.201904181610/tools/bin/../lib/gcc/arm-none-eabi/7.3.1/../../../../arm-none-eabi/lib/thumb/v7-m/libm.a(lib_a-sf_cos.o)
 .ARM.attributes
                0x000000000000067a       0x2d /Applications/STM32CubeIDE.app/Contents/Eclipse/plugins/com.st.stm32cube.ide.mcu.externaltools.gnu-tools-for-stm32.7-2018-q2-update.macos64_1.0.0.201904181610/tools/bin/../lib/gcc/arm-none-eabi/7.3.1/../../../../arm-none-eabi/lib/thumb/v7-m/libm.a(lib_a-sf_sin.o)
 .ARM.attributes
                0x00000000000006a7       0x2d /Applications/STM32CubeIDE.app/Contents/Eclipse/plugins/com.st.stm32cube.ide.mcu.externaltools.gnu-tools-for-stm32.7-2018-q2-update.macos64_1.0.0.201904181610/tools/bin/../lib/gcc/arm-none-eabi/7.3.1/../../../../arm-none-eabi/lib/thumb/v7-m/libm.a(lib_a-w_sqrt.o)
 .ARM.attributes
                0x00000000000006d4       0x2d /Applications/STM32CubeIDE.app/Contents/Eclipse/plugins/com.st.stm32cube.ide.mcu.externaltools.gnu-tools-for-stm32.7-2018-q2-update.macos64_1.0.0.201904181610/tools/bin/../lib/gcc/arm-none-eabi/7.3.1/../../../../arm-none-eabi/lib/thumb/v7-m/libm.a(lib_a-wf_asin.o)
 .ARM.attributes
                0x0000000000000701       0x2d /Applications/STM32CubeIDE.app/Contents/Eclipse/plugins/com.st.stm32cube.ide.mcu.externaltools.gnu-tools-for-stm32.7-2018-q2-update.macos64_1.0.0.201904181610/tools/bin/../lib/gcc/arm-none-eabi/7.3.1/../../../../arm-none-eabi/lib/thumb/v7-m/libm.a(lib_a-wf_atan2.o)
 .ARM.attributes
                0x000000000000072e       0x2d /Applications/STM32CubeIDE.app/Contents/Eclipse/plugins/com.st.stm32cube.ide.mcu.externaltools.gnu-tools-for-stm32.7-2018-q2-update.macos64_1.0.0.201904181610/tools/bin/../lib/gcc/arm-none-eabi/7.3.1/../../../../arm-none-eabi/lib/thumb/v7-m/libm.a(lib_a-wf_pow.o)
 .ARM.attributes
                0x000000000000075b       0x2d /Applications/STM32CubeIDE.app/Contents/Eclipse/plugins/com.st.stm32cube.ide.mcu.externaltools.gnu-tools-for-stm32.7-2018-q2-update.macos64_1.0.0.201904181610/tools/bin/../lib/gcc/arm-none-eabi/7.3.1/../../../../arm-none-eabi/lib/thumb/v7-m/libm.a(lib_a-wf_sqrt.o)
 .ARM.attributes
                0x0000000000000788       0x2d /Applications/STM32CubeIDE.app/Contents/Eclipse/plugins/com.st.stm32cube.ide.mcu.externaltools.gnu-tools-for-stm32.7-2018-q2-update.macos64_1.0.0.201904181610/tools/bin/../lib/gcc/arm-none-eabi/7.3.1/../../../../arm-none-eabi/lib/thumb/v7-m/libm.a(lib_a-e_sqrt.o)
 .ARM.attributes
                0x00000000000007b5       0x2d /Applications/STM32CubeIDE.app/Contents/Eclipse/plugins/com.st.stm32cube.ide.mcu.externaltools.gnu-tools-for-stm32.7-2018-q2-update.macos64_1.0.0.201904181610/tools/bin/../lib/gcc/arm-none-eabi/7.3.1/../../../../arm-none-eabi/lib/thumb/v7-m/libm.a(lib_a-ef_asin.o)
 .ARM.attributes
                0x00000000000007e2       0x2d /Applications/STM32CubeIDE.app/Contents/Eclipse/plugins/com.st.stm32cube.ide.mcu.externaltools.gnu-tools-for-stm32.7-2018-q2-update.macos64_1.0.0.201904181610/tools/bin/../lib/gcc/arm-none-eabi/7.3.1/../../../../arm-none-eabi/lib/thumb/v7-m/libm.a(lib_a-ef_atan2.o)
 .ARM.attributes
                0x000000000000080f       0x2d /Applications/STM32CubeIDE.app/Contents/Eclipse/plugins/com.st.stm32cube.ide.mcu.externaltools.gnu-tools-for-stm32.7-2018-q2-update.macos64_1.0.0.201904181610/tools/bin/../lib/gcc/arm-none-eabi/7.3.1/../../../../arm-none-eabi/lib/thumb/v7-m/libm.a(lib_a-ef_pow.o)
 .ARM.attributes
                0x000000000000083c       0x2d /Applications/STM32CubeIDE.app/Contents/Eclipse/plugins/com.st.stm32cube.ide.mcu.externaltools.gnu-tools-for-stm32.7-2018-q2-update.macos64_1.0.0.201904181610/tools/bin/../lib/gcc/arm-none-eabi/7.3.1/../../../../arm-none-eabi/lib/thumb/v7-m/libm.a(lib_a-ef_rem_pio2.o)
 .ARM.attributes
                0x0000000000000869       0x2d /Applications/STM32CubeIDE.app/Contents/Eclipse/plugins/com.st.stm32cube.ide.mcu.externaltools.gnu-tools-for-stm32.7-2018-q2-update.macos64_1.0.0.201904181610/tools/bin/../lib/gcc/arm-none-eabi/7.3.1/../../../../arm-none-eabi/lib/thumb/v7-m/libm.a(lib_a-ef_sqrt.o)
 .ARM.attributes
                0x0000000000000896       0x2d /Applications/STM32CubeIDE.app/Contents/Eclipse/plugins/com.st.stm32cube.ide.mcu.externaltools.gnu-tools-for-stm32.7-2018-q2-update.macos64_1.0.0.201904181610/tools/bin/../lib/gcc/arm-none-eabi/7.3.1/../../../../arm-none-eabi/lib/thumb/v7-m/libm.a(lib_a-kf_cos.o)
 .ARM.attributes
                0x00000000000008c3       0x2d /Applications/STM32CubeIDE.app/Contents/Eclipse/plugins/com.st.stm32cube.ide.mcu.externaltools.gnu-tools-for-stm32.7-2018-q2-update.macos64_1.0.0.201904181610/tools/bin/../lib/gcc/arm-none-eabi/7.3.1/../../../../arm-none-eabi/lib/thumb/v7-m/libm.a(lib_a-kf_rem_pio2.o)
 .ARM.attributes
                0x00000000000008f0       0x2d /Applications/STM32CubeIDE.app/Contents/Eclipse/plugins/com.st.stm32cube.ide.mcu.externaltools.gnu-tools-for-stm32.7-2018-q2-update.macos64_1.0.0.201904181610/tools/bin/../lib/gcc/arm-none-eabi/7.3.1/../../../../arm-none-eabi/lib/thumb/v7-m/libm.a(lib_a-kf_sin.o)
 .ARM.attributes