Archive member included to satisfy reference by file (symbol)

/Applications/STM32CubeIDE.app/Contents/Eclipse/plugins/com.st.stm32cube.ide.mcu.externaltools.gnu-tools-for-stm32.7-2018-q2-update.macos64_1.0.0.201904181610/tools/bin/../lib/gcc/arm-none-eabi/7.3.1/../../../../arm-none-eabi/lib/thumb/v7-m/libc_nano.a(lib_a-errno.o)
                              Core/Src/syscalls.o (__errno)
/Applications/STM32CubeIDE.app/Contents/Eclipse/plugins/com.st.stm32cube.ide.mcu.externaltools.gnu-tools-for-stm32.7-2018-q2-update.macos64_1.0.0.201904181610/tools/bin/../lib/gcc/arm-none-eabi/7.3.1/../../../../arm-none-eabi/lib/thumb/v7-m/libc_nano.a(lib_a-exit.o)
                              /Applications/STM32CubeIDE.app/Contents/Eclipse/plugins/com.st.stm32cube.ide.mcu.externaltools.gnu-tools-for-stm32.7-2018-q2-update.macos64_1.0.0.201904181610/tools/bin/../lib/gcc/arm-none-eabi/7.3.1/../../../../arm-none-eabi/lib/thumb/v7-m/crt0.o (exit)
/Applications/STM32CubeIDE.app/Contents/Eclipse/plugins/com.st.stm32cube.ide.mcu.externaltools.gnu-tools-for-stm32.7-2018-q2-update.macos64_1.0.0.201904181610/tools/bin/../lib/gcc/arm-none-eabi/7.3.1/../../../../arm-none-eabi/lib/thumb/v7-m/libc_nano.a(lib_a-impure.o)
                              /Applications/STM32CubeIDE.app/Contents/Eclipse/plugins/com.st.stm32cube.ide.mcu.externaltools.gnu-tools-for-stm32.7-2018-q2-update.macos64_1.0.0.201904181610/tools/bin/../lib/gcc/arm-none-eabi/7.3.1/../../../../arm-none-eabi/lib/thumb/v7-m/libc_nano.a(lib_a-exit.o) (_global_impure_ptr)
/Applications/STM32CubeIDE.app/Contents/Eclipse/plugins/com.st.stm32cube.ide.mcu.externaltools.gnu-tools-for-stm32.7-2018-q2-update.macos64_1.0.0.201904181610/tools/bin/../lib/gcc/arm-none-eabi/7.3.1/../../../../arm-none-eabi/lib/thumb/v7-m/libc_nano.a(lib_a-init.o)
                              /Applications/STM32CubeIDE.app/Contents/Eclipse/plugins/com.st.stm32cube.ide.mcu.externaltools.gnu-tools-for-stm32.7-2018-q2-update.macos64_1.0.0.201904181610/tools/bin/../lib/gcc/arm-none-eabi/7.3.1/../../../../arm-none-eabi/lib/thumb/v7-m/crt0.o (__libc_init_array)
/Applications/STM32CubeIDE.app/Contents/Eclipse/plugins/com.st.stm32cube.ide.mcu.externaltools.gnu-tools-for-stm32.7-2018-q2-update.macos64_1.0.0.201904181610/tools/bin/../lib/gcc/arm-none-eabi/7.3.1/../../../../arm-none-eabi/lib/thumb/v7-m/libc_nano.a(lib_a-memcpy-stub.o)
                              Middlewares/Third_Party/FreeRTOS/Source/queue.o (memcpy)
/Applications/STM32CubeIDE.app/Contents/Eclipse/plugins/com.st.stm32cube.ide.mcu.externaltools.gnu-tools-for-stm32.7-2018-q2-update.macos64_1.0.0.201904181610/tools/bin/../lib/gcc/arm-none-eabi/7.3.1/../../../../arm-none-eabi/lib/thumb/v7-m/libc_nano.a(lib_a-memset.o)
                              /Applications/STM32CubeIDE.app/Contents/Eclipse/plugins/com.st.stm32cube.ide.mcu.externaltools.gnu-tools-for-stm32.7-2018-q2-update.macos64_1.0.0.201904181610/tools/bin/../lib/gcc/arm-none-eabi/7.3.1/../../../../arm-none-eabi/lib/thumb/v7-m/crt0.o (memset)
/Applications/STM32CubeIDE.app/Contents/Eclipse/plugins/com.st.stm32cube.ide.mcu.externaltools.gnu-tools-for-stm32.7-2018-q2-update.macos64_1.0.0.201904181610/tools/bin/../lib/gcc/arm-none-eabi/7.3.1/../../../../arm-none-eabi/lib/thumb/v7-m/libm.a(lib_a-s_cos.o)
                              Core/Src/quaternion.o (cos)
/Applications/STM32CubeIDE.app/Contents/Eclipse/plugins/com.st.stm32cube.ide.mcu.externaltools.gnu-tools-for-stm32.7-2018-q2-update.macos64_1.0.0.201904181610/tools/bin/../lib/gcc/arm-none-eabi/7.3.1/../../../../arm-none-eabi/lib/thumb/v7-m/libm.a(lib_a-sf_cos.o)
                              Core/Src/mpu9250.o (cosf)
/Applications/STM32CubeIDE.app/Contents/Eclipse/plugins/com.st.stm32cube.ide.mcu.externaltools.gnu-tools-for-stm32.7-2018-q2-update.macos64_1.0.0.201904181610/tools/bin/../lib/gcc/arm-none-eabi/7.3.1/../../../../arm-none-eabi/lib/thumb/v7-m/libm.a(lib_a-sf_sin.o)
                              Core/Src/mpu9250.o (sinf)
/Applications/STM32CubeIDE.app/Contents/Eclipse/plugins/com.st.stm32cube.ide.mcu.externaltools.gnu-tools-for-stm32.7-2018-q2-update.macos64_1.0.0.201904181610/tools/bin/../lib/gcc/arm-none-eabi/7.3.1/../../../../arm-none-eabi/lib/thumb/v7-m/libm.a(lib_a-w_atan2.o)
                              Core/Src/quaternion.o (atan2)
/Applications/STM32CubeIDE.app/Contents/Eclipse/plugins/com.st.stm32cube.ide.mcu.externaltools.gnu-tools-for-stm32.7-2018-q2-update.macos64_1.0.0.201904181610/tools/bin/../lib/gcc/arm-none-eabi/7.3.1/../../../../arm-none-eabi/lib/thumb/v7-m/libm.a(lib_a-w_pow.o)
                              Core/Src/quaternion.o (pow)
/Applications/STM32CubeIDE.app/Contents/Eclipse/plugins/com.st.stm32cube.ide.mcu.externaltools.gnu-tools-for-stm32.7-2018-q2-update.macos64_1.0.0.201904181610/tools/bin/../lib/gcc/arm-none-eabi/7.3.1/../../../../arm-none-eabi/lib/thumb/v7-m/libm.a(lib_a-w_sqrt.o)
                              Core/Src/MadgwickAHRS.o (sqrt)
[...]
Memory Configuration

Name             Origin             Length             Attributes
RAM              0x0000000020000000 0x0000000000005000 xrw
FLASH            0x0000000008000000 0x0000000000020000 xr
*default*        0x0000000000000000 0xffffffffffffffff

Linker script and memory map

LOAD /Applications/STM32CubeIDE.app/Contents/Eclipse/plugins/com.st.stm32cube.ide.mcu.externaltools.gnu-tools-for-stm32.7-2018-q2-update.macos64_1.0.0.201904181610/tools/bin/../lib/gcc/arm-none-eabi/7.3.1/thumb/v7-m/crti.o
LOAD /Applications/STM32CubeIDE.app/Contents/Eclipse/plugins/com.st.stm32cube.ide.mcu.externaltools.gnu-tools-for-stm32.7-2018-q2-update.macos64_1.0.0.201904181610/tools/bin/../lib/gcc/arm-none-eabi/7.3.1/thumb/v7-m/crtbegin.o
LOAD /Applications/STM32CubeIDE.app/Contents/Eclipse/plugins/com.st.stm32cube.ide.mcu.externaltools.gnu-tools-for-stm32.7-2018-q2-update.macos64_1.0.0.201904181610/tools/bin/../lib/gcc/arm-none-eabi/7.3.1/../../../../arm-none-eabi/lib/thumb/v7-m/crt0.o
LOAD Core/Src/MadgwickAHRS.o
LOAD Core/Src/MahonyAHRS.o
LOAD Core/Src/crc.o
LOAD Core/Src/dma.o
LOAD Core/Src/freertos.o
LOAD Core/Src/gpio.o
LOAD Core/Src/hc05.o
LOAD Core/Src/i2c.o
LOAD Core/Src/kalman.o
LOAD Core/Src/main.o
LOAD Core/Src/mpu9250.o
LOAD Core/Src/quaternion.o
LOAD Core/Src/stm32f1xx_hal_msp.o
LOAD Core/Src/stm32f1xx_it.o
LOAD Core/Src/sys.o
LOAD Core/Src/syscalls.o
LOAD Core/Src/sysmem.o
LOAD Core/Src/system_stm32f1xx.o
LOAD Core/Src/usart.o
LOAD Core/Startup/startup_stm32f103rbtx.o
LOAD Drivers/STM32F1xx_HAL_Driver/Src/stm32f1xx_hal.o
LOAD Drivers/STM32F1xx_HAL_Driver/Src/stm32f1xx_hal_cortex.o
LOAD Drivers/STM32F1xx_HAL_Driver/Src/stm32f1xx_hal_dma.o
LOAD Drivers/STM32F1xx_HAL_Driver/Src/stm32f1xx_hal_exti.o
LOAD Drivers/STM32F1xx_HAL_Driver/Src/stm32f1xx_hal_flash.o
LOAD Drivers/STM32F1xx_HAL_Driver/Src/stm32f1xx_hal_flash_ex.o
LOAD Drivers/STM32F1xx_HAL_Driver/Src/stm32f1xx_hal_gpio.o
LOAD Drivers/STM32F1xx_HAL_Driver/Src/stm32f1xx_hal_gpio_ex.o
LOAD Drivers/STM32F1xx_HAL_Driver/Src/stm32f1xx_hal_i2c.o
LOAD Drivers/STM32F1xx_HAL_Driver/Src/stm32f1xx_hal_pwr.o
LOAD Drivers/STM32F1xx_HAL_Driver/Src/stm32f1xx_hal_rcc.o
LOAD Drivers/STM32F1xx_HAL_Driver/Src/stm32f1xx_hal_rcc_ex.o
LOAD Drivers/STM32F1xx_HAL_Driver/Src/stm32f1xx_hal_tim.o
LOAD Drivers/STM32F1xx_HAL_Driver/Src/stm32f1xx_hal_tim_ex.o
LOAD Drivers/STM32F1xx_HAL_Driver/Src/stm32f1xx_hal_uart.o
LOAD Middlewares/Third_Party/FreeRTOS/Source/CMSIS_RTOS/cmsis_os.o
LOAD Middlewares/Third_Party/FreeRTOS/Source/croutine.o
LOAD Middlewares/Third_Party/FreeRTOS/Source/event_groups.o
LOAD Middlewares/Third_Party/FreeRTOS/Source/list.o
LOAD Middlewares/Third_Party/FreeRTOS/Source/queue.o
LOAD Middlewares/Third_Party/FreeRTOS/Source/stream_buffer.o
LOAD Middlewares/Third_Party/FreeRTOS/Source/tasks.o
LOAD Middlewares/Third_Party/FreeRTOS/Source/timers.o
LOAD Middlewares/Third_Party/FreeRTOS/Source/portable/GCC/ARM_CM3/port.o
LOAD Middlewares/Third_Party/FreeRTOS/Source/portable/MemMang/heap_4.o
START GROUP
LOAD /Applications/STM32CubeIDE.app/Contents/Eclipse/plugins/com.st.stm32cube.ide.mcu.externaltools.gnu-tools-for-stm32.7-2018-q2-update.macos64_1.0.0.201904181610/tools/bin/../lib/gcc/arm-none-eabi/7.3.1/../../../../arm-none-eabi/lib/thumb/v7-m/libc_nano.a
LOAD /Applications/STM32CubeIDE.app/Contents/Eclipse/plugins/com.st.stm32cube.ide.mcu.externaltools.gnu-tools-for-stm32.7-2018-q2-update.macos64_1.0.0.201904181610/tools/bin/../lib/gcc/arm-none-eabi/7.3.1/../../../../arm-none-eabi/lib/thumb/v7-m/libm.a
END GROUP
START GROUP
LOAD /Applications/STM32CubeIDE.app/Contents/Eclipse/plugins/com.st.stm32cube.ide.mcu.externaltools.gnu-tools-for-stm32.7-2018-q2-update.macos64_1.0.0.201904181610/tools/bin/../lib/gcc/arm-none-eabi/7.3.1/thumb/v7-m/libgcc.a
LOAD /Applications/STM32CubeIDE.app/Contents/Eclipse/plugins/com.st.stm32cube.ide.mcu.externaltools.gnu-tools-for-stm32.7-2018-q2-update.macos64_1.0.0.201904181610/tools/bin/../lib/gcc/arm-none-eabi/7.3.1/../../../../arm-none-eabi/lib/thumb/v7-m/libc_nano.a
END GROUP
START GROUP
LOAD /Applications/STM32CubeIDE.app/Contents/Eclipse/plugins/com.st.stm32cube.ide.mcu.externaltools.gnu-tools-for-stm32.7-2018-q2-update.macos64_1.0.0.201904181610/tools/bin/../lib/gcc/arm-none-eabi/7.3.1/thumb/v7-m/libgcc.a
LOAD /Applications/STM32CubeIDE.app/Contents/Eclipse/plugins/com.st.stm32cube.ide.mcu.externaltools.gnu-tools-for-stm32.7-2018-q2-update.macos64_1.0.0.201904181610/tools/bin/../lib/gcc/arm-none-eabi/7.3.1/../../../../arm-none-eabi/lib/thumb/v7-m/libc_nano.a
LOAD /Applications/STM32CubeIDE.app/Contents/Eclipse/plugins/com.st.stm32cube.ide.mcu.externaltools.gnu-tools-for-stm32.7-2018-q2-update.macos64_1.0.0.201904181610/tools/bin/../lib/gcc/arm-none-eabi/7.3.1/../../../../arm-none-eabi/lib/thumb/v7-m/libnosys.a
END GROUP
START GROUP
LOAD /Applications/STM32CubeIDE.app/Contents/Eclipse/plugins/com.st.stm32cube.ide.mcu.externaltools.gnu-tools-for-stm32.7-2018-q2-update.macos64_1.0.0.201904181610/tools/bin/../lib/gcc/arm-none-eabi/7.3.1/thumb/v7-m/libgcc.a
LOAD /Applications/STM32CubeIDE.app/Contents/Eclipse/plugins/com.st.stm32cube.ide.mcu.externaltools.gnu-tools-for-stm32.7-2018-q2-update.macos64_1.0.0.201904181610/tools/bin/../lib/gcc/arm-none-eabi/7.3.1/../../../../arm-none-eabi/lib/thumb/v7-m/libc_nano.a
LOAD /Applications/STM32CubeIDE.app/Contents/Eclipse/plugins/com.st.stm32cube.ide.mcu.externaltools.gnu-tools-for-stm32.7-2018-q2-update.macos64_1.0.0.201904181610/tools/bin/../lib/gcc/arm-none-eabi/7.3.1/../../../../arm-none-eabi/lib/thumb/v7-m/libnosys.a
END GROUP
LOAD /Applications/STM32CubeIDE.app/Contents/Eclipse/plugins/com.st.stm32cube.ide.mcu.externaltools.gnu-tools-for-stm32.7-2018-q2-update.macos64_1.0.0.201904181610/tools/bin/../lib/gcc/arm-none-eabi/7.3.1/thumb/v7-m/crtend.o
LOAD /Applications/STM32CubeIDE.app/Contents/Eclipse/plugins/com.st.stm32cube.ide.mcu.externaltools.gnu-tools-for-stm32.7-2018-q2-update.macos64_1.0.0.201904181610/tools/bin/../lib/gcc/arm-none-eabi/7.3.1/thumb/v7-m/crtn.o
                0x0000000020005000                _estack = (ORIGIN (RAM) + LENGTH (RAM))
                0x0000000000000200                _Min_Heap_Size = 0x200
                0x0000000000000400                _Min_Stack_Size = 0x400

.isr_vector     0x0000000008000000      0x10c
                0x0000000008000000                . = ALIGN (0x4)
 *(.isr_vector)
 .isr_vector    0x0000000008000000      0x10c Core/Startup/startup_stm32f103rbtx.o
                0x0000000008000000                g_pfnVectors
                0x000000000800010c                . = ALIGN (0x4)

.text           0x0000000008000110     0xf1bc
                0x0000000008000110                . = ALIGN (0x4)
 *(.text)
 .text          0x0000000008000110       0x40 /Applications/STM32CubeIDE.app/Contents/Eclipse/plugins/com.st.stm32cube.ide.mcu.externaltools.gnu-tools-for-stm32.7-2018-q2-update.macos64_1.0.0.201904181610/tools/bin/../lib/gcc/arm-none-eabi/7.3.1/thumb/v7-m/crtbegin.o
 .text          0x0000000008000150      0x378 /Applications/STM32CubeIDE.app/Contents/Eclipse/plugins/com.st.stm32cube.ide.mcu.externaltools.gnu-tools-for-stm32.7-2018-q2-update.macos64_1.0.0.201904181610/tools/bin/../lib/gcc/arm-none-eabi/7.3.1/thumb/v7-m/libgcc.a(_arm_addsubdf3.o)
                0x0000000008000150                __aeabi_drsub
                0x0000000008000158                __subdf3
                0x0000000008000158                __aeabi_dsub
                0x000000000800015c                __aeabi_dadd
                0x000000000800015c                __adddf3
                0x00000000080003d4                __aeabi_ui2d
                0x00000000080003d4                __floatunsidf
                0x00000000080003f4                __floatsidf
                0x00000000080003f4                __aeabi_i2d
                0x0000000008000418                __extendsfdf2
                0x0000000008000418                __aeabi_f2d
                0x000000000800045c                __aeabi_ul2d
                0x000000000800045c                __floatundidf
                0x000000000800046c                __aeabi_l2d
                0x000000000800046c                __floatdidf
 .text          0x00000000080004c8      0x424 /Applications/STM32CubeIDE.app/Contents/Eclipse/plugins/com.st.stm32cube.ide.mcu.externaltools.gnu-tools-for-stm32.7-2018-q2-update.macos64_1.0.0.201904181610/tools/bin/../lib/gcc/arm-none-eabi/7.3.1/thumb/v7-m/libgcc.a(_arm_muldivdf3.o)
                0x00000000080004c8                __aeabi_dmul
                0x00000000080004c8                __muldf3
                0x000000000800071c                __aeabi_ddiv
                0x000000000800071c                __divdf3
 .text          0x00000000080008ec      0x110 /Applications/STM32CubeIDE.app/Contents/Eclipse/plugins/com.st.stm32cube.ide.mcu.externaltools.gnu-tools-for-stm32.7-2018-q2-update.macos64_1.0.0.201904181610/tools/bin/../lib/gcc/arm-none-eabi/7.3.1/thumb/v7-m/libgcc.a(_arm_cmpdf2.o)
                0x00000000080008ec                __gedf2
                0x00000000080008ec                __gtdf2
                0x00000000080008f4                __ledf2
                0x00000000080008f4                __ltdf2
                0x00000000080008fc                __cmpdf2
                0x00000000080008fc                __eqdf2
                0x00000000080008fc                __nedf2
                0x0000000008000978                __aeabi_cdrcmple
                0x0000000008000988                __aeabi_cdcmple
                0x0000000008000988                __aeabi_cdcmpeq
                0x0000000008000998                __aeabi_dcmpeq
                0x00000000080009ac                __aeabi_dcmplt
                0x00000000080009c0                __aeabi_dcmple
                0x00000000080009d4                __aeabi_dcmpge
                0x00000000080009e8                __aeabi_dcmpgt
 .text          0x00000000080009fc       0x2c /Applications/STM32CubeIDE.app/Contents/Eclipse/plugins/com.st.stm32cube.ide.mcu.externaltools.gnu-tools-for-stm32.7-2018-q2-update.macos64_1.0.0.201904181610/tools/bin/../lib/gcc/arm-none-eabi/7.3.1/thumb/v7-m/libgcc.a(_arm_unorddf2.o)
                0x00000000080009fc                __aeabi_dcmpun
                0x00000000080009fc                __unorddf2
 .text          0x0000000008000a28       0x50 /Applications/STM32CubeIDE.app/Contents/Eclipse/plugins/com.st.stm32cube.ide.mcu.externaltools.gnu-tools-for-stm32.7-2018-q2-update.macos64_1.0.0.201904181610/tools/bin/../lib/gcc/arm-none-eabi/7.3.1/thumb/v7-m/libgcc.a(_arm_fixdfsi.o)
                0x0000000008000a28                __fixdfsi
                0x0000000008000a28                __aeabi_d2iz
 .text          0x0000000008000a78       0xa0 /Applications/STM32CubeIDE.app/Contents/Eclipse/plugins/com.st.stm32cube.ide.mcu.externaltools.gnu-tools-for-stm32.7-2018-q2-update.macos64_1.0.0.201904181610/tools/bin/../lib/gcc/arm-none-eabi/7.3.1/thumb/v7-m/libgcc.a(_arm_truncdfsf2.o)
                0x0000000008000a78                __aeabi_d2f
                0x0000000008000a78                __truncdfsf2
 .text          0x0000000008000b18      0x21c /Applications/STM32CubeIDE.app/Contents/Eclipse/plugins/com.st.stm32cube.ide.mcu.externaltools.gnu-tools-for-stm32.7-2018-q2-update.macos64_1.0.0.201904181610/tools/bin/../lib/gcc/arm-none-eabi/7.3.1/thumb/v7-m/libgcc.a(_arm_addsubsf3.o)
                0x0000000008000b18                __aeabi_frsub
                0x0000000008000b20                __aeabi_fsub
                0x0000000008000b20                __subsf3
                0x0000000008000b24                __aeabi_fadd
                0x0000000008000b24                __addsf3
                0x0000000008000c84                __aeabi_ui2f
                0x0000000008000c84                __floatunsisf
                0x0000000008000c8c                __floatsisf
                0x0000000008000c8c                __aeabi_i2f
                0x0000000008000ca8                __aeabi_ul2f
                0x0000000008000ca8                __floatundisf
                0x0000000008000cb8                __aeabi_l2f
                0x0000000008000cb8                __floatdisf
 .text          0x0000000008000d34      0x2a0 /Applications/STM32CubeIDE.app/Contents/Eclipse/plugins/com.st.stm32cube.ide.mcu.externaltools.gnu-tools-for-stm32.7-2018-q2-update.macos64_1.0.0.201904181610/tools/bin/../lib/gcc/arm-none-eabi/7.3.1/thumb/v7-m/libgcc.a(_arm_muldivsf3.o)
                0x0000000008000d34                __mulsf3
                0x0000000008000d34                __aeabi_fmul
                0x0000000008000e9c                __divsf3
                0x0000000008000e9c                __aeabi_fdiv
 .text          0x0000000008000fd4       0xec /Applications/STM32CubeIDE.app/Contents/Eclipse/plugins/com.st.stm32cube.ide.mcu.externaltools.gnu-tools-for-stm32.7-2018-q2-update.macos64_1.0.0.201904181610/tools/bin/../lib/gcc/arm-none-eabi/7.3.1/thumb/v7-m/libgcc.a(_arm_cmpsf2.o)
                0x0000000008000fd4                __gesf2
                0x0000000008000fd4                __gtsf2
                0x0000000008000fdc                __ltsf2
                0x0000000008000fdc                __lesf2
                0x0000000008000fe4                __nesf2
                0x0000000008000fe4                __eqsf2
                0x0000000008000fe4                __cmpsf2
                0x0000000008001044                __aeabi_cfrcmple
                0x000000000800104c                __aeabi_cfcmpeq
                0x000000000800104c                __aeabi_cfcmple
                0x000000000800105c                __aeabi_fcmpeq
                0x0000000008001070                __aeabi_fcmplt
                0x0000000008001084                __aeabi_fcmple
                0x0000000008001098                __aeabi_fcmpge
                0x00000000080010ac                __aeabi_fcmpgt
 .text          0x00000000080010c0       0x2c /Applications/STM32CubeIDE.app/Contents/Eclipse/plugins/com.st.stm32cube.ide.mcu.externaltools.gnu-tools-for-stm32.7-2018-q2-update.macos64_1.0.0.201904181610/tools/bin/../lib/gcc/arm-none-eabi/7.3.1/thumb/v7-m/libgcc.a(_arm_unordsf2.o)
                0x00000000080010c0                __aeabi_fcmpun
                0x00000000080010c0                __unordsf2
 .text          0x00000000080010ec       0x4c /Applications/STM32CubeIDE.app/Contents/Eclipse/plugins/com.st.stm32cube.ide.mcu.externaltools.gnu-tools-for-stm32.7-2018-q2-update.macos64_1.0.0.201904181610/tools/bin/../lib/gcc/arm-none-eabi/7.3.1/thumb/v7-m/libgcc.a(_arm_fixsfsi.o)
                0x00000000080010ec                __fixsfsi
                0x00000000080010ec                __aeabi_f2iz
 *(.text*)
 .text.MadgwickAHRSupdate
                0x0000000008001138     0x1380 Core/Src/MadgwickAHRS.o
                0x0000000008001138                MadgwickAHRSupdate
 .text.MadgwickAHRSupdateIMU
                0x00000000080024b8      0x7b8 Core/Src/MadgwickAHRS.o
                0x00000000080024b8                MadgwickAHRSupdateIMU
 .text.invSqrt  0x0000000008002c70       0x78 Core/Src/MadgwickAHRS.o
                0x0000000008002c70                invSqrt
 .text.CRC8_SingleByte
                0x0000000008002ce8       0x54 Core/Src/crc.o
                0x0000000008002ce8                CRC8_SingleByte
 .text.CRC8_DataArray
                0x0000000008002d3c       0x44 Core/Src/crc.o
                0x0000000008002d3c                CRC8_DataArray
 .text.MX_DMA_Init
                0x0000000008002d80       0x6c Core/Src/dma.o
                0x0000000008002d80                MX_DMA_Init
 .text.vApplicationGetIdleTaskMemory
                0x0000000008002dec       0x30 Core/Src/freertos.o
                0x0000000008002dec                vApplicationGetIdleTaskMemory
 .text.MX_FREERTOS_Init
                0x0000000008002e1c       0x68 Core/Src/freertos.o
                0x0000000008002e1c                MX_FREERTOS_Init
 .text.Start_USART_Task
                0x0000000008002e84       0xa4 Core/Src/freertos.o
                0x0000000008002e84                Start_USART_Task
 .text.Start_IMU_Task
                0x0000000008002f28      0x454 Core/Src/freertos.o
                0x0000000008002f28                Start_IMU_Task
 .text.HAL_UART_RxCpltCallback
                0x000000000800337c       0x64 Core/Src/freertos.o
                0x000000000800337c                HAL_UART_RxCpltCallback
 .text.MX_GPIO_Init
                0x00000000080033e0       0xdc Core/Src/gpio.o
                0x00000000080033e0                MX_GPIO_Init
 .text.HC05_Divide_int16
                0x00000000080034bc       0x3a Core/Src/hc05.o
                0x00000000080034bc                HC05_Divide_int16
 .text.HC05_Merge_bytes
                0x00000000080034f6       0x46 Core/Src/hc05.o
                0x00000000080034f6                HC05_Merge_bytes
 .text.HC05_Fill_Data_frame_to_PC
                0x000000000800353c      0x2f0 Core/Src/hc05.o
                0x000000000800353c                HC05_Fill_Data_frame_to_PC
 .text.HC05_Parse_Data_frame
                0x000000000800382c       0xb6 Core/Src/hc05.o
                0x000000000800382c                HC05_Parse_Data_frame
 *fill*         0x00000000080038e2        0x2 
 .text.MX_I2C1_Init
                0x00000000080038e4       0x5c Core/Src/i2c.o
                0x00000000080038e4                MX_I2C1_Init
 .text.HAL_I2C_MspInit
                0x0000000008003940      0x124 Core/Src/i2c.o
                0x0000000008003940                HAL_I2C_MspInit
 .text.Kalman_filter_init
                0x0000000008003a64       0xfe Core/Src/kalman.o
                0x0000000008003a64                Kalman_filter_init
 *fill*         0x0000000008003b62        0x2 
 .text.Kalman_filter_calculate
                0x0000000008003b64      0x4c8 Core/Src/kalman.o
                0x0000000008003b64                Kalman_filter_calculate
 .text.main     0x000000000800402c       0x26 Core/Src/main.o
                0x000000000800402c                main
 .text.SystemClock_Config
                0x0000000008004052       0x82 Core/Src/main.o
                0x0000000008004052                SystemClock_Config
 .text.Error_Handler
                0x00000000080040d4        0xc Core/Src/main.o
                0x00000000080040d4                Error_Handler
 .text.MPU9250_Accelerometer_Configuration
                0x00000000080040e0       0xa4 Core/Src/mpu9250.o
                0x00000000080040e0                MPU9250_Accelerometer_Configuration
 .text.MPU9250_Gyroscope_Configuration
                0x0000000008004184       0xe4 Core/Src/mpu9250.o
                0x0000000008004184                MPU9250_Gyroscope_Configuration
 .text.MPU9250_Magnetometer_Configuration
                0x0000000008004268      0x2bc Core/Src/mpu9250.o
                0x0000000008004268                MPU9250_Magnetometer_Configuration
 .text.MPU9250_Init
                0x0000000008004524      0x110 Core/Src/mpu9250.o
                0x0000000008004524                MPU9250_Init
 .text.MPU9250_Read_Accelerometer
                0x0000000008004634      0x150 Core/Src/mpu9250.o
                0x0000000008004634                MPU9250_Read_Accelerometer
 .text.MPU9250_Read_Gyroscope
                0x0000000008004784      0x180 Core/Src/mpu9250.o
                0x0000000008004784                MPU9250_Read_Gyroscope
 .text.MPU9250_Read_Magnetometer
                0x0000000008004904      0x1ba Core/Src/mpu9250.o
                0x0000000008004904                MPU9250_Read_Magnetometer
 *fill*         0x0000000008004abe        0x2 
 .text.MPU9250_Calibration_Acce
                0x0000000008004ac0       0xe4 Core/Src/mpu9250.o
                0x0000000008004ac0                MPU9250_Calibration_Acce
 .text.MPU9250_Calibration_Gyro
                0x0000000008004ba4      0x10c Core/Src/mpu9250.o
                0x0000000008004ba4                MPU9250_Calibration_Gyro
 .text.MPU9250_Calculate_RPY
                0x0000000008004cb0      0xd5c Core/Src/mpu9250.o
                0x0000000008004cb0                MPU9250_Calculate_RPY
 .text.Complementary_filter
                0x0000000008005a0c      0x1ea Core/Src/mpu9250.o
                0x0000000008005a0c                Complementary_filter
 .text.Kalman_filter
                0x0000000008005bf6      0x168 Core/Src/mpu9250.o
                0x0000000008005bf6                Kalman_filter
 *fill*         0x0000000008005d5e        0x2 
 .text.Madgwick_filter
                0x0000000008005d60      0x280 Core/Src/mpu9250.o
                0x0000000008005d60                Madgwick_filter
 .text.quaternion_init
                0x0000000008005fe0       0x4c Core/Src/quaternion.o
                0x0000000008005fe0                quaternion_init
 .text.euler_init
                0x000000000800602c       0x2a Core/Src/quaternion.o
                0x000000000800602c                euler_init
 .text.quaternion_tensor_product
                0x0000000008006056      0x2d0 Core/Src/quaternion.o
                0x0000000008006056                quaternion_tensor_product
 .text.quaternion_normalise
                0x0000000008006326      0x100 Core/Src/quaternion.o
                0x0000000008006326                quaternion_normalise
 *fill*         0x0000000008006426        0x2 
 .text.quaternion_to_matrix
                0x0000000008006428      0x3d4 Core/Src/quaternion.o
                0x0000000008006428                quaternion_to_matrix
 *fill*         0x00000000080067fc        0x4 
 .text.matrix_to_euler
                0x0000000008006800      0x1b0 Core/Src/quaternion.o
                0x0000000008006800                matrix_to_euler
 .text.HAL_MspInit
                0x00000000080069b0       0x70 Core/Src/stm32f1xx_hal_msp.o
                0x00000000080069b0                HAL_MspInit
 .text.NMI_Handler
                0x0000000008006a20        0xc Core/Src/stm32f1xx_it.o
                0x0000000008006a20                NMI_Handler
 .text.HardFault_Handler
                0x0000000008006a2c        0x6 Core/Src/stm32f1xx_it.o
                0x0000000008006a2c                HardFault_Handler
 .text.MemManage_Handler
                0x0000000008006a32        0x6 Core/Src/stm32f1xx_it.o
                0x0000000008006a32                MemManage_Handler
 .text.BusFault_Handler
                0x0000000008006a38        0x6 Core/Src/stm32f1xx_it.o
                0x0000000008006a38                BusFault_Handler
 .text.UsageFault_Handler
                0x0000000008006a3e        0x6 Core/Src/stm32f1xx_it.o
                0x0000000008006a3e                UsageFault_Handler
 .text.DebugMon_Handler
                0x0000000008006a44        0xc Core/Src/stm32f1xx_it.o
                0x0000000008006a44                DebugMon_Handler
 .text.SysTick_Handler
                0x0000000008006a50       0x1a Core/Src/stm32f1xx_it.o
                0x0000000008006a50                SysTick_Handler
 *fill*         0x0000000008006a6a        0x2 
 .text.DMA1_Channel4_IRQHandler
                0x0000000008006a6c       0x14 Core/Src/stm32f1xx_it.o
                0x0000000008006a6c                DMA1_Channel4_IRQHandler
 .text.DMA1_Channel5_IRQHandler
                0x0000000008006a80       0x14 Core/Src/stm32f1xx_it.o
                0x0000000008006a80                DMA1_Channel5_IRQHandler
 .text.DMA1_Channel6_IRQHandler
                0x0000000008006a94       0x14 Core/Src/stm32f1xx_it.o
                0x0000000008006a94                DMA1_Channel6_IRQHandler
 .text.DMA1_Channel7_IRQHandler
                0x0000000008006aa8       0x14 Core/Src/stm32f1xx_it.o
                0x0000000008006aa8                DMA1_Channel7_IRQHandler
 .text.USART1_IRQHandler
                0x0000000008006abc       0x14 Core/Src/stm32f1xx_it.o
                0x0000000008006abc                USART1_IRQHandler
 .text.EXTI15_10_IRQHandler
                0x0000000008006ad0       0x10 Core/Src/stm32f1xx_it.o
                0x0000000008006ad0                EXTI15_10_IRQHandler
 .text.SystemInit
                0x0000000008006ae0       0x68 Core/Src/system_stm32f1xx.o
                0x0000000008006ae0                SystemInit
 .text.MX_USART1_UART_Init
                0x0000000008006b48       0x54 Core/Src/usart.o
                0x0000000008006b48                MX_USART1_UART_Init
 .text.HAL_UART_MspInit
                0x0000000008006b9c      0x154 Core/Src/usart.o
                0x0000000008006b9c                HAL_UART_MspInit
 .text.Reset_Handler
                0x0000000008006cf0       0x48 Core/Startup/startup_stm32f103rbtx.o
                0x0000000008006cf0                Reset_Handler
 .text.Default_Handler
                0x0000000008006d38        0x2 Core/Startup/startup_stm32f103rbtx.o
                0x0000000008006d38                USBWakeUp_IRQHandler
                0x0000000008006d38                EXTI2_IRQHandler
                0x0000000008006d38                TIM1_CC_IRQHandler
                0x0000000008006d38                PVD_IRQHandler
                0x0000000008006d38                EXTI3_IRQHandler
                0x0000000008006d38                EXTI0_IRQHandler
                0x0000000008006d38                I2C2_EV_IRQHandler
                0x0000000008006d38                ADC1_2_IRQHandler
                0x0000000008006d38                SPI1_IRQHandler
                0x0000000008006d38                TAMPER_IRQHandler
                0x0000000008006d38                USART3_IRQHandler
                0x0000000008006d38                RTC_IRQHandler
                0x0000000008006d38                CAN1_RX1_IRQHandler
                0x0000000008006d38                TIM4_IRQHandler
                0x0000000008006d38                I2C1_EV_IRQHandler
                0x0000000008006d38                TIM3_IRQHandler
                0x0000000008006d38                RCC_IRQHandler
                0x0000000008006d38                TIM1_TRG_COM_IRQHandler
                0x0000000008006d38                DMA1_Channel1_IRQHandler
                0x0000000008006d38                Default_Handler
                0x0000000008006d38                EXTI9_5_IRQHandler
                0x0000000008006d38                SPI2_IRQHandler
                0x0000000008006d38                EXTI4_IRQHandler
                0x0000000008006d38                USB_LP_CAN1_RX0_IRQHandler
                0x0000000008006d38                USB_HP_CAN1_TX_IRQHandler
                0x0000000008006d38                DMA1_Channel3_IRQHandler
                0x0000000008006d38                TIM1_UP_IRQHandler
                0x0000000008006d38                WWDG_IRQHandler
                0x0000000008006d38                TIM2_IRQHandler
                0x0000000008006d38                TIM1_BRK_IRQHandler
                0x0000000008006d38                EXTI1_IRQHandler
                0x0000000008006d38                USART2_IRQHandler
                0x0000000008006d38                I2C2_ER_IRQHandler
                0x0000000008006d38                DMA1_Channel2_IRQHandler
                0x0000000008006d38                CAN1_SCE_IRQHandler
                0x0000000008006d38                FLASH_IRQHandler
                0x0000000008006d38                I2C1_ER_IRQHandler
                0x0000000008006d38                RTC_Alarm_IRQHandler
 *fill*         0x0000000008006d3a        0x2 
 .text.HAL_Init
                0x0000000008006d3c       0x2c Drivers/STM32F1xx_HAL_Driver/Src/stm32f1xx_hal.o
                0x0000000008006d3c                HAL_Init
 .text.HAL_InitTick
                0x0000000008006d68       0x60 Drivers/STM32F1xx_HAL_Driver/Src/stm32f1xx_hal.o
                0x0000000008006d68                HAL_InitTick
 .text.HAL_IncTick
                0x0000000008006dc8       0x24 Drivers/STM32F1xx_HAL_Driver/Src/stm32f1xx_hal.o
                0x0000000008006dc8                HAL_IncTick
 .text.HAL_GetTick
                0x0000000008006dec       0x14 Drivers/STM32F1xx_HAL_Driver/Src/stm32f1xx_hal.o
                0x0000000008006dec                HAL_GetTick
 .text.HAL_Delay
                0x0000000008006e00       0x44 Drivers/STM32F1xx_HAL_Driver/Src/stm32f1xx_hal.o
                0x0000000008006e00                HAL_Delay
 .text.__NVIC_SetPriorityGrouping
                0x0000000008006e44       0x48 Drivers/STM32F1xx_HAL_Driver/Src/stm32f1xx_hal_cortex.o
 .text.__NVIC_GetPriorityGrouping
                0x0000000008006e8c       0x1c Drivers/STM32F1xx_HAL_Driver/Src/stm32f1xx_hal_cortex.o
 .text.__NVIC_EnableIRQ
                0x0000000008006ea8       0x38 Drivers/STM32F1xx_HAL_Driver/Src/stm32f1xx_hal_cortex.o
 .text.__NVIC_SetPriority
                0x0000000008006ee0       0x54 Drivers/STM32F1xx_HAL_Driver/Src/stm32f1xx_hal_cortex.o
 .text.NVIC_EncodePriority
                0x0000000008006f34       0x64 Drivers/STM32F1xx_HAL_Driver/Src/stm32f1xx_hal_cortex.o
 .text.SysTick_Config
                0x0000000008006f98       0x44 Drivers/STM32F1xx_HAL_Driver/Src/stm32f1xx_hal_cortex.o
 .text.HAL_NVIC_SetPriorityGrouping
                0x0000000008006fdc       0x16 Drivers/STM32F1xx_HAL_Driver/Src/stm32f1xx_hal_cortex.o
                0x0000000008006fdc                HAL_NVIC_SetPriorityGrouping
 .text.HAL_NVIC_SetPriority
                0x0000000008006ff2       0x38 Drivers/STM32F1xx_HAL_Driver/Src/stm32f1xx_hal_cortex.o
                0x0000000008006ff2                HAL_NVIC_SetPriority
 .text.HAL_NVIC_EnableIRQ
                0x000000000800702a       0x1c Drivers/STM32F1xx_HAL_Driver/Src/stm32f1xx_hal_cortex.o
                0x000000000800702a                HAL_NVIC_EnableIRQ
 .text.HAL_SYSTICK_Config
                0x0000000008007046       0x18 Drivers/STM32F1xx_HAL_Driver/Src/stm32f1xx_hal_cortex.o
                0x0000000008007046                HAL_SYSTICK_Config
 *fill*         0x000000000800705e        0x2 
 .text.HAL_DMA_Init
                0x0000000008007060       0xb4 Drivers/STM32F1xx_HAL_Driver/Src/stm32f1xx_hal_dma.o
                0x0000000008007060                HAL_DMA_Init
 .text.HAL_DMA_Start_IT
                0x0000000008007114       0xbe Drivers/STM32F1xx_HAL_Driver/Src/stm32f1xx_hal_dma.o
                0x0000000008007114                HAL_DMA_Start_IT
 *fill*         0x00000000080071d2        0x2 
 .text.HAL_DMA_Abort_IT
                0x00000000080071d4       0xec Drivers/STM32F1xx_HAL_Driver/Src/stm32f1xx_hal_dma.o
                0x00000000080071d4                HAL_DMA_Abort_IT
 .text.HAL_DMA_IRQHandler
                0x00000000080072c0      0x20c Drivers/STM32F1xx_HAL_Driver/Src/stm32f1xx_hal_dma.o
                0x00000000080072c0                HAL_DMA_IRQHandler
 .text.DMA_SetConfig
                0x00000000080074cc       0x5a Drivers/STM32F1xx_HAL_Driver/Src/stm32f1xx_hal_dma.o
 *fill*         0x0000000008007526        0x2 
 .text.HAL_GPIO_Init
                0x0000000008007528      0x2b4 Drivers/STM32F1xx_HAL_Driver/Src/stm32f1xx_hal_gpio.o
                0x0000000008007528                HAL_GPIO_Init
 .text.HAL_GPIO_WritePin
                0x00000000080077dc       0x30 Drivers/STM32F1xx_HAL_Driver/Src/stm32f1xx_hal_gpio.o
                0x00000000080077dc                HAL_GPIO_WritePin
 .text.HAL_GPIO_TogglePin
                0x000000000800780c       0x30 Drivers/STM32F1xx_HAL_Driver/Src/stm32f1xx_hal_gpio.o
                0x000000000800780c                HAL_GPIO_TogglePin
 .text.HAL_GPIO_EXTI_IRQHandler
                0x000000000800783c       0x30 Drivers/STM32F1xx_HAL_Driver/Src/stm32f1xx_hal_gpio.o
                0x000000000800783c                HAL_GPIO_EXTI_IRQHandler
 .text.HAL_GPIO_EXTI_Callback
                0x000000000800786c       0x14 Drivers/STM32F1xx_HAL_Driver/Src/stm32f1xx_hal_gpio.o
                0x000000000800786c                HAL_GPIO_EXTI_Callback
 .text.HAL_I2C_Init
                0x0000000008007880      0x250 Drivers/STM32F1xx_HAL_Driver/Src/stm32f1xx_hal_i2c.o
                0x0000000008007880                HAL_I2C_Init
 .text.HAL_I2C_Mem_Write
                0x0000000008007ad0      0x1f4 Drivers/STM32F1xx_HAL_Driver/Src/stm32f1xx_hal_i2c.o
                0x0000000008007ad0                HAL_I2C_Mem_Write
 .text.HAL_I2C_Mem_Read
                0x0000000008007cc4      0x46c Drivers/STM32F1xx_HAL_Driver/Src/stm32f1xx_hal_i2c.o
                0x0000000008007cc4                HAL_I2C_Mem_Read
 .text.HAL_I2C_IsDeviceReady
                0x0000000008008130      0x244 Drivers/STM32F1xx_HAL_Driver/Src/stm32f1xx_hal_i2c.o
                0x0000000008008130                HAL_I2C_IsDeviceReady
 .text.I2C_RequestMemoryWrite
                0x0000000008008374      0x114 Drivers/STM32F1xx_HAL_Driver/Src/stm32f1xx_hal_i2c.o
 .text.I2C_RequestMemoryRead
                0x0000000008008488      0x1a0 Drivers/STM32F1xx_HAL_Driver/Src/stm32f1xx_hal_i2c.o
 .text.I2C_WaitOnFlagUntilTimeout
                0x0000000008008628       0xae Drivers/STM32F1xx_HAL_Driver/Src/stm32f1xx_hal_i2c.o
 .text.I2C_WaitOnMasterAddressFlagUntilTimeout
                0x00000000080086d6       0xfe Drivers/STM32F1xx_HAL_Driver/Src/stm32f1xx_hal_i2c.o
 .text.I2C_WaitOnTXEFlagUntilTimeout
                0x00000000080087d4       0x82 Drivers/STM32F1xx_HAL_Driver/Src/stm32f1xx_hal_i2c.o
 .text.I2C_WaitOnBTFFlagUntilTimeout
                0x0000000008008856       0x82 Drivers/STM32F1xx_HAL_Driver/Src/stm32f1xx_hal_i2c.o
 .text.I2C_WaitOnRXNEFlagUntilTimeout
                0x00000000080088d8       0xac Drivers/STM32F1xx_HAL_Driver/Src/stm32f1xx_hal_i2c.o
 .text.I2C_IsAcknowledgeFailed
                0x0000000008008984       0x5c Drivers/STM32F1xx_HAL_Driver/Src/stm32f1xx_hal_i2c.o
 .text.HAL_RCC_OscConfig
                0x00000000080089e0      0x500 Drivers/STM32F1xx_HAL_Driver/Src/stm32f1xx_hal_rcc.o
                0x00000000080089e0                HAL_RCC_OscConfig
 .text.HAL_RCC_ClockConfig
                0x0000000008008ee0      0x1d4 Drivers/STM32F1xx_HAL_Driver/Src/stm32f1xx_hal_rcc.o
                0x0000000008008ee0                HAL_RCC_ClockConfig
 .text.HAL_RCC_GetSysClockFreq
                0x00000000080090b4       0xc4 Drivers/STM32F1xx_HAL_Driver/Src/stm32f1xx_hal_rcc.o
                0x00000000080090b4                HAL_RCC_GetSysClockFreq
 .text.HAL_RCC_GetHCLKFreq
                0x0000000008009178       0x14 Drivers/STM32F1xx_HAL_Driver/Src/stm32f1xx_hal_rcc.o
                0x0000000008009178                HAL_RCC_GetHCLKFreq
 .text.HAL_RCC_GetPCLK1Freq
                0x000000000800918c       0x28 Drivers/STM32F1xx_HAL_Driver/Src/stm32f1xx_hal_rcc.o
                0x000000000800918c                HAL_RCC_GetPCLK1Freq
 .text.HAL_RCC_GetPCLK2Freq
                0x00000000080091b4       0x28 Drivers/STM32F1xx_HAL_Driver/Src/stm32f1xx_hal_rcc.o
                0x00000000080091b4                HAL_RCC_GetPCLK2Freq
 .text.RCC_Delay
                0x00000000080091dc       0x3c Drivers/STM32F1xx_HAL_Driver/Src/stm32f1xx_hal_rcc.o
 .text.HAL_UART_Init
                0x0000000008009218       0x9a Drivers/STM32F1xx_HAL_Driver/Src/stm32f1xx_hal_uart.o
                0x0000000008009218                HAL_UART_Init
 *fill*         0x00000000080092b2        0x2 
 .text.HAL_UART_Transmit_DMA
                0x00000000080092b4       0xd8 Drivers/STM32F1xx_HAL_Driver/Src/stm32f1xx_hal_uart.o
                0x00000000080092b4                HAL_UART_Transmit_DMA
 .text.HAL_UART_Receive_DMA
                0x000000000800938c      0x100 Drivers/STM32F1xx_HAL_Driver/Src/stm32f1xx_hal_uart.o
                0x000000000800938c                HAL_UART_Receive_DMA
 .text.HAL_UART_IRQHandler
                0x000000000800948c      0x1f8 Drivers/STM32F1xx_HAL_Driver/Src/stm32f1xx_hal_uart.o
                0x000000000800948c                HAL_UART_IRQHandler
 .text.HAL_UART_TxCpltCallback
                0x0000000008009684       0x12 Drivers/STM32F1xx_HAL_Driver/Src/stm32f1xx_hal_uart.o
                0x0000000008009684                HAL_UART_TxCpltCallback
 .text.HAL_UART_TxHalfCpltCallback
                0x0000000008009696       0x12 Drivers/STM32F1xx_HAL_Driver/Src/stm32f1xx_hal_uart.o
                0x0000000008009696                HAL_UART_TxHalfCpltCallback
 .text.HAL_UART_RxHalfCpltCallback
                0x00000000080096a8       0x12 Drivers/STM32F1xx_HAL_Driver/Src/stm32f1xx_hal_uart.o
                0x00000000080096a8                HAL_UART_RxHalfCpltCallback
 .text.HAL_UART_ErrorCallback
                0x00000000080096ba       0x12 Drivers/STM32F1xx_HAL_Driver/Src/stm32f1xx_hal_uart.o
                0x00000000080096ba                HAL_UART_ErrorCallback
 .text.UART_DMATransmitCplt
                0x00000000080096cc       0x52 Drivers/STM32F1xx_HAL_Driver/Src/stm32f1xx_hal_uart.o
 .text.UART_DMATxHalfCplt
                0x000000000800971e       0x1c Drivers/STM32F1xx_HAL_Driver/Src/stm32f1xx_hal_uart.o
 .text.UART_DMAReceiveCplt
                0x000000000800973a       0x68 Drivers/STM32F1xx_HAL_Driver/Src/stm32f1xx_hal_uart.o
 .text.UART_DMARxHalfCplt
                0x00000000080097a2       0x1c Drivers/STM32F1xx_HAL_Driver/Src/stm32f1xx_hal_uart.o
 .text.UART_DMAError
                0x00000000080097be       0x94 Drivers/STM32F1xx_HAL_Driver/Src/stm32f1xx_hal_uart.o
 .text.UART_EndTxTransfer
                0x0000000008009852       0x2a Drivers/STM32F1xx_HAL_Driver/Src/stm32f1xx_hal_uart.o
 .text.UART_EndRxTransfer
                0x000000000800987c       0x3a Drivers/STM32F1xx_HAL_Driver/Src/stm32f1xx_hal_uart.o
 .text.UART_DMAAbortOnError
                0x00000000080098b6       0x28 Drivers/STM32F1xx_HAL_Driver/Src/stm32f1xx_hal_uart.o
 .text.UART_Transmit_IT
                0x00000000080098de       0xaa Drivers/STM32F1xx_HAL_Driver/Src/stm32f1xx_hal_uart.o
 .text.UART_EndTransmit_IT
                0x0000000008009988       0x30 Drivers/STM32F1xx_HAL_Driver/Src/stm32f1xx_hal_uart.o
 .text.UART_Receive_IT
                0x00000000080099b8      0x102 Drivers/STM32F1xx_HAL_Driver/Src/stm32f1xx_hal_uart.o
 *fill*         0x0000000008009aba        0x2 
 .text.UART_SetConfig
                0x0000000008009abc      0x1b4 Drivers/STM32F1xx_HAL_Driver/Src/stm32f1xx_hal_uart.o
 .text.makeFreeRtosPriority
                0x0000000008009c70       0x2e Middlewares/Third_Party/FreeRTOS/Source/CMSIS_RTOS/cmsis_os.o
 .text.osKernelStart
                0x0000000008009c9e        0xe Middlewares/Third_Party/FreeRTOS/Source/CMSIS_RTOS/cmsis_os.o
                0x0000000008009c9e                osKernelStart
 .text.osThreadCreate
                0x0000000008009cac       0x98 Middlewares/Third_Party/FreeRTOS/Source/CMSIS_RTOS/cmsis_os.o
                0x0000000008009cac                osThreadCreate
 .text.osDelay  0x0000000008009d44       0x28 Middlewares/Third_Party/FreeRTOS/Source/CMSIS_RTOS/cmsis_os.o
                0x0000000008009d44                osDelay
 .text.vListInitialise
                0x0000000008009d6c       0x3e Middlewares/Third_Party/FreeRTOS/Source/list.o
                0x0000000008009d6c                vListInitialise
 .text.vListInitialiseItem
                0x0000000008009daa       0x18 Middlewares/Third_Party/FreeRTOS/Source/list.o
                0x0000000008009daa                vListInitialiseItem
 .text.vListInsertEnd
                0x0000000008009dc2       0x46 Middlewares/Third_Party/FreeRTOS/Source/list.o
                0x0000000008009dc2                vListInsertEnd
 .text.vListInsert
                0x0000000008009e08       0x70 Middlewares/Third_Party/FreeRTOS/Source/list.o
                0x0000000008009e08                vListInsert
 .text.uxListRemove
                0x0000000008009e78       0x52 Middlewares/Third_Party/FreeRTOS/Source/list.o
                0x0000000008009e78                uxListRemove
 .text.xTaskCreateStatic
                0x0000000008009eca       0xb2 Middlewares/Third_Party/FreeRTOS/Source/tasks.o
                0x0000000008009eca                xTaskCreateStatic
 .text.xTaskCreate
                0x0000000008009f7c       0x8a Middlewares/Third_Party/FreeRTOS/Source/tasks.o
                0x0000000008009f7c                xTaskCreate
 .text.prvInitialiseNewTask
                0x000000000800a006       0xfc Middlewares/Third_Party/FreeRTOS/Source/tasks.o
 *fill*         0x000000000800a102        0x2 
 .text.prvAddNewTaskToReadyList
                0x000000000800a104       0xd4 Middlewares/Third_Party/FreeRTOS/Source/tasks.o
 .text.vTaskDelay
                0x000000000800a1d8       0x68 Middlewares/Third_Party/FreeRTOS/Source/tasks.o
                0x000000000800a1d8                vTaskDelay
 .text.vTaskStartScheduler
                0x000000000800a240       0xbc Middlewares/Third_Party/FreeRTOS/Source/tasks.o
                0x000000000800a240                vTaskStartScheduler
 .text.vTaskSuspendAll
                0x000000000800a2fc       0x1c Middlewares/Third_Party/FreeRTOS/Source/tasks.o
                0x000000000800a2fc                vTaskSuspendAll
 .text.xTaskResumeAll
                0x000000000800a318      0x138 Middlewares/Third_Party/FreeRTOS/Source/tasks.o
                0x000000000800a318                xTaskResumeAll
 .text.xTaskIncrementTick
                0x000000000800a450      0x178 Middlewares/Third_Party/FreeRTOS/Source/tasks.o
                0x000000000800a450                xTaskIncrementTick
 .text.vTaskSwitchContext
                0x000000000800a5c8       0xb4 Middlewares/Third_Party/FreeRTOS/Source/tasks.o
                0x000000000800a5c8                vTaskSwitchContext
 .text.prvIdleTask
                0x000000000800a67c       0x30 Middlewares/Third_Party/FreeRTOS/Source/tasks.o
 .text.prvInitialiseTaskLists
                0x000000000800a6ac       0x80 Middlewares/Third_Party/FreeRTOS/Source/tasks.o
 .text.prvCheckTasksWaitingTermination
                0x000000000800a72c       0x58 Middlewares/Third_Party/FreeRTOS/Source/tasks.o
 .text.prvDeleteTCB
                0x000000000800a784       0x5c Middlewares/Third_Party/FreeRTOS/Source/tasks.o
 .text.prvResetNextTaskUnblockTime
                0x000000000800a7e0       0x48 Middlewares/Third_Party/FreeRTOS/Source/tasks.o
 .text.xTaskGetSchedulerState
                0x000000000800a828       0x3c Middlewares/Third_Party/FreeRTOS/Source/tasks.o
                0x000000000800a828                xTaskGetSchedulerState
 .text.prvAddCurrentTaskToDelayedList
                0x000000000800a864       0xcc Middlewares/Third_Party/FreeRTOS/Source/tasks.o
 .text.pxPortInitialiseStack
                0x000000000800a930       0x58 Middlewares/Third_Party/FreeRTOS/Source/portable/GCC/ARM_CM3/port.o
                0x000000000800a930                pxPortInitialiseStack
 .text.prvTaskExitError
                0x000000000800a988       0x50 Middlewares/Third_Party/FreeRTOS/Source/portable/GCC/ARM_CM3/port.o
 *fill*         0x000000000800a9d8        0x8 
 .text.SVC_Handler
                0x000000000800a9e0       0x28 Middlewares/Third_Party/FreeRTOS/Source/portable/GCC/ARM_CM3/port.o
                0x000000000800a9e0                SVC_Handler
 .text.prvPortStartFirstTask
                0x000000000800aa08       0x20 Middlewares/Third_Party/FreeRTOS/Source/portable/GCC/ARM_CM3/port.o
 .text.xPortStartScheduler
                0x000000000800aa28       0xe0 Middlewares/Third_Party/FreeRTOS/Source/portable/GCC/ARM_CM3/port.o
                0x000000000800aa28                xPortStartScheduler
 .text.vPortEnterCritical
                0x000000000800ab08       0x5c Middlewares/Third_Party/FreeRTOS/Source/portable/GCC/ARM_CM3/port.o
                0x000000000800ab08                vPortEnterCritical
 .text.vPortExitCritical
                0x000000000800ab64       0x4c Middlewares/Third_Party/FreeRTOS/Source/portable/GCC/ARM_CM3/port.o
                0x000000000800ab64                vPortExitCritical
 .text.PendSV_Handler
                0x000000000800abb0       0x48 Middlewares/Third_Party/FreeRTOS/Source/portable/GCC/ARM_CM3/port.o
                0x000000000800abb0                PendSV_Handler
 .text.xPortSysTickHandler
                0x000000000800abf8       0x40 Middlewares/Third_Party/FreeRTOS/Source/portable/GCC/ARM_CM3/port.o
                0x000000000800abf8                xPortSysTickHandler
 .text.vPortSetupTimerInterrupt
                0x000000000800ac38       0x44 Middlewares/Third_Party/FreeRTOS/Source/portable/GCC/ARM_CM3/port.o
                0x000000000800ac38                vPortSetupTimerInterrupt
 .text.pvPortMalloc
                0x000000000800ac7c      0x184 Middlewares/Third_Party/FreeRTOS/Source/portable/MemMang/heap_4.o
                0x000000000800ac7c                pvPortMalloc
 .text.vPortFree
                0x000000000800ae00       0xb0 Middlewares/Third_Party/FreeRTOS/Source/portable/MemMang/heap_4.o
                0x000000000800ae00                vPortFree
 .text.prvHeapInit
                0x000000000800aeb0       0xc4 Middlewares/Third_Party/FreeRTOS/Source/portable/MemMang/heap_4.o
 .text.prvInsertBlockIntoFreeList
                0x000000000800af74       0xb0 Middlewares/Third_Party/FreeRTOS/Source/portable/MemMang/heap_4.o
 .text.__errno  0x000000000800b024        0xc /Applications/STM32CubeIDE.app/Contents/Eclipse/plugins/com.st.stm32cube.ide.mcu.externaltools.gnu-tools-for-stm32.7-2018-q2-update.macos64_1.0.0.201904181610/tools/bin/../lib/gcc/arm-none-eabi/7.3.1/../../../../arm-none-eabi/lib/thumb/v7-m/libc_nano.a(lib_a-errno.o)
                0x000000000800b024                __errno
 .text.__libc_init_array
                0x000000000800b030       0x48 /Applications/STM32CubeIDE.app/Contents/Eclipse/plugins/com.st.stm32cube.ide.mcu.externaltools.gnu-tools-for-stm32.7-2018-q2-update.macos64_1.0.0.201904181610/tools/bin/../lib/gcc/arm-none-eabi/7.3.1/../../../../arm-none-eabi/lib/thumb/v7-m/libc_nano.a(lib_a-init.o)
                0x000000000800b030                __libc_init_array
 .text.memset   0x000000000800b078       0x10 /Applications/STM32CubeIDE.app/Contents/Eclipse/plugins/com.st.stm32cube.ide.mcu.externaltools.gnu-tools-for-stm32.7-2018-q2-update.macos64_1.0.0.201904181610/tools/bin/../lib/gcc/arm-none-eabi/7.3.1/../../../../arm-none-eabi/lib/thumb/v7-m/libc_nano.a(lib_a-memset.o)
                0x000000000800b078                memset
 .text.cos      0x000000000800b088       0x6c /Applications/STM32CubeIDE.app/Contents/Eclipse/plugins/com.st.stm32cube.ide.mcu.externaltools.gnu-tools-for-stm32.7-2018-q2-update.macos64_1.0.0.201904181610/tools/bin/../lib/gcc/arm-none-eabi/7.3.1/../../../../arm-none-eabi/lib/thumb/v7-m/libm.a(lib_a-s_cos.o)
                0x000000000800b088                cos
 .text.cosf     0x000000000800b0f4       0x68 /Applications/STM32CubeIDE.app/Contents/Eclipse/plugins/com.st.stm32cube.ide.mcu.externaltools.gnu-tools-for-stm32.7-2018-q2-update.macos64_1.0.0.201904181610/tools/bin/../lib/gcc/arm-none-eabi/7.3.1/../../../../arm-none-eabi/lib/thumb/v7-m/libm.a(lib_a-sf_cos.o)
                0x000000000800b0f4                cosf
 .text.sinf     0x000000000800b15c       0x6c /Applications/STM32CubeIDE.app/Contents/Eclipse/plugins/com.st.stm32cube.ide.mcu.externaltools.gnu-tools-for-stm32.7-2018-q2-update.macos64_1.0.0.201904181610/tools/bin/../lib/gcc/arm-none-eabi/7.3.1/../../../../arm-none-eabi/lib/thumb/v7-m/libm.a(lib_a-sf_sin.o)
                0x000000000800b15c                sinf
 .text.atan2    0x000000000800b1c8        0x4 /Applications/STM32CubeIDE.app/Contents/Eclipse/plugins/com.st.stm32cube.ide.mcu.externaltools.gnu-tools-for-stm32.7-2018-q2-update.macos64_1.0.0.201904181610/tools/bin/../lib/gcc/arm-none-eabi/7.3.1/../../../../arm-none-eabi/lib/thumb/v7-m/libm.a(lib_a-w_atan2.o)
                0x000000000800b1c8                atan2
 .text.pow      0x000000000800b1cc      0x2b8 /Applications/STM32CubeIDE.app/Contents/Eclipse/plugins/com.st.stm32cube.ide.mcu.externaltools.gnu-tools-for-stm32.7-2018-q2-update.macos64_1.0.0.201904181610/tools/bin/../lib/gcc/arm-none-eabi/7.3.1/../../../../arm-none-eabi/lib/thumb/v7-m/libm.a(lib_a-w_pow.o)
                0x000000000800b1cc                pow
 .text.sqrt     0x000000000800b484       0xa8 /Applications/STM32CubeIDE.app/Contents/Eclipse/plugins/com.st.stm32cube.ide.mcu.externaltools.gnu-tools-for-stm32.7-2018-q2-update.macos64_1.0.0.201904181610/tools/bin/../lib/gcc/arm-none-eabi/7.3.1/../../../../arm-none-eabi/lib/thumb/v7-m/libm.a(lib_a-w_sqrt.o)
                0x000000000800b484                sqrt
 .text.asinf    0x000000000800b52c       0x9c /Applications/STM32CubeIDE.app/Contents/Eclipse/plugins/com.st.stm32cube.ide.mcu.externaltools.gnu-tools-for-stm32.7-2018-q2-update.macos64_1.0.0.201904181610/tools/bin/../lib/gcc/arm-none-eabi/7.3.1/../../../../arm-none-eabi/lib/thumb/v7-m/libm.a(lib_a-wf_asin.o)
                0x000000000800b52c                asinf
 .text.atan2f   0x000000000800b5c8        0x4 /Applications/STM32CubeIDE.app/Contents/Eclipse/plugins/com.st.stm32cube.ide.mcu.externaltools.gnu-tools-for-stm32.7-2018-q2-update.macos64_1.0.0.201904181610/tools/bin/../lib/gcc/arm-none-eabi/7.3.1/../../../../arm-none-eabi/lib/thumb/v7-m/libm.a(lib_a-wf_atan2.o)
                0x000000000800b5c8                atan2f
 .text.powf     0x000000000800b5cc      0x2c0 /Applications/STM32CubeIDE.app/Contents/Eclipse/plugins/com.st.stm32cube.ide.mcu.externaltools.gnu-tools-for-stm32.7-2018-q2-update.macos64_1.0.0.201904181610/tools/bin/../lib/gcc/arm-none-eabi/7.3.1/../../../../arm-none-eabi/lib/thumb/v7-m/libm.a(lib_a-wf_pow.o)
                0x000000000800b5cc                powf
 .text.sqrtf    0x000000000800b88c       0x94 /Applications/STM32CubeIDE.app/Contents/Eclipse/plugins/com.st.stm32cube.ide.mcu.externaltools.gnu-tools-for-stm32.7-2018-q2-update.macos64_1.0.0.201904181610/tools/bin/../lib/gcc/arm-none-eabi/7.3.1/../../../../arm-none-eabi/lib/thumb/v7-m/libm.a(lib_a-wf_sqrt.o)
                0x000000000800b88c                sqrtf
 .text.__ieee754_atan2
                0x000000000800b920      0x1bc /Applications/STM32CubeIDE.app/Contents/Eclipse/plugins/com.st.stm32cube.ide.mcu.externaltools.gnu-tools-for-stm32.7-2018-q2-update.macos64_1.0.0.201904181610/tools/bin/../lib/gcc/arm-none-eabi/7.3.1/../../../../arm-none-eabi/lib/thumb/v7-m/libm.a(lib_a-e_atan2.o)
                0x000000000800b920                __ieee754_atan2
 *fill*         0x000000000800badc        0x4 
 .text.__ieee754_pow
                0x000000000800bae0      0xa14 /Applications/STM32CubeIDE.app/Contents/Eclipse/plugins/com.st.stm32cube.ide.mcu.externaltools.gnu-tools-for-stm32.7-2018-q2-update.macos64_1.0.0.201904181610/tools/bin/../lib/gcc/arm-none-eabi/7.3.1/../../../../arm-none-eabi/lib/thumb/v7-m/libm.a(lib_a-e_pow.o)
                0x000000000800bae0                __ieee754_pow
 *fill*         0x000000000800c4f4        0x4 
 .text.__ieee754_rem_pio2
                0x000000000800c4f8      0x3e0 /Applications/STM32CubeIDE.app/Contents/Eclipse/plugins/com.st.stm32cube.ide.mcu.externaltools.gnu-tools-for-stm32.7-2018-q2-update.macos64_1.0.0.201904181610/tools/bin/../lib/gcc/arm-none-eabi/7.3.1/../../../../arm-none-eabi/lib/thumb/v7-m/libm.a(lib_a-e_rem_pio2.o)
                0x000000000800c4f8                __ieee754_rem_pio2
 .text.__ieee754_sqrt
                0x000000000800c8d8      0x158 /Applications/STM32CubeIDE.app/Contents/Eclipse/plugins/com.st.stm32cube.ide.mcu.externaltools.gnu-tools-for-stm32.7-2018-q2-update.macos64_1.0.0.201904181610/tools/bin/../lib/gcc/arm-none-eabi/7.3.1/../../../../arm-none-eabi/lib/thumb/v7-m/libm.a(lib_a-e_sqrt.o)
                0x000000000800c8d8                __ieee754_sqrt
 .text.__ieee754_asinf
                0x000000000800ca30      0x284 /Applications/STM32CubeIDE.app/Contents/Eclipse/plugins/com.st.stm32cube.ide.mcu.externaltools.gnu-tools-for-stm32.7-2018-q2-update.macos64_1.0.0.201904181610/tools/bin/../lib/gcc/arm-none-eabi/7.3.1/../../../../arm-none-eabi/lib/thumb/v7-m/libm.a(lib_a-ef_asin.o)
                0x000000000800ca30                __ieee754_asinf
 .text.__ieee754_atan2f
                0x000000000800ccb4      0x120 /Applications/STM32CubeIDE.app/Contents/Eclipse/plugins/com.st.stm32cube.ide.mcu.externaltools.gnu-tools-for-stm32.7-2018-q2-update.macos64_1.0.0.201904181610/tools/bin/../lib/gcc/arm-none-eabi/7.3.1/../../../../arm-none-eabi/lib/thumb/v7-m/libm.a(lib_a-ef_atan2.o)
                0x000000000800ccb4                __ieee754_atan2f
 .text.__ieee754_powf
                0x000000000800cdd4      0x698 /Applications/STM32CubeIDE.app/Contents/Eclipse/plugins/com.st.stm32cube.ide.mcu.externaltools.gnu-tools-for-stm32.7-2018-q2-update.macos64_1.0.0.201904181610/tools/bin/../lib/gcc/arm-none-eabi/7.3.1/../../../../arm-none-eabi/lib/thumb/v7-m/libm.a(lib_a-ef_pow.o)
                0x000000000800cdd4                __ieee754_powf
 .text.__ieee754_rem_pio2f
                0x000000000800d46c      0x2b0 /Applications/STM32CubeIDE.app/Contents/Eclipse/plugins/com.st.stm32cube.ide.mcu.externaltools.gnu-tools-for-stm32.7-2018-q2-update.macos64_1.0.0.201904181610/tools/bin/../lib/gcc/arm-none-eabi/7.3.1/../../../../arm-none-eabi/lib/thumb/v7-m/libm.a(lib_a-ef_rem_pio2.o)
                0x000000000800d46c                __ieee754_rem_pio2f
 .text.__ieee754_sqrtf
                0x000000000800d71c       0xa6 /Applications/STM32CubeIDE.app/Contents/Eclipse/plugins/com.st.stm32cube.ide.mcu.externaltools.gnu-tools-for-stm32.7-2018-q2-update.macos64_1.0.0.201904181610/tools/bin/../lib/gcc/arm-none-eabi/7.3.1/../../../../arm-none-eabi/lib/thumb/v7-m/libm.a(lib_a-ef_sqrt.o)
                0x000000000800d71c                __ieee754_sqrtf
 *fill*         0x000000000800d7c2        0x6 
 .text.__kernel_cos
                0x000000000800d7c8      0x17c /Applications/STM32CubeIDE.app/Contents/Eclipse/plugins/com.st.stm32cube.ide.mcu.externaltools.gnu-tools-for-stm32.7-2018-q2-update.macos64_1.0.0.201904181610/tools/bin/../lib/gcc/arm-none-eabi/7.3.1/../../../../arm-none-eabi/lib/thumb/v7-m/libm.a(lib_a-k_cos.o)
                0x000000000800d7c8                __kernel_cos
 .text.__kernel_rem_pio2
                0x000000000800d944      0x694 /Applications/STM32CubeIDE.app/Contents/Eclipse/plugins/com.st.stm32cube.ide.mcu.externaltools.gnu-tools-for-stm32.7-2018-q2-update.macos64_1.0.0.201904181610/tools/bin/../lib/gcc/arm-none-eabi/7.3.1/../../../../arm-none-eabi/lib/thumb/v7-m/libm.a(lib_a-k_rem_pio2.o)
                0x000000000800d944                __kernel_rem_pio2
 .text.__kernel_sin
                0x000000000800dfd8      0x16c /Applications/STM32CubeIDE.app/Contents/Eclipse/plugins/com.st.stm32cube.ide.mcu.externaltools.gnu-tools-for-stm32.7-2018-q2-update.macos64_1.0.0.201904181610/tools/bin/../lib/gcc/arm-none-eabi/7.3.1/../../../../arm-none-eabi/lib/thumb/v7-m/libm.a(lib_a-k_sin.o)
                0x000000000800dfd8                __kernel_sin
 .text.__kernel_cosf
                0x000000000800e144      0x100 /Applications/STM32CubeIDE.app/Contents/Eclipse/plugins/com.st.stm32cube.ide.mcu.externaltools.gnu-tools-for-stm32.7-2018-q2-update.macos64_1.0.0.201904181610/tools/bin/../lib/gcc/arm-none-eabi/7.3.1/../../../../arm-none-eabi/lib/thumb/v7-m/libm.a(lib_a-kf_cos.o)
                0x000000000800e144                __kernel_cosf
 .text.__kernel_rem_pio2f
                0x000000000800e244      0x53c /Applications/STM32CubeIDE.app/Contents/Eclipse/plugins/com.st.stm32cube.ide.mcu.externaltools.gnu-tools-for-stm32.7-2018-q2-update.macos64_1.0.0.201904181610/tools/bin/../lib/gcc/arm-none-eabi/7.3.1/../../../../arm-none-eabi/lib/thumb/v7-m/libm.a(lib_a-kf_rem_pio2.o)
                0x000000000800e244                __kernel_rem_pio2f
 .text.__kernel_sinf
                0x000000000800e780       0xec /Applications/STM32CubeIDE.app/Contents/Eclipse/plugins/com.st.stm32cube.ide.mcu.externaltools.gnu-tools-for-stm32.7-2018-q2-update.macos64_1.0.0.201904181610/tools/bin/../lib/gcc/arm-none-eabi/7.3.1/../../../../arm-none-eabi/lib/thumb/v7-m/libm.a(lib_a-kf_sin.o)
                0x000000000800e780                __kernel_sinf
 *fill*         0x000000000800e86c        0x4 
 .text.atan     0x000000000800e870      0x314 /Applications/STM32CubeIDE.app/Contents/Eclipse/plugins/com.st.stm32cube.ide.mcu.externaltools.gnu-tools-for-stm32.7-2018-q2-update.macos64_1.0.0.201904181610/tools/bin/../lib/gcc/arm-none-eabi/7.3.1/../../../../arm-none-eabi/lib/thumb/v7-m/libm.a(lib_a-s_atan.o)
                0x000000000800e870                atan
 .text.fabs     0x000000000800eb84        0x8 /Applications/STM32CubeIDE.app/Contents/Eclipse/plugins/com.st.stm32cube.ide.mcu.externaltools.gnu-tools-for-stm32.7-2018-q2-update.macos64_1.0.0.201904181610/tools/bin/../lib/gcc/arm-none-eabi/7.3.1/../../../../arm-none-eabi/lib/thumb/v7-m/libm.a(lib_a-s_fabs.o)
                0x000000000800eb84                fabs
 .text.finite   0x000000000800eb8c        0xc /Applications/STM32CubeIDE.app/Contents/Eclipse/plugins/com.st.stm32cube.ide.mcu.externaltools.gnu-tools-for-stm32.7-2018-q2-update.macos64_1.0.0.201904181610/tools/bin/../lib/gcc/arm-none-eabi/7.3.1/../../../../arm-none-eabi/lib/thumb/v7-m/libm.a(lib_a-s_finite.o)
                0x000000000800eb8c                finite
 .text.floor    0x000000000800eb98      0x108 /Applications/STM32CubeIDE.app/Contents/Eclipse/plugins/com.st.stm32cube.ide.mcu.externaltools.gnu-tools-for-stm32.7-2018-q2-update.macos64_1.0.0.201904181610/tools/bin/../lib/gcc/arm-none-eabi/7.3.1/../../../../arm-none-eabi/lib/thumb/v7-m/libm.a(lib_a-s_floor.o)
                0x000000000800eb98                floor
 .text.matherr  0x000000000800eca0        0x4 /Applications/STM32CubeIDE.app/Contents/Eclipse/plugins/com.st.stm32cube.ide.mcu.externaltools.gnu-tools-for-stm32.7-2018-q2-update.macos64_1.0.0.201904181610/tools/bin/../lib/gcc/arm-none-eabi/7.3.1/../../../../arm-none-eabi/lib/thumb/v7-m/libm.a(lib_a-s_matherr.o)
                0x000000000800eca0                matherr
 .text.nan      0x000000000800eca4        0xc /Applications/STM32CubeIDE.app/Contents/Eclipse/plugins/com.st.stm32cube.ide.mcu.externaltools.gnu-tools-for-stm32.7-2018-q2-update.macos64_1.0.0.201904181610/tools/bin/../lib/gcc/arm-none-eabi/7.3.1/../../../../arm-none-eabi/lib/thumb/v7-m/libm.a(lib_a-s_nan.o)
                0x000000000800eca4                nan
 .text.rint     0x000000000800ecb0      0x114 /Applications/STM32CubeIDE.app/Contents/Eclipse/plugins/com.st.stm32cube.ide.mcu.externaltools.gnu-tools-for-stm32.7-2018-q2-update.macos64_1.0.0.201904181610/tools/bin/../lib/gcc/arm-none-eabi/7.3.1/../../../../arm-none-eabi/lib/thumb/v7-m/libm.a(lib_a-s_rint.o)
                0x000000000800ecb0                rint
 *fill*         0x000000000800edc4        0x4 
 .text.scalbn   0x000000000800edc8       0xdc /Applications/STM32CubeIDE.app/Contents/Eclipse/plugins/com.st.stm32cube.ide.mcu.externaltools.gnu-tools-for-stm32.7-2018-q2-update.macos64_1.0.0.201904181610/tools/bin/../lib/gcc/arm-none-eabi/7.3.1/../../../../arm-none-eabi/lib/thumb/v7-m/libm.a(lib_a-s_scalbn.o)
                0x000000000800edc8                scalbn
 .text.atanf    0x000000000800eea4      0x218 /Applications/STM32CubeIDE.app/Contents/Eclipse/plugins/com.st.stm32cube.ide.mcu.externaltools.gnu-tools-for-stm32.7-2018-q2-update.macos64_1.0.0.201904181610/tools/bin/../lib/gcc/arm-none-eabi/7.3.1/../../../../arm-none-eabi/lib/thumb/v7-m/libm.a(lib_a-sf_atan.o)
                0x000000000800eea4                atanf
 .text.fabsf    0x000000000800f0bc        0x6 /Applications/STM32CubeIDE.app/Contents/Eclipse/plugins/com.st.stm32cube.ide.mcu.externaltools.gnu-tools-for-stm32.7-2018-q2-update.macos64_1.0.0.201904181610/tools/bin/../lib/gcc/arm-none-eabi/7.3.1/../../../../arm-none-eabi/lib/thumb/v7-m/libm.a(lib_a-sf_fabs.o)
                0x000000000800f0bc                fabsf
 .text.finitef  0x000000000800f0c2       0x10 /Applications/STM32CubeIDE.app/Contents/Eclipse/plugins/com.st.stm32cube.ide.mcu.externaltools.gnu-tools-for-stm32.7-2018-q2-update.macos64_1.0.0.201904181610/tools/bin/../lib/gcc/arm-none-eabi/7.3.1/../../../../arm-none-eabi/lib/thumb/v7-m/libm.a(lib_a-sf_finite.o)
                0x000000000800f0c2                finitef
 *fill*         0x000000000800f0d2        0x2 
 .text.floorf   0x000000000800f0d4       0x80 /Applications/STM32CubeIDE.app/Contents/Eclipse/plugins/com.st.stm32cube.ide.mcu.externaltools.gnu-tools-for-stm32.7-2018-q2-update.macos64_1.0.0.201904181610/tools/bin/../lib/gcc/arm-none-eabi/7.3.1/../../../../arm-none-eabi/lib/thumb/v7-m/libm.a(lib_a-sf_floor.o)
                0x000000000800f0d4                floorf
 .text.nanf     0x000000000800f154        0x8 /Applications/STM32CubeIDE.app/Contents/Eclipse/plugins/com.st.stm32cube.ide.mcu.externaltools.gnu-tools-for-stm32.7-2018-q2-update.macos64_1.0.0.201904181610/tools/bin/../lib/gcc/arm-none-eabi/7.3.1/../../../../arm-none-eabi/lib/thumb/v7-m/libm.a(lib_a-sf_nan.o)
                0x000000000800f154                nanf
 .text.rintf    0x000000000800f15c       0xa0 /Applications/STM32CubeIDE.app/Contents/Eclipse/plugins/com.st.stm32cube.ide.mcu.externaltools.gnu-tools-for-stm32.7-2018-q2-update.macos64_1.0.0.201904181610/tools/bin/../lib/gcc/arm-none-eabi/7.3.1/../../../../arm-none-eabi/lib/thumb/v7-m/libm.a(lib_a-sf_rint.o)
                0x000000000800f15c                rintf
 .text.scalbnf  0x000000000800f1fc       0x98 /Applications/STM32CubeIDE.app/Contents/Eclipse/plugins/com.st.stm32cube.ide.mcu.externaltools.gnu-tools-for-stm32.7-2018-q2-update.macos64_1.0.0.201904181610/tools/bin/../lib/gcc/arm-none-eabi/7.3.1/../../../../arm-none-eabi/lib/thumb/v7-m/libm.a(lib_a-sf_scalbn.o)
                0x000000000800f1fc                scalbnf
 .text.copysign
                0x000000000800f294       0x12 /Applications/STM32CubeIDE.app/Contents/Eclipse/plugins/com.st.stm32cube.ide.mcu.externaltools.gnu-tools-for-stm32.7-2018-q2-update.macos64_1.0.0.201904181610/tools/bin/../lib/gcc/arm-none-eabi/7.3.1/../../../../arm-none-eabi/lib/thumb/v7-m/libm.a(lib_a-s_copysign.o)
                0x000000000800f294                copysign
 .text.copysignf
                0x000000000800f2a6        0xc /Applications/STM32CubeIDE.app/Contents/Eclipse/plugins/com.st.stm32cube.ide.mcu.externaltools.gnu-tools-for-stm32.7-2018-q2-update.macos64_1.0.0.201904181610/tools/bin/../lib/gcc/arm-none-eabi/7.3.1/../../../../arm-none-eabi/lib/thumb/v7-m/libm.a(lib_a-sf_copysign.o)
                0x000000000800f2a6                copysignf
 *(.glue_7)
 .glue_7        0x000000000800f2b2        0x0 linker stubs
 *(.glue_7t)
 .glue_7t       0x000000000800f2b2        0x0 linker stubs
 *(.eh_frame)
 *fill*         0x000000000800f2b2        0x2 
 .eh_frame      0x000000000800f2b4        0x0 /Applications/STM32CubeIDE.app/Contents/Eclipse/plugins/com.st.stm32cube.ide.mcu.externaltools.gnu-tools-for-stm32.7-2018-q2-update.macos64_1.0.0.201904181610/tools/bin/../lib/gcc/arm-none-eabi/7.3.1/thumb/v7-m/crtbegin.o
 *(.init)
 .init          0x000000000800f2b4        0x4 /Applications/STM32CubeIDE.app/Contents/Eclipse/plugins/com.st.stm32cube.ide.mcu.externaltools.gnu-tools-for-stm32.7-2018-q2-update.macos64_1.0.0.201904181610/tools/bin/../lib/gcc/arm-none-eabi/7.3.1/thumb/v7-m/crti.o
                0x000000000800f2b4                _init
 .init          0x000000000800f2b8        0x8 /Applications/STM32CubeIDE.app/Contents/Eclipse/plugins/com.st.stm32cube.ide.mcu.externaltools.gnu-tools-for-stm32.7-2018-q2-update.macos64_1.0.0.201904181610/tools/bin/../lib/gcc/arm-none-eabi/7.3.1/thumb/v7-m/crtn.o
 *(.fini)
 .fini          0x000000000800f2c0        0x4 /Applications/STM32CubeIDE.app/Contents/Eclipse/plugins/com.st.stm32cube.ide.mcu.externaltools.gnu-tools-for-stm32.7-2018-q2-update.macos64_1.0.0.201904181610/tools/bin/../lib/gcc/arm-none-eabi/7.3.1/thumb/v7-m/crti.o
                0x000000000800f2c0                _fini
 .fini          0x000000000800f2c4        0x8 /Applications/STM32CubeIDE.app/Contents/Eclipse/plugins/com.st.stm32cube.ide.mcu.externaltools.gnu-tools-for-stm32.7-2018-q2-update.macos64_1.0.0.201904181610/tools/bin/../lib/gcc/arm-none-eabi/7.3.1/thumb/v7-m/crtn.o
                0x000000000800f2cc                . = ALIGN (0x4)
                0x000000000800f2cc                _etext = .

.vfp11_veneer   0x000000000800f2cc        0x0
 .vfp11_veneer  0x000000000800f2cc        0x0 linker stubs

.v4_bx          0x000000000800f2cc        0x0
 .v4_bx         0x000000000800f2cc        0x0 linker stubs

.iplt           0x000000000800f2cc        0x0
 .iplt          0x000000000800f2cc        0x0 /Applications/STM32CubeIDE.app/Contents/Eclipse/plugins/com.st.stm32cube.ide.mcu.externaltools.gnu-tools-for-stm32.7-2018-q2-update.macos64_1.0.0.201904181610/tools/bin/../lib/gcc/arm-none-eabi/7.3.1/thumb/v7-m/crtbegin.o

.rodata         0x000000000800f2d0      0x708
                0x000000000800f2d0                . = ALIGN (0x4)
 *(.rodata)
 .rodata        0x000000000800f2d0       0x50 Core/Src/freertos.o
 .rodata        0x000000000800f320       0x12 Drivers/STM32F1xx_HAL_Driver/Src/stm32f1xx_hal_rcc.o
 *fill*         0x000000000800f332        0x2 
 .rodata        0x000000000800f334        0x5 Middlewares/Third_Party/FreeRTOS/Source/tasks.o
 *(.rodata*)
 *fill*         0x000000000800f339        0x3 
 .rodata.AHBPrescTable
                0x000000000800f33c       0x10 Core/Src/system_stm32f1xx.o
                0x000000000800f33c                AHBPrescTable
 .rodata.APBPrescTable
                0x000000000800f34c        0x8 Core/Src/system_stm32f1xx.o
                0x000000000800f34c                APBPrescTable
 .rodata.pow.str1.1
                0x000000000800f354        0x4 /Applications/STM32CubeIDE.app/Contents/Eclipse/plugins/com.st.stm32cube.ide.mcu.externaltools.gnu-tools-for-stm32.7-2018-q2-update.macos64_1.0.0.201904181610/tools/bin/../lib/gcc/arm-none-eabi/7.3.1/../../../../arm-none-eabi/lib/thumb/v7-m/libm.a(lib_a-w_pow.o)
 .rodata.sqrt.str1.1
                0x000000000800f358        0x5 /Applications/STM32CubeIDE.app/Contents/Eclipse/plugins/com.st.stm32cube.ide.mcu.externaltools.gnu-tools-for-stm32.7-2018-q2-update.macos64_1.0.0.201904181610/tools/bin/../lib/gcc/arm-none-eabi/7.3.1/../../../../arm-none-eabi/lib/thumb/v7-m/libm.a(lib_a-w_sqrt.o)
 .rodata.asinf.str1.1
                0x000000000800f35d        0x6 /Applications/STM32CubeIDE.app/Contents/Eclipse/plugins/com.st.stm32cube.ide.mcu.externaltools.gnu-tools-for-stm32.7-2018-q2-update.macos64_1.0.0.201904181610/tools/bin/../lib/gcc/arm-none-eabi/7.3.1/../../../../arm-none-eabi/lib/thumb/v7-m/libm.a(lib_a-wf_asin.o)
                                          0x7 (size before relaxing)
 .rodata.powf.str1.1
                0x000000000800f363        0x5 /Applications/STM32CubeIDE.app/Contents/Eclipse/plugins/com.st.stm32cube.ide.mcu.externaltools.gnu-tools-for-stm32.7-2018-q2-update.macos64_1.0.0.201904181610/tools/bin/../lib/gcc/arm-none-eabi/7.3.1/../../../../arm-none-eabi/lib/thumb/v7-m/libm.a(lib_a-wf_pow.o)
 .rodata.sqrtf.str1.1
                0x000000000800f368        0x6 /Applications/STM32CubeIDE.app/Contents/Eclipse/plugins/com.st.stm32cube.ide.mcu.externaltools.gnu-tools-for-stm32.7-2018-q2-update.macos64_1.0.0.201904181610/tools/bin/../lib/gcc/arm-none-eabi/7.3.1/../../../../arm-none-eabi/lib/thumb/v7-m/libm.a(lib_a-wf_sqrt.o)
 .rodata.__ieee754_pow.str1.1
                0x000000000800f36e        0x1 /Applications/STM32CubeIDE.app/Contents/Eclipse/plugins/com.st.stm32cube.ide.mcu.externaltools.gnu-tools-for-stm32.7-2018-q2-update.macos64_1.0.0.201904181610/tools/bin/../lib/gcc/arm-none-eabi/7.3.1/../../../../arm-none-eabi/lib/thumb/v7-m/libm.a(lib_a-e_pow.o)
 *fill*         0x000000000800f36e        0x2 
 .rodata.bp     0x000000000800f370       0x10 /Applications/STM32CubeIDE.app/Contents/Eclipse/plugins/com.st.stm32cube.ide.mcu.externaltools.gnu-tools-for-stm32.7-2018-q2-update.macos64_1.0.0.201904181610/tools/bin/../lib/gcc/arm-none-eabi/7.3.1/../../../../arm-none-eabi/lib/thumb/v7-m/libm.a(lib_a-e_pow.o)
 .rodata.dp_h   0x000000000800f380       0x10 /Applications/STM32CubeIDE.app/Contents/Eclipse/plugins/com.st.stm32cube.ide.mcu.externaltools.gnu-tools-for-stm32.7-2018-q2-update.macos64_1.0.0.201904181610/tools/bin/../lib/gcc/arm-none-eabi/7.3.1/../../../../arm-none-eabi/lib/thumb/v7-m/libm.a(lib_a-e_pow.o)
 .rodata.dp_l   0x000000000800f390       0x10 /Applications/STM32CubeIDE.app/Contents/Eclipse/plugins/com.st.stm32cube.ide.mcu.externaltools.gnu-tools-for-stm32.7-2018-q2-update.macos64_1.0.0.201904181610/tools/bin/../lib/gcc/arm-none-eabi/7.3.1/../../../../arm-none-eabi/lib/thumb/v7-m/libm.a(lib_a-e_pow.o)
 .rodata.npio2_hw
                0x000000000800f3a0       0x80 /Applications/STM32CubeIDE.app/Contents/Eclipse/plugins/com.st.stm32cube.ide.mcu.externaltools.gnu-tools-for-stm32.7-2018-q2-update.macos64_1.0.0.201904181610/tools/bin/../lib/gcc/arm-none-eabi/7.3.1/../../../../arm-none-eabi/lib/thumb/v7-m/libm.a(lib_a-e_rem_pio2.o)
 .rodata.two_over_pi
                0x000000000800f420      0x108 /Applications/STM32CubeIDE.app/Contents/Eclipse/plugins/com.st.stm32cube.ide.mcu.externaltools.gnu-tools-for-stm32.7-2018-q2-update.macos64_1.0.0.201904181610/tools/bin/../lib/gcc/arm-none-eabi/7.3.1/../../../../arm-none-eabi/lib/thumb/v7-m/libm.a(lib_a-e_rem_pio2.o)
 .rodata.__ieee754_powf.str1.1
                0x000000000800f528        0x1 /Applications/STM32CubeIDE.app/Contents/Eclipse/plugins/com.st.stm32cube.ide.mcu.externaltools.gnu-tools-for-stm32.7-2018-q2-update.macos64_1.0.0.201904181610/tools/bin/../lib/gcc/arm-none-eabi/7.3.1/../../../../arm-none-eabi/lib/thumb/v7-m/libm.a(lib_a-ef_pow.o)
 .rodata.bp     0x000000000800f528        0x8 /Applications/STM32CubeIDE.app/Contents/Eclipse/plugins/com.st.stm32cube.ide.mcu.externaltools.gnu-tools-for-stm32.7-2018-q2-update.macos64_1.0.0.201904181610/tools/bin/../lib/gcc/arm-none-eabi/7.3.1/../../../../arm-none-eabi/lib/thumb/v7-m/libm.a(lib_a-ef_pow.o)
 .rodata.dp_h   0x000000000800f530        0x8 /Applications/STM32CubeIDE.app/Contents/Eclipse/plugins/com.st.stm32cube.ide.mcu.externaltools.gnu-tools-for-stm32.7-2018-q2-update.macos64_1.0.0.201904181610/tools/bin/../lib/gcc/arm-none-eabi/7.3.1/../../../../arm-none-eabi/lib/thumb/v7-m/libm.a(lib_a-ef_pow.o)
 .rodata.dp_l   0x000000000800f538        0x8 /Applications/STM32CubeIDE.app/Contents/Eclipse/plugins/com.st.stm32cube.ide.mcu.externaltools.gnu-tools-for-stm32.7-2018-q2-update.macos64_1.0.0.201904181610/tools/bin/../lib/gcc/arm-none-eabi/7.3.1/../../../../arm-none-eabi/lib/thumb/v7-m/libm.a(lib_a-ef_pow.o)
 .rodata.npio2_hw
                0x000000000800f540       0x80 /Applications/STM32CubeIDE.app/Contents/Eclipse/plugins/com.st.stm32cube.ide.mcu.externaltools.gnu-tools-for-stm32.7-2018-q2-update.macos64_1.0.0.201904181610/tools/bin/../lib/gcc/arm-none-eabi/7.3.1/../../../../arm-none-eabi/lib/thumb/v7-m/libm.a(lib_a-ef_rem_pio2.o)
 .rodata.two_over_pi
                0x000000000800f5c0      0x318 /Applications/STM32CubeIDE.app/Contents/Eclipse/plugins/com.st.stm32cube.ide.mcu.externaltools.gnu-tools-for-stm32.7-2018-q2-update.macos64_1.0.0.201904181610/tools/bin/../lib/gcc/arm-none-eabi/7.3.1/../../../../arm-none-eabi/lib/thumb/v7-m/libm.a(lib_a-ef_rem_pio2.o)
 .rodata.PIo2   0x000000000800f8d8       0x40 /Applications/STM32CubeIDE.app/Contents/Eclipse/plugins/com.st.stm32cube.ide.mcu.externaltools.gnu-tools-for-stm32.7-2018-q2-update.macos64_1.0.0.201904181610/tools/bin/../lib/gcc/arm-none-eabi/7.3.1/../../../../arm-none-eabi/lib/thumb/v7-m/libm.a(lib_a-k_rem_pio2.o)
 .rodata.init_jk
                0x000000000800f918       0x10 /Applications/STM32CubeIDE.app/Contents/Eclipse/plugins/com.st.stm32cube.ide.mcu.externaltools.gnu-tools-for-stm32.7-2018-q2-update.macos64_1.0.0.201904181610/tools/bin/../lib/gcc/arm-none-eabi/7.3.1/../../../../arm-none-eabi/lib/thumb/v7-m/libm.a(lib_a-k_rem_pio2.o)
 .rodata.PIo2   0x000000000800f928       0x2c /Applications/STM32CubeIDE.app/Contents/Eclipse/plugins/com.st.stm32cube.ide.mcu.externaltools.gnu-tools-for-stm32.7-2018-q2-update.macos64_1.0.0.201904181610/tools/bin/../lib/gcc/arm-none-eabi/7.3.1/../../../../arm-none-eabi/lib/thumb/v7-m/libm.a(lib_a-kf_rem_pio2.o)
 .rodata.init_jk
                0x000000000800f954        0xc /Applications/STM32CubeIDE.app/Contents/Eclipse/plugins/com.st.stm32cube.ide.mcu.externaltools.gnu-tools-for-stm32.7-2018-q2-update.macos64_1.0.0.201904181610/tools/bin/../lib/gcc/arm-none-eabi/7.3.1/../../../../arm-none-eabi/lib/thumb/v7-m/libm.a(lib_a-kf_rem_pio2.o)
 .rodata.atanhi
                0x000000000800f960       0x20 /Applications/STM32CubeIDE.app/Contents/Eclipse/plugins/com.st.stm32cube.ide.mcu.externaltools.gnu-tools-for-stm32.7-2018-q2-update.macos64_1.0.0.201904181610/tools/bin/../lib/gcc/arm-none-eabi/7.3.1/../../../../arm-none-eabi/lib/thumb/v7-m/libm.a(lib_a-s_atan.o)
 .rodata.atanlo
                0x000000000800f980       0x20 /Applications/STM32CubeIDE.app/Contents/Eclipse/plugins/com.st.stm32cube.ide.mcu.externaltools.gnu-tools-for-stm32.7-2018-q2-update.macos64_1.0.0.201904181610/tools/bin/../lib/gcc/arm-none-eabi/7.3.1/../../../../arm-none-eabi/lib/thumb/v7-m/libm.a(lib_a-s_atan.o)
 .rodata.TWO52  0x000000000800f9a0       0x10 /Applications/STM32CubeIDE.app/Contents/Eclipse/plugins/com.st.stm32cube.ide.mcu.externaltools.gnu-tools-for-stm32.7-2018-q2-update.macos64_1.0.0.201904181610/tools/bin/../lib/gcc/arm-none-eabi/7.3.1/../../../../arm-none-eabi/lib/thumb/v7-m/libm.a(lib_a-s_rint.o)
 .rodata.atanhi
                0x000000000800f9b0       0x10 /Applications/STM32CubeIDE.app/Contents/Eclipse/plugins/com.st.stm32cube.ide.mcu.externaltools.gnu-tools-for-stm32.7-2018-q2-update.macos64_1.0.0.201904181610/tools/bin/../lib/gcc/arm-none-eabi/7.3.1/../../../../arm-none-eabi/lib/thumb/v7-m/libm.a(lib_a-sf_atan.o)
 .rodata.atanlo
                0x000000000800f9c0       0x10 /Applications/STM32CubeIDE.app/Contents/Eclipse/plugins/com.st.stm32cube.ide.mcu.externaltools.gnu-tools-for-stm32.7-2018-q2-update.macos64_1.0.0.201904181610/tools/bin/../lib/gcc/arm-none-eabi/7.3.1/../../../../arm-none-eabi/lib/thumb/v7-m/libm.a(lib_a-sf_atan.o)
 .rodata.TWO23  0x000000000800f9d0        0x8 /Applications/STM32CubeIDE.app/Contents/Eclipse/plugins/com.st.stm32cube.ide.mcu.externaltools.gnu-tools-for-stm32.7-2018-q2-update.macos64_1.0.0.201904181610/tools/bin/../lib/gcc/arm-none-eabi/7.3.1/../../../../arm-none-eabi/lib/thumb/v7-m/libm.a(lib_a-sf_rint.o)
                0x000000000800f9d8                . = ALIGN (0x4)

.rel.dyn        0x000000000800f9d8        0x0
 .rel.iplt      0x000000000800f9d8        0x0 /Applications/STM32CubeIDE.app/Contents/Eclipse/plugins/com.st.stm32cube.ide.mcu.externaltools.gnu-tools-for-stm32.7-2018-q2-update.macos64_1.0.0.201904181610/tools/bin/../lib/gcc/arm-none-eabi/7.3.1/thumb/v7-m/crtbegin.o

.ARM.extab      0x000000000800f9d8        0x0
                0x000000000800f9d8                . = ALIGN (0x4)
 *(.ARM.extab* .gnu.linkonce.armextab.*)
                0x000000000800f9d8                . = ALIGN (0x4)

.ARM            0x000000000800f9d8        0x0
                0x000000000800f9d8                . = ALIGN (0x4)
                0x000000000800f9d8                __exidx_start = .
 *(.ARM.exidx*)
                0x000000000800f9d8                __exidx_end = .
                0x000000000800f9d8                . = ALIGN (0x4)

.preinit_array  0x000000000800f9d8        0x0
                0x000000000800f9d8                . = ALIGN (0x4)
                0x000000000800f9d8                PROVIDE (__preinit_array_start = .)
 *(.preinit_array*)
                0x000000000800f9d8                PROVIDE (__preinit_array_end = .)
                0x000000000800f9d8                . = ALIGN (0x4)

.init_array     0x000000000800f9d8        0x4
                0x000000000800f9d8                . = ALIGN (0x4)
                0x000000000800f9d8                PROVIDE (__init_array_start = .)
 *(SORT_BY_NAME(.init_array.*))
 *(.init_array*)
 .init_array    0x000000000800f9d8        0x4 /Applications/STM32CubeIDE.app/Contents/Eclipse/plugins/com.st.stm32cube.ide.mcu.externaltools.gnu-tools-for-stm32.7-2018-q2-update.macos64_1.0.0.201904181610/tools/bin/../lib/gcc/arm-none-eabi/7.3.1/thumb/v7-m/crtbegin.o
                0x000000000800f9dc                PROVIDE (__init_array_end = .)
                0x000000000800f9dc                . = ALIGN (0x4)

.fini_array     0x000000000800f9dc        0x4
                0x000000000800f9dc                . = ALIGN (0x4)
                [!provide]                        PROVIDE (__fini_array_start = .)
 *(SORT_BY_NAME(.fini_array.*))
 *(.fini_array*)
 .fini_array    0x000000000800f9dc        0x4 /Applications/STM32CubeIDE.app/Contents/Eclipse/plugins/com.st.stm32cube.ide.mcu.externaltools.gnu-tools-for-stm32.7-2018-q2-update.macos64_1.0.0.201904181610/tools/bin/../lib/gcc/arm-none-eabi/7.3.1/thumb/v7-m/crtbegin.o
                [!provide]                        PROVIDE (__fini_array_end = .)
                0x000000000800f9e0                . = ALIGN (0x4)
                0x000000000800f9e0                _sidata = LOADADDR (.data)

.data           0x0000000020000000       0xb4 load address 0x000000000800f9e0
                0x0000000020000000                . = ALIGN (0x4)
                0x0000000020000000                _sdata = .
 *(.data)
 *(.data*)
 .data.q0       0x0000000020000000        0x4 Core/Src/MadgwickAHRS.o
                0x0000000020000000                q0
 .data.Filter_weight_RP_global
                0x0000000020000004        0x4 Core/Src/freertos.o
                0x0000000020000004                Filter_weight_RP_global
 .data.Filter_weight_Y_global
                0x0000000020000008        0x4 Core/Src/freertos.o
                0x0000000020000008                Filter_weight_Y_global
 .data.Kalman_filter_process_variance_RP
                0x000000002000000c        0x4 Core/Src/freertos.o
                0x000000002000000c                Kalman_filter_process_variance_RP
 .data.Kalman_filter_measure_variance_RP
                0x0000000020000010        0x4 Core/Src/freertos.o
                0x0000000020000010                Kalman_filter_measure_variance_RP
 .data.Kalman_filter_process_variance_Y
                0x0000000020000014        0x4 Core/Src/freertos.o
                0x0000000020000014                Kalman_filter_process_variance_Y
 .data.Kalman_filter_measure_variance_Y
                0x0000000020000018        0x4 Core/Src/freertos.o
                0x0000000020000018                Kalman_filter_measure_variance_Y
 .data.Madgwick_filter_beta
                0x000000002000001c        0x4 Core/Src/freertos.o
                0x000000002000001c                Madgwick_filter_beta
 .data.HC05_handle
                0x0000000020000020        0x4 Core/Src/freertos.o
                0x0000000020000020                HC05_handle
 .data.r11      0x0000000020000024        0x4 Core/Src/mpu9250.o
                0x0000000020000024                r11
 .data.r22      0x0000000020000028        0x4 Core/Src/mpu9250.o
                0x0000000020000028                r22
 .data.r33      0x000000002000002c        0x4 Core/Src/mpu9250.o
                0x000000002000002c                r33
 .data.r11p     0x0000000020000030        0x4 Core/Src/mpu9250.o
                0x0000000020000030                r11p
 .data.r22p     0x0000000020000034        0x4 Core/Src/mpu9250.o
                0x0000000020000034                r22p
 .data.r33p     0x0000000020000038        0x4 Core/Src/mpu9250.o
                0x0000000020000038                r33p
 .data.SystemCoreClock
                0x000000002000003c        0x4 Core/Src/system_stm32f1xx.o
                0x000000002000003c                SystemCoreClock
 .data.uwTickPrio
                0x0000000020000040        0x4 Drivers/STM32F1xx_HAL_Driver/Src/stm32f1xx_hal.o
                0x0000000020000040                uwTickPrio
 .data.uwTickFreq
                0x0000000020000044        0x1 Drivers/STM32F1xx_HAL_Driver/Src/stm32f1xx_hal.o
                0x0000000020000044                uwTickFreq
 *fill*         0x0000000020000045        0x3 
 .data.uxCriticalNesting
                0x0000000020000048        0x4 Middlewares/Third_Party/FreeRTOS/Source/portable/GCC/ARM_CM3/port.o
 .data._impure_ptr
                0x000000002000004c        0x4 /Applications/STM32CubeIDE.app/Contents/Eclipse/plugins/com.st.stm32cube.ide.mcu.externaltools.gnu-tools-for-stm32.7-2018-q2-update.macos64_1.0.0.201904181610/tools/bin/../lib/gcc/arm-none-eabi/7.3.1/../../../../arm-none-eabi/lib/thumb/v7-m/libc_nano.a(lib_a-impure.o)
                0x000000002000004c                _impure_ptr
 .data.impure_data
                0x0000000020000050       0x60 /Applications/STM32CubeIDE.app/Contents/Eclipse/plugins/com.st.stm32cube.ide.mcu.externaltools.gnu-tools-for-stm32.7-2018-q2-update.macos64_1.0.0.201904181610/tools/bin/../lib/gcc/arm-none-eabi/7.3.1/../../../../arm-none-eabi/lib/thumb/v7-m/libc_nano.a(lib_a-impure.o)
 .data.__fdlib_version
                0x00000000200000b0        0x1 /Applications/STM32CubeIDE.app/Contents/Eclipse/plugins/com.st.stm32cube.ide.mcu.externaltools.gnu-tools-for-stm32.7-2018-q2-update.macos64_1.0.0.201904181610/tools/bin/../lib/gcc/arm-none-eabi/7.3.1/../../../../arm-none-eabi/lib/thumb/v7-m/libm.a(lib_a-s_lib_ver.o)
                0x00000000200000b0                __fdlib_version
                0x00000000200000b4                . = ALIGN (0x4)
 *fill*         0x00000000200000b1        0x3 
                0x00000000200000b4                _edata = .

.igot.plt       0x00000000200000b4        0x0 load address 0x000000000800fa94
 .igot.plt      0x00000000200000b4        0x0 /Applications/STM32CubeIDE.app/Contents/Eclipse/plugins/com.st.stm32cube.ide.mcu.externaltools.gnu-tools-for-stm32.7-2018-q2-update.macos64_1.0.0.201904181610/tools/bin/../lib/gcc/arm-none-eabi/7.3.1/thumb/v7-m/crtbegin.o
                0x00000000200000b4                . = ALIGN (0x4)

.bss            0x00000000200000b8     0x3564 load address 0x000000000800fa94
                0x00000000200000b8                _sbss = .
                0x00000000200000b8                __bss_start__ = _sbss
 *(.bss)
 .bss           0x00000000200000b8       0x1c /Applications/STM32CubeIDE.app/Contents/Eclipse/plugins/com.st.stm32cube.ide.mcu.externaltools.gnu-tools-for-stm32.7-2018-q2-update.macos64_1.0.0.201904181610/tools/bin/../lib/gcc/arm-none-eabi/7.3.1/thumb/v7-m/crtbegin.o
 *(.bss*)
 .bss.q1        0x00000000200000d4        0x4 Core/Src/MadgwickAHRS.o
                0x00000000200000d4                q1
 .bss.q2        0x00000000200000d8        0x4 Core/Src/MadgwickAHRS.o
                0x00000000200000d8                q2
 .bss.q3        0x00000000200000dc        0x4 Core/Src/MadgwickAHRS.o
                0x00000000200000dc                q3
 .bss.a_x_g_global
                0x00000000200000e0        0x4 Core/Src/freertos.o
                0x00000000200000e0                a_x_g_global
 .bss.a_y_g_global
                0x00000000200000e4        0x4 Core/Src/freertos.o
                0x00000000200000e4                a_y_g_global
 .bss.a_z_g_global
                0x00000000200000e8        0x4 Core/Src/freertos.o
                0x00000000200000e8                a_z_g_global
 .bss.g_x_dgs_global
                0x00000000200000ec        0x4 Core/Src/freertos.o
                0x00000000200000ec                g_x_dgs_global
 .bss.g_y_dgs_global
                0x00000000200000f0        0x4 Core/Src/freertos.o
                0x00000000200000f0                g_y_dgs_global
 .bss.g_z_dgs_global
                0x00000000200000f4        0x4 Core/Src/freertos.o
                0x00000000200000f4                g_z_dgs_global
 .bss.m_x_uT_global
                0x00000000200000f8        0x4 Core/Src/freertos.o
                0x00000000200000f8                m_x_uT_global
 .bss.m_y_uT_global
                0x00000000200000fc        0x4 Core/Src/freertos.o
                0x00000000200000fc                m_y_uT_global
 .bss.m_z_uT_global
                0x0000000020000100        0x4 Core/Src/freertos.o
                0x0000000020000100                m_z_uT_global
 .bss.a_roll_global
                0x0000000020000104        0x4 Core/Src/freertos.o
                0x0000000020000104                a_roll_global
 .bss.a_pitch_global
                0x0000000020000108        0x4 Core/Src/freertos.o
                0x0000000020000108                a_pitch_global
 .bss.g_roll_global
                0x000000002000010c        0x4 Core/Src/freertos.o
                0x000000002000010c                g_roll_global
 .bss.g_pitch_global
                0x0000000020000110        0x4 Core/Src/freertos.o
                0x0000000020000110                g_pitch_global
 .bss.g_yaw_global
                0x0000000020000114        0x4 Core/Src/freertos.o
                0x0000000020000114                g_yaw_global
 .bss.m_yaw_global
                0x0000000020000118        0x4 Core/Src/freertos.o
                0x0000000020000118                m_yaw_global
 .bss.a_x_offset_global
                0x000000002000011c        0x4 Core/Src/freertos.o
                0x000000002000011c                a_x_offset_global
 .bss.a_y_offset_global
                0x0000000020000120        0x4 Core/Src/freertos.o
                0x0000000020000120                a_y_offset_global
 .bss.a_z_offset_global
                0x0000000020000124        0x4 Core/Src/freertos.o
                0x0000000020000124                a_z_offset_global
 .bss.g_x_offset_global
                0x0000000020000128        0x4 Core/Src/freertos.o
                0x0000000020000128                g_x_offset_global
 .bss.g_y_offset_global
                0x000000002000012c        0x4 Core/Src/freertos.o
                0x000000002000012c                g_y_offset_global
 .bss.g_z_offset_global
                0x0000000020000130        0x4 Core/Src/freertos.o
                0x0000000020000130                g_z_offset_global
 .bss.m_x_offset_global
                0x0000000020000134        0x4 Core/Src/freertos.o
                0x0000000020000134                m_x_offset_global
 .bss.m_y_offset_global
                0x0000000020000138        0x4 Core/Src/freertos.o
                0x0000000020000138                m_y_offset_global
 .bss.m_z_offset_global
                0x000000002000013c        0x4 Core/Src/freertos.o
                0x000000002000013c                m_z_offset_global
 .bss.m_x_scale_global
                0x0000000020000140        0x4 Core/Src/freertos.o
                0x0000000020000140                m_x_scale_global
 .bss.Complementary_Roll_global
                0x0000000020000144        0x4 Core/Src/freertos.o
                0x0000000020000144                Complementary_Roll_global
 .bss.Complementary_Pitch_global
                0x0000000020000148        0x4 Core/Src/freertos.o
                0x0000000020000148                Complementary_Pitch_global
 .bss.Complementary_Yaw_global
                0x000000002000014c        0x4 Core/Src/freertos.o
                0x000000002000014c                Complementary_Yaw_global
 .bss.Kalman_Roll_global
                0x0000000020000150        0x4 Core/Src/freertos.o
                0x0000000020000150                Kalman_Roll_global
 .bss.Kalman_Pitch_global
                0x0000000020000154        0x4 Core/Src/freertos.o
                0x0000000020000154                Kalman_Pitch_global
 .bss.Kalman_Yaw_global
                0x0000000020000158        0x4 Core/Src/freertos.o
                0x0000000020000158                Kalman_Yaw_global
 .bss.Madgwick_Roll_global
                0x000000002000015c        0x4 Core/Src/freertos.o
                0x000000002000015c                Madgwick_Roll_global
 .bss.Madgwick_Pitch_global
                0x0000000020000160        0x4 Core/Src/freertos.o
                0x0000000020000160                Madgwick_Pitch_global
 .bss.Madgwick_Yaw_global
                0x0000000020000164        0x4 Core/Src/freertos.o
                0x0000000020000164                Madgwick_Yaw_global
 .bss.dt        0x0000000020000168        0x8 Core/Src/freertos.o
                0x0000000020000168                dt
 .bss.Which_filter_global
                0x0000000020000170        0x1 Core/Src/freertos.o
                0x0000000020000170                Which_filter_global
 *fill*         0x0000000020000171        0x3 
 .bss.xIdleTaskTCBBuffer
                0x0000000020000174       0x54 Core/Src/freertos.o
 .bss.xIdleStack
                0x00000000200001c8      0x200 Core/Src/freertos.o
 .bss.r12       0x00000000200003c8        0x4 Core/Src/mpu9250.o
                0x00000000200003c8                r12
 .bss.r13       0x00000000200003cc        0x4 Core/Src/mpu9250.o
                0x00000000200003cc                r13
 .bss.r21       0x00000000200003d0        0x4 Core/Src/mpu9250.o
                0x00000000200003d0                r21
 .bss.r23       0x00000000200003d4        0x4 Core/Src/mpu9250.o
                0x00000000200003d4                r23
 .bss.r31       0x00000000200003d8        0x4 Core/Src/mpu9250.o
                0x00000000200003d8                r31
 .bss.r32       0x00000000200003dc        0x4 Core/Src/mpu9250.o
                0x00000000200003dc                r32
 .bss.r12p      0x00000000200003e0        0x4 Core/Src/mpu9250.o
                0x00000000200003e0                r12p
 .bss.r13p      0x00000000200003e4        0x4 Core/Src/mpu9250.o
                0x00000000200003e4                r13p
 .bss.r21p      0x00000000200003e8        0x4 Core/Src/mpu9250.o
                0x00000000200003e8                r21p
 .bss.r23p      0x00000000200003ec        0x4 Core/Src/mpu9250.o
                0x00000000200003ec                r23p
 .bss.r31p      0x00000000200003f0        0x4 Core/Src/mpu9250.o
                0x00000000200003f0                r31p
 .bss.r32p      0x00000000200003f4        0x4 Core/Src/mpu9250.o
                0x00000000200003f4                r32p
 .bss.pxCurrentTCB
                0x00000000200003f8        0x4 Middlewares/Third_Party/FreeRTOS/Source/tasks.o
                0x00000000200003f8                pxCurrentTCB
 .bss.pxReadyTasksLists
                0x00000000200003fc       0x8c Middlewares/Third_Party/FreeRTOS/Source/tasks.o
 .bss.xDelayedTaskList1
                0x0000000020000488       0x14 Middlewares/Third_Party/FreeRTOS/Source/tasks.o
 .bss.xDelayedTaskList2
                0x000000002000049c       0x14 Middlewares/Third_Party/FreeRTOS/Source/tasks.o
 .bss.pxDelayedTaskList
                0x00000000200004b0        0x4 Middlewares/Third_Party/FreeRTOS/Source/tasks.o
 .bss.pxOverflowDelayedTaskList
                0x00000000200004b4        0x4 Middlewares/Third_Party/FreeRTOS/Source/tasks.o
 .bss.xPendingReadyList
                0x00000000200004b8       0x14 Middlewares/Third_Party/FreeRTOS/Source/tasks.o
 .bss.xTasksWaitingTermination
                0x00000000200004cc       0x14 Middlewares/Third_Party/FreeRTOS/Source/tasks.o
 .bss.uxDeletedTasksWaitingCleanUp
                0x00000000200004e0        0x4 Middlewares/Third_Party/FreeRTOS/Source/tasks.o
 .bss.xSuspendedTaskList
                0x00000000200004e4       0x14 Middlewares/Third_Party/FreeRTOS/Source/tasks.o
 .bss.uxCurrentNumberOfTasks
                0x00000000200004f8        0x4 Middlewares/Third_Party/FreeRTOS/Source/tasks.o
 .bss.xTickCount
                0x00000000200004fc        0x4 Middlewares/Third_Party/FreeRTOS/Source/tasks.o
 .bss.uxTopReadyPriority
                0x0000000020000500        0x4 Middlewares/Third_Party/FreeRTOS/Source/tasks.o
 .bss.xSchedulerRunning
                0x0000000020000504        0x4 Middlewares/Third_Party/FreeRTOS/Source/tasks.o
 .bss.uxPendedTicks
                0x0000000020000508        0x4 Middlewares/Third_Party/FreeRTOS/Source/tasks.o
 .bss.xYieldPending
                0x000000002000050c        0x4 Middlewares/Third_Party/FreeRTOS/Source/tasks.o
 .bss.xNumOfOverflows
                0x0000000020000510        0x4 Middlewares/Third_Party/FreeRTOS/Source/tasks.o
 .bss.uxTaskNumber
                0x0000000020000514        0x4 Middlewares/Third_Party/FreeRTOS/Source/tasks.o
 .bss.xNextTaskUnblockTime
                0x0000000020000518        0x4 Middlewares/Third_Party/FreeRTOS/Source/tasks.o
 .bss.xIdleTaskHandle
                0x000000002000051c        0x4 Middlewares/Third_Party/FreeRTOS/Source/tasks.o
 .bss.uxSchedulerSuspended
                0x0000000020000520        0x4 Middlewares/Third_Party/FreeRTOS/Source/tasks.o
 .bss.ucMaxSysCallPriority
                0x0000000020000524        0x1 Middlewares/Third_Party/FreeRTOS/Source/portable/GCC/ARM_CM3/port.o
 *fill*         0x0000000020000525        0x3 
 .bss.ulMaxPRIGROUPValue
                0x0000000020000528        0x4 Middlewares/Third_Party/FreeRTOS/Source/portable/GCC/ARM_CM3/port.o
 .bss.ucHeap    0x000000002000052c     0x2ee0 Middlewares/Third_Party/FreeRTOS/Source/portable/MemMang/heap_4.o
 .bss.xStart    0x000000002000340c        0x8 Middlewares/Third_Party/FreeRTOS/Source/portable/MemMang/heap_4.o
 .bss.pxEnd     0x0000000020003414        0x4 Middlewares/Third_Party/FreeRTOS/Source/portable/MemMang/heap_4.o
 .bss.xFreeBytesRemaining
                0x0000000020003418        0x4 Middlewares/Third_Party/FreeRTOS/Source/portable/MemMang/heap_4.o
 .bss.xMinimumEverFreeBytesRemaining
                0x000000002000341c        0x4 Middlewares/Third_Party/FreeRTOS/Source/portable/MemMang/heap_4.o
 .bss.xBlockAllocatedBit
                0x0000000020003420        0x4 Middlewares/Third_Party/FreeRTOS/Source/portable/MemMang/heap_4.o
 *(COMMON)
 COMMON         0x0000000020003424       0x4e Core/Src/freertos.o
                0x0000000020003424                DF_PC
                0x0000000020003434                IMU_TaskHandle
                0x0000000020003438                USART_TaskHandle
                0x000000002000343c                Data_from_PC
                0x0000000020003448                Data_to_PC
                0x0000000020003460                DT_PC
 *fill*         0x0000000020003472        0x2 
 COMMON         0x0000000020003474       0xdc Core/Src/i2c.o
                0x0000000020003474                hdma_i2c1_tx
                0x00000000200034b8                hi2c1
                0x000000002000350c                hdma_i2c1_rx
 COMMON         0x0000000020003550       0xc8 Core/Src/usart.o
                0x0000000020003550                hdma_usart1_tx